[0.008s] Invoking command in '/home/kiki/sentinel_ws/build/dreame_lds_ros2': CMAKE_PREFIX_PATH=${CMAKE_PREFIX_PATH}:/opt/ros/jazzy DEBUGINFOD_URLS=https://debuginfod.ubuntu.com /usr/bin/cmake --build /home/kiki/sentinel_ws/build/dreame_lds_ros2 -- -j20 -l20
[0.051s] [100%] Built target dreame_lds_node
[0.058s] Invoked command in '/home/kiki/sentinel_ws/build/dreame_lds_ros2' returned '0': CMAKE_PREFIX_PATH=${CMAKE_PREFIX_PATH}:/opt/ros/jazzy DEBUGINFOD_URLS=https://debuginfod.ubuntu.com /usr/bin/cmake --build /home/kiki/sentinel_ws/build/dreame_lds_ros2 -- -j20 -l20
[0.067s] Invoking command in '/home/kiki/sentinel_ws/build/dreame_lds_ros2': CMAKE_PREFIX_PATH=${CMAKE_PREFIX_PATH}:/opt/ros/jazzy DEBUGINFOD_URLS=https://debuginfod.ubuntu.com /usr/bin/cmake --install /home/kiki/sentinel_ws/build/dreame_lds_ros2
[0.074s] -- Install configuration: ""
[0.074s] -- Execute custom install script
[0.075s] -- Up-to-date symlink: /home/kiki/sentinel_ws/install/dreame_lds_ros2/lib/dreame_lds_ros2/dreame_lds_node
[0.075s] -- Up-to-date symlink: /home/kiki/sentinel_ws/install/dreame_lds_ros2/share/dreame_lds_ros2/launch/dreame_lds.launch.py
[0.075s] -- Up-to-date symlink: /home/kiki/sentinel_ws/install/dreame_lds_ros2/share/dreame_lds_ros2/config/dreame_lds.rviz
[0.075s] -- Up-to-date symlink: /home/kiki/sentinel_ws/install/dreame_lds_ros2/share/dreame_lds_ros2/params/dreame_lds.yaml
[0.076s] -- Up-to-date symlink: /home/kiki/sentinel_ws/install/dreame_lds_ros2/share/ament_index/resource_index/package_run_dependencies/dreame_lds_ros2
[0.076s] -- Up-to-date symlink: /home/kiki/sentinel_ws/install/dreame_lds_ros2/share/ament_index/resource_index/parent_prefix_path/dreame_lds_ros2
[0.076s] -- Up-to-date symlink: /home/kiki/sentinel_ws/install/dreame_lds_ros2/share/dreame_lds_ros2/environment/ament_prefix_path.sh
[0.076s] -- Up-to-date symlink: /home/kiki/sentinel_ws/install/dreame_lds_ros2/share/dreame_lds_ros2/environment/ament_prefix_path.dsv
[0.076s] -- Up-to-date symlink: /home/kiki/sentinel_ws/install/dreame_lds_ros2/share/dreame_lds_ros2/environment/path.sh
[0.076s] -- Up-to-date symlink: /home/kiki/sentinel_ws/install/dreame_lds_ros2/share/dreame_lds_ros2/environment/path.dsv
[0.076s] -- Up-to-date symlink: /home/kiki/sentinel_ws/install/dreame_lds_ros2/share/dreame_lds_ros2/local_setup.bash
[0.076s] -- Up-to-date symlink: /home/kiki/sentinel_ws/install/dreame_lds_ros2/share/dreame_lds_ros2/local_setup.sh
[0.076s] -- Up-to-date symlink: /home/kiki/sentinel_ws/install/dreame_lds_ros2/share/dreame_lds_ros2/local_setup.zsh
[0.076s] -- Up-to-date symlink: /home/kiki/sentinel_ws/install/dreame_lds_ros2/share/dreame_lds_ros2/local_setup.dsv
[0.076s] -- Symlinking: /home/kiki/sentinel_ws/install/dreame_lds_ros2/share/dreame_lds_ros2/package.dsv
[0.083s] -- Up-to-date symlink: /home/kiki/sentinel_ws/install/dreame_lds_ros2/share/ament_index/resource_index/packages/dreame_lds_ros2
[0.083s] -- Up-to-date symlink: /home/kiki/sentinel_ws/install/dreame_lds_ros2/share/dreame_lds_ros2/cmake/dreame_lds_ros2Config.cmake
[0.083s] -- Up-to-date symlink: /home/kiki/sentinel_ws/install/dreame_lds_ros2/share/dreame_lds_ros2/cmake/dreame_lds_ros2Config-version.cmake
[0.083s] -- Up-to-date symlink: /home/kiki/sentinel_ws/install/dreame_lds_ros2/share/dreame_lds_ros2/package.xml
[0.084s] Invoked command in '/home/kiki/sentinel_ws/build/dreame_lds_ros2' returned '0': CMAKE_PREFIX_PATH=${CMAKE_PREFIX_PATH}:/opt/ros/jazzy DEBUGINFOD_URLS=https://debuginfod.ubuntu.com /usr/bin/cmake --install /home/kiki/sentinel_ws/build/dreame_lds_ros2
