[0.055s] DEBUG:colcon:Command line arguments: ['/usr/bin/colcon', 'build', '--symlink-install']
[0.055s] DEBUG:colcon:Parsed command line arguments: Namespace(log_base=None, log_level=None, verb_name='build', build_base='build', install_base='install', merge_install=False, symlink_install=True, test_result_base=None, continue_on_error=False, executor='parallel', parallel_workers=20, event_handlers=None, ignore_user_meta=False, metas=['./colcon.meta'], base_paths=['.'], packages_ignore=None, packages_ignore_regex=None, paths=None, packages_up_to=None, packages_up_to_regex=None, packages_above=None, packages_above_and_dependencies=None, packages_above_depth=None, packages_select_by_dep=None, packages_skip_by_dep=None, packages_skip_up_to=None, packages_select_build_failed=False, packages_skip_build_finished=False, packages_select_test_failures=False, packages_skip_test_passed=False, packages_select=None, packages_skip=None, packages_select_regex=None, packages_skip_regex=None, packages_start=None, packages_end=None, allow_overriding=[], cmake_args=None, cmake_target=None, cmake_target_skip_unavailable=False, cmake_clean_cache=False, cmake_clean_first=False, cmake_force_configure=False, ament_cmake_args=None, catkin_cmake_args=None, catkin_skip_building_tests=False, mixin_files=None, mixin=None, verb_parser=<colcon_mixin.mixin.mixin_argument.MixinArgumentDecorator object at 0x7d93d2596510>, verb_extension=<colcon_core.verb.build.BuildVerb object at 0x7d93d2548260>, main=<bound method BuildVerb.main of <colcon_core.verb.build.BuildVerb object at 0x7d93d2548260>>, mixin_verb=('build',))
[0.075s] Level 1:colcon.colcon_core.package_discovery:discover_packages(colcon_meta) check parameters
[0.075s] Level 1:colcon.colcon_core.package_discovery:discover_packages(recursive) check parameters
[0.075s] Level 1:colcon.colcon_core.package_discovery:discover_packages(ignore) check parameters
[0.075s] Level 1:colcon.colcon_core.package_discovery:discover_packages(path) check parameters
[0.075s] Level 1:colcon.colcon_core.package_discovery:discover_packages(colcon_meta) discover
[0.075s] Level 1:colcon.colcon_core.package_discovery:discover_packages(recursive) discover
[0.075s] INFO:colcon.colcon_core.package_discovery:Crawling recursively for packages in '/home/kiki/sentinel_ws'
[0.075s] Level 1:colcon.colcon_core.package_identification:_identify(.) by extensions ['ignore', 'ignore_ament_install']
[0.075s] Level 1:colcon.colcon_core.package_identification:_identify(.) by extension 'ignore'
[0.075s] Level 1:colcon.colcon_core.package_identification:_identify(.) by extension 'ignore_ament_install'
[0.075s] Level 1:colcon.colcon_core.package_identification:_identify(.) by extensions ['colcon_pkg']
[0.075s] Level 1:colcon.colcon_core.package_identification:_identify(.) by extension 'colcon_pkg'
[0.075s] Level 1:colcon.colcon_core.package_identification:_identify(.) by extensions ['colcon_meta']
[0.075s] Level 1:colcon.colcon_core.package_identification:_identify(.) by extension 'colcon_meta'
[0.075s] Level 1:colcon.colcon_core.package_identification:_identify(.) by extensions ['ros']
[0.075s] Level 1:colcon.colcon_core.package_identification:_identify(.) by extension 'ros'
[0.089s] Level 1:colcon.colcon_core.package_identification:_identify(.) by extensions ['cmake', 'python']
[0.089s] Level 1:colcon.colcon_core.package_identification:_identify(.) by extension 'cmake'
[0.089s] Level 1:colcon.colcon_core.package_identification:_identify(.) by extension 'python'
[0.089s] Level 1:colcon.colcon_core.package_identification:_identify(.) by extensions ['python_setup_py']
[0.089s] Level 1:colcon.colcon_core.package_identification:_identify(.) by extension 'python_setup_py'
[0.089s] Level 1:colcon.colcon_core.package_identification:_identify(build) by extensions ['ignore', 'ignore_ament_install']
[0.089s] Level 1:colcon.colcon_core.package_identification:_identify(build) by extension 'ignore'
[0.089s] Level 1:colcon.colcon_core.package_identification:_identify(build) ignored
[0.089s] Level 1:colcon.colcon_core.package_identification:_identify(install) by extensions ['ignore', 'ignore_ament_install']
[0.089s] Level 1:colcon.colcon_core.package_identification:_identify(install) by extension 'ignore'
[0.089s] Level 1:colcon.colcon_core.package_identification:_identify(install) ignored
[0.089s] Level 1:colcon.colcon_core.package_identification:_identify(log) by extensions ['ignore', 'ignore_ament_install']
[0.089s] Level 1:colcon.colcon_core.package_identification:_identify(log) by extension 'ignore'
[0.089s] Level 1:colcon.colcon_core.package_identification:_identify(log) ignored
[0.089s] Level 1:colcon.colcon_core.package_identification:_identify(src) by extensions ['ignore', 'ignore_ament_install']
[0.089s] Level 1:colcon.colcon_core.package_identification:_identify(src) by extension 'ignore'
[0.089s] Level 1:colcon.colcon_core.package_identification:_identify(src) by extension 'ignore_ament_install'
[0.089s] Level 1:colcon.colcon_core.package_identification:_identify(src) by extensions ['colcon_pkg']
[0.089s] Level 1:colcon.colcon_core.package_identification:_identify(src) by extension 'colcon_pkg'
[0.089s] Level 1:colcon.colcon_core.package_identification:_identify(src) by extensions ['colcon_meta']
[0.089s] Level 1:colcon.colcon_core.package_identification:_identify(src) by extension 'colcon_meta'
[0.089s] Level 1:colcon.colcon_core.package_identification:_identify(src) by extensions ['ros']
[0.089s] Level 1:colcon.colcon_core.package_identification:_identify(src) by extension 'ros'
[0.089s] Level 1:colcon.colcon_core.package_identification:_identify(src) by extensions ['cmake', 'python']
[0.089s] Level 1:colcon.colcon_core.package_identification:_identify(src) by extension 'cmake'
[0.089s] Level 1:colcon.colcon_core.package_identification:_identify(src) by extension 'python'
[0.089s] Level 1:colcon.colcon_core.package_identification:_identify(src) by extensions ['python_setup_py']
[0.089s] Level 1:colcon.colcon_core.package_identification:_identify(src) by extension 'python_setup_py'
[0.090s] Level 1:colcon.colcon_core.package_identification:_identify(src/diffdrive_arduino) by extensions ['ignore', 'ignore_ament_install']
[0.090s] Level 1:colcon.colcon_core.package_identification:_identify(src/diffdrive_arduino) by extension 'ignore'
[0.090s] Level 1:colcon.colcon_core.package_identification:_identify(src/diffdrive_arduino) by extension 'ignore_ament_install'
[0.090s] Level 1:colcon.colcon_core.package_identification:_identify(src/diffdrive_arduino) by extensions ['colcon_pkg']
[0.090s] Level 1:colcon.colcon_core.package_identification:_identify(src/diffdrive_arduino) by extension 'colcon_pkg'
[0.090s] Level 1:colcon.colcon_core.package_identification:_identify(src/diffdrive_arduino) by extensions ['colcon_meta']
[0.090s] Level 1:colcon.colcon_core.package_identification:_identify(src/diffdrive_arduino) by extension 'colcon_meta'
[0.090s] Level 1:colcon.colcon_core.package_identification:_identify(src/diffdrive_arduino) by extensions ['ros']
[0.090s] Level 1:colcon.colcon_core.package_identification:_identify(src/diffdrive_arduino) by extension 'ros'
[0.091s] DEBUG:colcon.colcon_core.package_identification:Package 'src/diffdrive_arduino' with type 'ros.ament_cmake' and name 'diffdrive_arduino'
[0.091s] Level 1:colcon.colcon_core.package_identification:_identify(src/dreame_lds_ros2) by extensions ['ignore', 'ignore_ament_install']
[0.091s] Level 1:colcon.colcon_core.package_identification:_identify(src/dreame_lds_ros2) by extension 'ignore'
[0.091s] Level 1:colcon.colcon_core.package_identification:_identify(src/dreame_lds_ros2) by extension 'ignore_ament_install'
[0.091s] Level 1:colcon.colcon_core.package_identification:_identify(src/dreame_lds_ros2) by extensions ['colcon_pkg']
[0.091s] Level 1:colcon.colcon_core.package_identification:_identify(src/dreame_lds_ros2) by extension 'colcon_pkg'
[0.091s] Level 1:colcon.colcon_core.package_identification:_identify(src/dreame_lds_ros2) by extensions ['colcon_meta']
[0.091s] Level 1:colcon.colcon_core.package_identification:_identify(src/dreame_lds_ros2) by extension 'colcon_meta'
[0.091s] Level 1:colcon.colcon_core.package_identification:_identify(src/dreame_lds_ros2) by extensions ['ros']
[0.091s] Level 1:colcon.colcon_core.package_identification:_identify(src/dreame_lds_ros2) by extension 'ros'
[0.092s] DEBUG:colcon.colcon_core.package_identification:Package 'src/dreame_lds_ros2' with type 'ros.ament_cmake' and name 'dreame_lds_ros2'
[0.092s] Level 1:colcon.colcon_core.package_identification:_identify(src/sentinel_publisher) by extensions ['ignore', 'ignore_ament_install']
[0.092s] Level 1:colcon.colcon_core.package_identification:_identify(src/sentinel_publisher) by extension 'ignore'
[0.092s] Level 1:colcon.colcon_core.package_identification:_identify(src/sentinel_publisher) by extension 'ignore_ament_install'
[0.092s] Level 1:colcon.colcon_core.package_identification:_identify(src/sentinel_publisher) by extensions ['colcon_pkg']
[0.092s] Level 1:colcon.colcon_core.package_identification:_identify(src/sentinel_publisher) by extension 'colcon_pkg'
[0.092s] Level 1:colcon.colcon_core.package_identification:_identify(src/sentinel_publisher) by extensions ['colcon_meta']
[0.092s] Level 1:colcon.colcon_core.package_identification:_identify(src/sentinel_publisher) by extension 'colcon_meta'
[0.092s] Level 1:colcon.colcon_core.package_identification:_identify(src/sentinel_publisher) by extensions ['ros']
[0.092s] Level 1:colcon.colcon_core.package_identification:_identify(src/sentinel_publisher) by extension 'ros'
[0.092s] DEBUG:colcon.colcon_core.package_identification:Package 'src/sentinel_publisher' with type 'ros.ament_cmake' and name 'sentinel_publisher'
[0.092s] Level 1:colcon.colcon_core.package_identification:_identify(src/serial) by extensions ['ignore', 'ignore_ament_install']
[0.092s] Level 1:colcon.colcon_core.package_identification:_identify(src/serial) by extension 'ignore'
[0.092s] Level 1:colcon.colcon_core.package_identification:_identify(src/serial) by extension 'ignore_ament_install'
[0.092s] Level 1:colcon.colcon_core.package_identification:_identify(src/serial) by extensions ['colcon_pkg']
[0.092s] Level 1:colcon.colcon_core.package_identification:_identify(src/serial) by extension 'colcon_pkg'
[0.092s] Level 1:colcon.colcon_core.package_identification:_identify(src/serial) by extensions ['colcon_meta']
[0.092s] Level 1:colcon.colcon_core.package_identification:_identify(src/serial) by extension 'colcon_meta'
[0.093s] Level 1:colcon.colcon_core.package_identification:_identify(src/serial) by extensions ['ros']
[0.093s] Level 1:colcon.colcon_core.package_identification:_identify(src/serial) by extension 'ros'
[0.093s] DEBUG:colcon.colcon_core.package_identification:Package 'src/serial' with type 'ros.ament_cmake' and name 'serial'
[0.093s] Level 1:colcon.colcon_core.package_discovery:discover_packages(recursive) using defaults
[0.093s] Level 1:colcon.colcon_core.package_discovery:discover_packages(ignore) discover
[0.093s] Level 1:colcon.colcon_core.package_discovery:discover_packages(ignore) using defaults
[0.093s] Level 1:colcon.colcon_core.package_discovery:discover_packages(path) discover
[0.093s] Level 1:colcon.colcon_core.package_discovery:discover_packages(path) using defaults
[0.102s] Level 1:colcon.colcon_core.package_discovery:discover_packages(prefix_path) check parameters
[0.102s] Level 1:colcon.colcon_core.package_discovery:discover_packages(prefix_path) discover
[0.104s] DEBUG:colcon.colcon_installed_package_information.package_discovery:Found 426 installed packages in /opt/ros/jazzy
[0.105s] Level 1:colcon.colcon_core.package_discovery:discover_packages(prefix_path) using defaults
[0.129s] Level 5:colcon.colcon_core.verb:set package 'dreame_lds_ros2' build argument 'cmake_args' from command line to 'None'
[0.129s] Level 5:colcon.colcon_core.verb:set package 'dreame_lds_ros2' build argument 'cmake_target' from command line to 'None'
[0.129s] Level 5:colcon.colcon_core.verb:set package 'dreame_lds_ros2' build argument 'cmake_target_skip_unavailable' from command line to 'False'
[0.129s] Level 5:colcon.colcon_core.verb:set package 'dreame_lds_ros2' build argument 'cmake_clean_cache' from command line to 'False'
[0.129s] Level 5:colcon.colcon_core.verb:set package 'dreame_lds_ros2' build argument 'cmake_clean_first' from command line to 'False'
[0.129s] Level 5:colcon.colcon_core.verb:set package 'dreame_lds_ros2' build argument 'cmake_force_configure' from command line to 'False'
[0.129s] Level 5:colcon.colcon_core.verb:set package 'dreame_lds_ros2' build argument 'ament_cmake_args' from command line to 'None'
[0.129s] Level 5:colcon.colcon_core.verb:set package 'dreame_lds_ros2' build argument 'catkin_cmake_args' from command line to 'None'
[0.129s] Level 5:colcon.colcon_core.verb:set package 'dreame_lds_ros2' build argument 'catkin_skip_building_tests' from command line to 'False'
[0.129s] DEBUG:colcon.colcon_core.verb:Building package 'dreame_lds_ros2' with the following arguments: {'ament_cmake_args': None, 'build_base': '/home/kiki/sentinel_ws/build/dreame_lds_ros2', 'catkin_cmake_args': None, 'catkin_skip_building_tests': False, 'cmake_args': None, 'cmake_clean_cache': False, 'cmake_clean_first': False, 'cmake_force_configure': False, 'cmake_target': None, 'cmake_target_skip_unavailable': False, 'install_base': '/home/kiki/sentinel_ws/install/dreame_lds_ros2', 'merge_install': False, 'path': '/home/kiki/sentinel_ws/src/dreame_lds_ros2', 'symlink_install': True, 'test_result_base': None}
[0.129s] Level 5:colcon.colcon_core.verb:set package 'sentinel_publisher' build argument 'cmake_args' from command line to 'None'
[0.129s] Level 5:colcon.colcon_core.verb:set package 'sentinel_publisher' build argument 'cmake_target' from command line to 'None'
[0.129s] Level 5:colcon.colcon_core.verb:set package 'sentinel_publisher' build argument 'cmake_target_skip_unavailable' from command line to 'False'
[0.129s] Level 5:colcon.colcon_core.verb:set package 'sentinel_publisher' build argument 'cmake_clean_cache' from command line to 'False'
[0.129s] Level 5:colcon.colcon_core.verb:set package 'sentinel_publisher' build argument 'cmake_clean_first' from command line to 'False'
[0.129s] Level 5:colcon.colcon_core.verb:set package 'sentinel_publisher' build argument 'cmake_force_configure' from command line to 'False'
[0.129s] Level 5:colcon.colcon_core.verb:set package 'sentinel_publisher' build argument 'ament_cmake_args' from command line to 'None'
[0.129s] Level 5:colcon.colcon_core.verb:set package 'sentinel_publisher' build argument 'catkin_cmake_args' from command line to 'None'
[0.129s] Level 5:colcon.colcon_core.verb:set package 'sentinel_publisher' build argument 'catkin_skip_building_tests' from command line to 'False'
[0.129s] DEBUG:colcon.colcon_core.verb:Building package 'sentinel_publisher' with the following arguments: {'ament_cmake_args': None, 'build_base': '/home/kiki/sentinel_ws/build/sentinel_publisher', 'catkin_cmake_args': None, 'catkin_skip_building_tests': False, 'cmake_args': None, 'cmake_clean_cache': False, 'cmake_clean_first': False, 'cmake_force_configure': False, 'cmake_target': None, 'cmake_target_skip_unavailable': False, 'install_base': '/home/kiki/sentinel_ws/install/sentinel_publisher', 'merge_install': False, 'path': '/home/kiki/sentinel_ws/src/sentinel_publisher', 'symlink_install': True, 'test_result_base': None}
[0.129s] Level 5:colcon.colcon_core.verb:set package 'serial' build argument 'cmake_args' from command line to 'None'
[0.129s] Level 5:colcon.colcon_core.verb:set package 'serial' build argument 'cmake_target' from command line to 'None'
[0.129s] Level 5:colcon.colcon_core.verb:set package 'serial' build argument 'cmake_target_skip_unavailable' from command line to 'False'
[0.129s] Level 5:colcon.colcon_core.verb:set package 'serial' build argument 'cmake_clean_cache' from command line to 'False'
[0.129s] Level 5:colcon.colcon_core.verb:set package 'serial' build argument 'cmake_clean_first' from command line to 'False'
[0.129s] Level 5:colcon.colcon_core.verb:set package 'serial' build argument 'cmake_force_configure' from command line to 'False'
[0.129s] Level 5:colcon.colcon_core.verb:set package 'serial' build argument 'ament_cmake_args' from command line to 'None'
[0.129s] Level 5:colcon.colcon_core.verb:set package 'serial' build argument 'catkin_cmake_args' from command line to 'None'
[0.129s] Level 5:colcon.colcon_core.verb:set package 'serial' build argument 'catkin_skip_building_tests' from command line to 'False'
[0.129s] DEBUG:colcon.colcon_core.verb:Building package 'serial' with the following arguments: {'ament_cmake_args': None, 'build_base': '/home/kiki/sentinel_ws/build/serial', 'catkin_cmake_args': None, 'catkin_skip_building_tests': False, 'cmake_args': None, 'cmake_clean_cache': False, 'cmake_clean_first': False, 'cmake_force_configure': False, 'cmake_target': None, 'cmake_target_skip_unavailable': False, 'install_base': '/home/kiki/sentinel_ws/install/serial', 'merge_install': False, 'path': '/home/kiki/sentinel_ws/src/serial', 'symlink_install': True, 'test_result_base': None}
[0.129s] Level 5:colcon.colcon_core.verb:set package 'diffdrive_arduino' build argument 'cmake_args' from command line to 'None'
[0.129s] Level 5:colcon.colcon_core.verb:set package 'diffdrive_arduino' build argument 'cmake_target' from command line to 'None'
[0.129s] Level 5:colcon.colcon_core.verb:set package 'diffdrive_arduino' build argument 'cmake_target_skip_unavailable' from command line to 'False'
[0.129s] Level 5:colcon.colcon_core.verb:set package 'diffdrive_arduino' build argument 'cmake_clean_cache' from command line to 'False'
[0.129s] Level 5:colcon.colcon_core.verb:set package 'diffdrive_arduino' build argument 'cmake_clean_first' from command line to 'False'
[0.129s] Level 5:colcon.colcon_core.verb:set package 'diffdrive_arduino' build argument 'cmake_force_configure' from command line to 'False'
[0.129s] Level 5:colcon.colcon_core.verb:set package 'diffdrive_arduino' build argument 'ament_cmake_args' from command line to 'None'
[0.129s] Level 5:colcon.colcon_core.verb:set package 'diffdrive_arduino' build argument 'catkin_cmake_args' from command line to 'None'
[0.129s] Level 5:colcon.colcon_core.verb:set package 'diffdrive_arduino' build argument 'catkin_skip_building_tests' from command line to 'False'
[0.129s] DEBUG:colcon.colcon_core.verb:Building package 'diffdrive_arduino' with the following arguments: {'ament_cmake_args': None, 'build_base': '/home/kiki/sentinel_ws/build/diffdrive_arduino', 'catkin_cmake_args': None, 'catkin_skip_building_tests': False, 'cmake_args': None, 'cmake_clean_cache': False, 'cmake_clean_first': False, 'cmake_force_configure': False, 'cmake_target': None, 'cmake_target_skip_unavailable': False, 'install_base': '/home/kiki/sentinel_ws/install/diffdrive_arduino', 'merge_install': False, 'path': '/home/kiki/sentinel_ws/src/diffdrive_arduino', 'symlink_install': True, 'test_result_base': None}
[0.129s] INFO:colcon.colcon_core.executor:Executing jobs using 'parallel' executor
[0.130s] DEBUG:colcon.colcon_parallel_executor.executor.parallel:run_until_complete
[0.130s] INFO:colcon.colcon_ros.task.ament_cmake.build:Building ROS package in '/home/kiki/sentinel_ws/src/serial' with build type 'ament_cmake'
[0.130s] INFO:colcon.colcon_cmake.task.cmake.build:Building CMake package in '/home/kiki/sentinel_ws/src/serial'
[0.131s] INFO:colcon.colcon_core.plugin_system:Skipping extension 'colcon_core.shell.bat': Not used on non-Windows systems
[0.132s] INFO:colcon.colcon_core.shell:Skip shell extension 'powershell' for command environment: Not usable outside of PowerShell
[0.132s] DEBUG:colcon.colcon_core.shell:Skip shell extension 'dsv' for command environment
[0.134s] INFO:colcon.colcon_ros.task.ament_cmake.build:Building ROS package in '/home/kiki/sentinel_ws/src/dreame_lds_ros2' with build type 'ament_cmake'
[0.134s] INFO:colcon.colcon_cmake.task.cmake.build:Building CMake package in '/home/kiki/sentinel_ws/src/dreame_lds_ros2'
[0.134s] INFO:colcon.colcon_core.shell:Skip shell extension 'powershell' for command environment: Not usable outside of PowerShell
[0.134s] DEBUG:colcon.colcon_core.shell:Skip shell extension 'dsv' for command environment
[0.135s] INFO:colcon.colcon_ros.task.ament_cmake.build:Building ROS package in '/home/kiki/sentinel_ws/src/sentinel_publisher' with build type 'ament_cmake'
[0.135s] INFO:colcon.colcon_cmake.task.cmake.build:Building CMake package in '/home/kiki/sentinel_ws/src/sentinel_publisher'
[0.136s] INFO:colcon.colcon_core.shell:Skip shell extension 'powershell' for command environment: Not usable outside of PowerShell
[0.136s] DEBUG:colcon.colcon_core.shell:Skip shell extension 'dsv' for command environment
[0.140s] DEBUG:colcon.colcon_core.event_handler.log_command:Invoking command in '/home/kiki/sentinel_ws/build/serial': CMAKE_PREFIX_PATH=${CMAKE_PREFIX_PATH}:/opt/ros/jazzy DEBUGINFOD_URLS=https://debuginfod.ubuntu.com /usr/bin/cmake --build /home/kiki/sentinel_ws/build/serial -- -j20 -l20
[0.142s] DEBUG:colcon.colcon_core.event_handler.log_command:Invoking command in '/home/kiki/sentinel_ws/build/dreame_lds_ros2': CMAKE_PREFIX_PATH=${CMAKE_PREFIX_PATH}:/opt/ros/jazzy DEBUGINFOD_URLS=https://debuginfod.ubuntu.com /usr/bin/cmake --build /home/kiki/sentinel_ws/build/dreame_lds_ros2 -- -j20 -l20
[0.144s] DEBUG:colcon.colcon_core.event_handler.log_command:Invoking command in '/home/kiki/sentinel_ws/build/sentinel_publisher': CMAKE_PREFIX_PATH=${CMAKE_PREFIX_PATH}:/opt/ros/jazzy DEBUGINFOD_URLS=https://debuginfod.ubuntu.com /usr/bin/cmake --build /home/kiki/sentinel_ws/build/sentinel_publisher -- -j20 -l20
[0.192s] DEBUG:colcon.colcon_core.event_handler.log_command:Invoked command in '/home/kiki/sentinel_ws/build/dreame_lds_ros2' returned '0': CMAKE_PREFIX_PATH=${CMAKE_PREFIX_PATH}:/opt/ros/jazzy DEBUGINFOD_URLS=https://debuginfod.ubuntu.com /usr/bin/cmake --build /home/kiki/sentinel_ws/build/dreame_lds_ros2 -- -j20 -l20
[0.201s] DEBUG:colcon.colcon_core.event_handler.log_command:Invoking command in '/home/kiki/sentinel_ws/build/dreame_lds_ros2': CMAKE_PREFIX_PATH=${CMAKE_PREFIX_PATH}:/opt/ros/jazzy DEBUGINFOD_URLS=https://debuginfod.ubuntu.com /usr/bin/cmake --install /home/kiki/sentinel_ws/build/dreame_lds_ros2
[0.202s] DEBUG:colcon.colcon_core.event_handler.log_command:Invoked command in '/home/kiki/sentinel_ws/build/sentinel_publisher' returned '0': CMAKE_PREFIX_PATH=${CMAKE_PREFIX_PATH}:/opt/ros/jazzy DEBUGINFOD_URLS=https://debuginfod.ubuntu.com /usr/bin/cmake --build /home/kiki/sentinel_ws/build/sentinel_publisher -- -j20 -l20
[0.203s] DEBUG:colcon.colcon_core.event_handler.log_command:Invoking command in '/home/kiki/sentinel_ws/build/sentinel_publisher': CMAKE_PREFIX_PATH=${CMAKE_PREFIX_PATH}:/opt/ros/jazzy DEBUGINFOD_URLS=https://debuginfod.ubuntu.com /usr/bin/cmake --install /home/kiki/sentinel_ws/build/sentinel_publisher
[0.216s] DEBUG:colcon.colcon_core.event_handler.log_command:Invoked command in '/home/kiki/sentinel_ws/build/serial' returned '0': CMAKE_PREFIX_PATH=${CMAKE_PREFIX_PATH}:/opt/ros/jazzy DEBUGINFOD_URLS=https://debuginfod.ubuntu.com /usr/bin/cmake --build /home/kiki/sentinel_ws/build/serial -- -j20 -l20
[0.217s] DEBUG:colcon.colcon_core.event_handler.log_command:Invoking command in '/home/kiki/sentinel_ws/build/serial': CMAKE_PREFIX_PATH=${CMAKE_PREFIX_PATH}:/opt/ros/jazzy DEBUGINFOD_URLS=https://debuginfod.ubuntu.com /usr/bin/cmake --install /home/kiki/sentinel_ws/build/serial
[0.218s] Level 1:colcon.colcon_core.environment:create_environment_scripts_only(dreame_lds_ros2)
[0.218s] DEBUG:colcon.colcon_core.event_handler.log_command:Invoked command in '/home/kiki/sentinel_ws/build/dreame_lds_ros2' returned '0': CMAKE_PREFIX_PATH=${CMAKE_PREFIX_PATH}:/opt/ros/jazzy DEBUGINFOD_URLS=https://debuginfod.ubuntu.com /usr/bin/cmake --install /home/kiki/sentinel_ws/build/dreame_lds_ros2
[0.220s] Level 1:colcon.colcon_core.environment:checking '/home/kiki/sentinel_ws/install/dreame_lds_ros2' for CMake module files
[0.221s] Level 1:colcon.colcon_core.environment:checking '/home/kiki/sentinel_ws/install/dreame_lds_ros2' for CMake config files
[0.221s] Level 1:colcon.colcon_core.shell:create_environment_hook('dreame_lds_ros2', 'cmake_prefix_path')
[0.221s] INFO:colcon.colcon_core.shell:Creating environment hook '/home/kiki/sentinel_ws/install/dreame_lds_ros2/share/dreame_lds_ros2/hook/cmake_prefix_path.ps1'
[0.222s] INFO:colcon.colcon_core.shell:Creating environment descriptor '/home/kiki/sentinel_ws/install/dreame_lds_ros2/share/dreame_lds_ros2/hook/cmake_prefix_path.dsv'
[0.223s] INFO:colcon.colcon_core.shell:Creating environment hook '/home/kiki/sentinel_ws/install/dreame_lds_ros2/share/dreame_lds_ros2/hook/cmake_prefix_path.sh'
[0.224s] Level 1:colcon.colcon_core.environment:checking '/home/kiki/sentinel_ws/install/dreame_lds_ros2/lib'
[0.224s] Level 1:colcon.colcon_core.environment:checking '/home/kiki/sentinel_ws/install/dreame_lds_ros2/bin'
[0.224s] Level 1:colcon.colcon_core.environment:checking '/home/kiki/sentinel_ws/install/dreame_lds_ros2/lib/pkgconfig/dreame_lds_ros2.pc'
[0.224s] Level 1:colcon.colcon_core.environment:checking '/home/kiki/sentinel_ws/install/dreame_lds_ros2/lib/python3.12/site-packages'
[0.224s] Level 1:colcon.colcon_core.environment:checking '/home/kiki/sentinel_ws/install/dreame_lds_ros2/bin'
[0.224s] INFO:colcon.colcon_core.shell:Creating package script '/home/kiki/sentinel_ws/install/dreame_lds_ros2/share/dreame_lds_ros2/package.ps1'
[0.225s] INFO:colcon.colcon_core.shell:Creating package descriptor '/home/kiki/sentinel_ws/install/dreame_lds_ros2/share/dreame_lds_ros2/package.dsv'
[0.225s] INFO:colcon.colcon_core.shell:Creating package script '/home/kiki/sentinel_ws/install/dreame_lds_ros2/share/dreame_lds_ros2/package.sh'
[0.225s] INFO:colcon.colcon_core.shell:Creating package script '/home/kiki/sentinel_ws/install/dreame_lds_ros2/share/dreame_lds_ros2/package.bash'
[0.226s] INFO:colcon.colcon_core.shell:Creating package script '/home/kiki/sentinel_ws/install/dreame_lds_ros2/share/dreame_lds_ros2/package.zsh'
[0.226s] Level 1:colcon.colcon_core.environment:create_file_with_runtime_dependencies(/home/kiki/sentinel_ws/install/dreame_lds_ros2/share/colcon-core/packages/dreame_lds_ros2)
[0.226s] Level 1:colcon.colcon_core.environment:create_environment_scripts_only(dreame_lds_ros2)
[0.226s] Level 1:colcon.colcon_core.environment:checking '/home/kiki/sentinel_ws/install/dreame_lds_ros2' for CMake module files
[0.226s] Level 1:colcon.colcon_core.environment:checking '/home/kiki/sentinel_ws/install/dreame_lds_ros2' for CMake config files
[0.226s] Level 1:colcon.colcon_core.shell:create_environment_hook('dreame_lds_ros2', 'cmake_prefix_path')
[0.226s] INFO:colcon.colcon_core.shell:Creating environment hook '/home/kiki/sentinel_ws/install/dreame_lds_ros2/share/dreame_lds_ros2/hook/cmake_prefix_path.ps1'
[0.290s] INFO:colcon.colcon_core.shell:Creating environment descriptor '/home/kiki/sentinel_ws/install/dreame_lds_ros2/share/dreame_lds_ros2/hook/cmake_prefix_path.dsv'
[0.290s] INFO:colcon.colcon_core.shell:Creating environment hook '/home/kiki/sentinel_ws/install/dreame_lds_ros2/share/dreame_lds_ros2/hook/cmake_prefix_path.sh'
[0.290s] Level 1:colcon.colcon_core.environment:checking '/home/kiki/sentinel_ws/install/dreame_lds_ros2/lib'
[0.291s] Level 1:colcon.colcon_core.environment:checking '/home/kiki/sentinel_ws/install/dreame_lds_ros2/bin'
[0.291s] Level 1:colcon.colcon_core.environment:checking '/home/kiki/sentinel_ws/install/dreame_lds_ros2/lib/pkgconfig/dreame_lds_ros2.pc'
[0.291s] Level 1:colcon.colcon_core.environment:checking '/home/kiki/sentinel_ws/install/dreame_lds_ros2/lib/python3.12/site-packages'
[0.291s] Level 1:colcon.colcon_core.environment:checking '/home/kiki/sentinel_ws/install/dreame_lds_ros2/bin'
[0.291s] INFO:colcon.colcon_core.shell:Creating package script '/home/kiki/sentinel_ws/install/dreame_lds_ros2/share/dreame_lds_ros2/package.ps1'
[0.292s] INFO:colcon.colcon_core.shell:Creating package descriptor '/home/kiki/sentinel_ws/install/dreame_lds_ros2/share/dreame_lds_ros2/package.dsv'
[0.292s] INFO:colcon.colcon_core.shell:Creating package script '/home/kiki/sentinel_ws/install/dreame_lds_ros2/share/dreame_lds_ros2/package.sh'
[0.293s] INFO:colcon.colcon_core.shell:Creating package script '/home/kiki/sentinel_ws/install/dreame_lds_ros2/share/dreame_lds_ros2/package.bash'
[0.293s] INFO:colcon.colcon_core.shell:Creating package script '/home/kiki/sentinel_ws/install/dreame_lds_ros2/share/dreame_lds_ros2/package.zsh'
[0.293s] Level 1:colcon.colcon_core.environment:create_file_with_runtime_dependencies(/home/kiki/sentinel_ws/install/dreame_lds_ros2/share/colcon-core/packages/dreame_lds_ros2)
[0.295s] Level 1:colcon.colcon_core.environment:create_environment_scripts_only(sentinel_publisher)
[0.295s] DEBUG:colcon.colcon_core.event_handler.log_command:Invoked command in '/home/kiki/sentinel_ws/build/sentinel_publisher' returned '0': CMAKE_PREFIX_PATH=${CMAKE_PREFIX_PATH}:/opt/ros/jazzy DEBUGINFOD_URLS=https://debuginfod.ubuntu.com /usr/bin/cmake --install /home/kiki/sentinel_ws/build/sentinel_publisher
[0.295s] Level 1:colcon.colcon_core.environment:checking '/home/kiki/sentinel_ws/install/sentinel_publisher' for CMake module files
[0.296s] Level 1:colcon.colcon_core.environment:checking '/home/kiki/sentinel_ws/install/sentinel_publisher' for CMake config files
[0.296s] Level 1:colcon.colcon_core.shell:create_environment_hook('sentinel_publisher', 'cmake_prefix_path')
[0.296s] INFO:colcon.colcon_core.shell:Creating environment hook '/home/kiki/sentinel_ws/install/sentinel_publisher/share/sentinel_publisher/hook/cmake_prefix_path.ps1'
[0.296s] INFO:colcon.colcon_core.shell:Creating environment descriptor '/home/kiki/sentinel_ws/install/sentinel_publisher/share/sentinel_publisher/hook/cmake_prefix_path.dsv'
[0.296s] INFO:colcon.colcon_core.shell:Creating environment hook '/home/kiki/sentinel_ws/install/sentinel_publisher/share/sentinel_publisher/hook/cmake_prefix_path.sh'
[0.297s] Level 1:colcon.colcon_core.environment:checking '/home/kiki/sentinel_ws/install/sentinel_publisher/lib'
[0.297s] Level 1:colcon.colcon_core.environment:checking '/home/kiki/sentinel_ws/install/sentinel_publisher/bin'
[0.297s] Level 1:colcon.colcon_core.environment:checking '/home/kiki/sentinel_ws/install/sentinel_publisher/lib/pkgconfig/sentinel_publisher.pc'
[0.297s] Level 1:colcon.colcon_core.environment:checking '/home/kiki/sentinel_ws/install/sentinel_publisher/lib/python3.12/site-packages'
[0.297s] Level 1:colcon.colcon_core.environment:checking '/home/kiki/sentinel_ws/install/sentinel_publisher/bin'
[0.297s] INFO:colcon.colcon_core.shell:Creating package script '/home/kiki/sentinel_ws/install/sentinel_publisher/share/sentinel_publisher/package.ps1'
[0.297s] INFO:colcon.colcon_core.shell:Creating package descriptor '/home/kiki/sentinel_ws/install/sentinel_publisher/share/sentinel_publisher/package.dsv'
[0.297s] INFO:colcon.colcon_core.shell:Creating package script '/home/kiki/sentinel_ws/install/sentinel_publisher/share/sentinel_publisher/package.sh'
[0.298s] INFO:colcon.colcon_core.shell:Creating package script '/home/kiki/sentinel_ws/install/sentinel_publisher/share/sentinel_publisher/package.bash'
[0.298s] INFO:colcon.colcon_core.shell:Creating package script '/home/kiki/sentinel_ws/install/sentinel_publisher/share/sentinel_publisher/package.zsh'
[0.298s] Level 1:colcon.colcon_core.environment:create_file_with_runtime_dependencies(/home/kiki/sentinel_ws/install/sentinel_publisher/share/colcon-core/packages/sentinel_publisher)
[0.298s] Level 1:colcon.colcon_core.environment:create_environment_scripts_only(sentinel_publisher)
[0.298s] Level 1:colcon.colcon_core.environment:checking '/home/kiki/sentinel_ws/install/sentinel_publisher' for CMake module files
[0.298s] Level 1:colcon.colcon_core.environment:checking '/home/kiki/sentinel_ws/install/sentinel_publisher' for CMake config files
[0.299s] Level 1:colcon.colcon_core.shell:create_environment_hook('sentinel_publisher', 'cmake_prefix_path')
[0.299s] INFO:colcon.colcon_core.shell:Creating environment hook '/home/kiki/sentinel_ws/install/sentinel_publisher/share/sentinel_publisher/hook/cmake_prefix_path.ps1'
[0.299s] INFO:colcon.colcon_core.shell:Creating environment descriptor '/home/kiki/sentinel_ws/install/sentinel_publisher/share/sentinel_publisher/hook/cmake_prefix_path.dsv'
[0.299s] INFO:colcon.colcon_core.shell:Creating environment hook '/home/kiki/sentinel_ws/install/sentinel_publisher/share/sentinel_publisher/hook/cmake_prefix_path.sh'
[0.299s] Level 1:colcon.colcon_core.environment:checking '/home/kiki/sentinel_ws/install/sentinel_publisher/lib'
[0.299s] Level 1:colcon.colcon_core.environment:checking '/home/kiki/sentinel_ws/install/sentinel_publisher/bin'
[0.299s] Level 1:colcon.colcon_core.environment:checking '/home/kiki/sentinel_ws/install/sentinel_publisher/lib/pkgconfig/sentinel_publisher.pc'
[0.299s] Level 1:colcon.colcon_core.environment:checking '/home/kiki/sentinel_ws/install/sentinel_publisher/lib/python3.12/site-packages'
[0.300s] Level 1:colcon.colcon_core.environment:checking '/home/kiki/sentinel_ws/install/sentinel_publisher/bin'
[0.300s] INFO:colcon.colcon_core.shell:Creating package script '/home/kiki/sentinel_ws/install/sentinel_publisher/share/sentinel_publisher/package.ps1'
[0.300s] INFO:colcon.colcon_core.shell:Creating package descriptor '/home/kiki/sentinel_ws/install/sentinel_publisher/share/sentinel_publisher/package.dsv'
[0.300s] INFO:colcon.colcon_core.shell:Creating package script '/home/kiki/sentinel_ws/install/sentinel_publisher/share/sentinel_publisher/package.sh'
[0.300s] INFO:colcon.colcon_core.shell:Creating package script '/home/kiki/sentinel_ws/install/sentinel_publisher/share/sentinel_publisher/package.bash'
[0.301s] INFO:colcon.colcon_core.shell:Creating package script '/home/kiki/sentinel_ws/install/sentinel_publisher/share/sentinel_publisher/package.zsh'
[0.301s] Level 1:colcon.colcon_core.environment:create_file_with_runtime_dependencies(/home/kiki/sentinel_ws/install/sentinel_publisher/share/colcon-core/packages/sentinel_publisher)
[0.301s] Level 1:colcon.colcon_core.environment:create_environment_scripts_only(serial)
[0.301s] Level 1:colcon.colcon_core.environment:checking '/home/kiki/sentinel_ws/install/serial' for CMake module files
[0.301s] DEBUG:colcon.colcon_core.event_handler.log_command:Invoked command in '/home/kiki/sentinel_ws/build/serial' returned '0': CMAKE_PREFIX_PATH=${CMAKE_PREFIX_PATH}:/opt/ros/jazzy DEBUGINFOD_URLS=https://debuginfod.ubuntu.com /usr/bin/cmake --install /home/kiki/sentinel_ws/build/serial
[0.302s] Level 1:colcon.colcon_core.environment:checking '/home/kiki/sentinel_ws/install/serial' for CMake config files
[0.302s] Level 1:colcon.colcon_core.shell:create_environment_hook('serial', 'cmake_prefix_path')
[0.302s] INFO:colcon.colcon_core.shell:Creating environment hook '/home/kiki/sentinel_ws/install/serial/share/serial/hook/cmake_prefix_path.ps1'
[0.303s] INFO:colcon.colcon_core.shell:Creating environment descriptor '/home/kiki/sentinel_ws/install/serial/share/serial/hook/cmake_prefix_path.dsv'
[0.303s] INFO:colcon.colcon_core.shell:Creating environment hook '/home/kiki/sentinel_ws/install/serial/share/serial/hook/cmake_prefix_path.sh'
[0.303s] Level 1:colcon.colcon_core.environment:checking '/home/kiki/sentinel_ws/install/serial/lib'
[0.303s] Level 1:colcon.colcon_core.environment:checking '/home/kiki/sentinel_ws/install/serial/bin'
[0.303s] Level 1:colcon.colcon_core.environment:checking '/home/kiki/sentinel_ws/install/serial/lib/pkgconfig/serial.pc'
[0.304s] Level 1:colcon.colcon_core.environment:checking '/home/kiki/sentinel_ws/install/serial/lib/python3.12/site-packages'
[0.304s] Level 1:colcon.colcon_core.environment:checking '/home/kiki/sentinel_ws/install/serial/bin'
[0.304s] INFO:colcon.colcon_core.shell:Creating package script '/home/kiki/sentinel_ws/install/serial/share/serial/package.ps1'
[0.304s] INFO:colcon.colcon_core.shell:Creating package descriptor '/home/kiki/sentinel_ws/install/serial/share/serial/package.dsv'
[0.305s] INFO:colcon.colcon_core.shell:Creating package script '/home/kiki/sentinel_ws/install/serial/share/serial/package.sh'
[0.305s] INFO:colcon.colcon_core.shell:Creating package script '/home/kiki/sentinel_ws/install/serial/share/serial/package.bash'
[0.305s] INFO:colcon.colcon_core.shell:Creating package script '/home/kiki/sentinel_ws/install/serial/share/serial/package.zsh'
[0.305s] Level 1:colcon.colcon_core.environment:create_file_with_runtime_dependencies(/home/kiki/sentinel_ws/install/serial/share/colcon-core/packages/serial)
[0.305s] Level 1:colcon.colcon_core.environment:create_environment_scripts_only(serial)
[0.305s] Level 1:colcon.colcon_core.environment:checking '/home/kiki/sentinel_ws/install/serial' for CMake module files
[0.306s] Level 1:colcon.colcon_core.environment:checking '/home/kiki/sentinel_ws/install/serial' for CMake config files
[0.306s] Level 1:colcon.colcon_core.shell:create_environment_hook('serial', 'cmake_prefix_path')
[0.306s] INFO:colcon.colcon_core.shell:Creating environment hook '/home/kiki/sentinel_ws/install/serial/share/serial/hook/cmake_prefix_path.ps1'
[0.306s] INFO:colcon.colcon_core.shell:Creating environment descriptor '/home/kiki/sentinel_ws/install/serial/share/serial/hook/cmake_prefix_path.dsv'
[0.306s] INFO:colcon.colcon_core.shell:Creating environment hook '/home/kiki/sentinel_ws/install/serial/share/serial/hook/cmake_prefix_path.sh'
[0.306s] Level 1:colcon.colcon_core.environment:checking '/home/kiki/sentinel_ws/install/serial/lib'
[0.306s] Level 1:colcon.colcon_core.environment:checking '/home/kiki/sentinel_ws/install/serial/bin'
[0.306s] Level 1:colcon.colcon_core.environment:checking '/home/kiki/sentinel_ws/install/serial/lib/pkgconfig/serial.pc'
[0.306s] Level 1:colcon.colcon_core.environment:checking '/home/kiki/sentinel_ws/install/serial/lib/python3.12/site-packages'
[0.307s] Level 1:colcon.colcon_core.environment:checking '/home/kiki/sentinel_ws/install/serial/bin'
[0.307s] INFO:colcon.colcon_core.shell:Creating package script '/home/kiki/sentinel_ws/install/serial/share/serial/package.ps1'
[0.307s] INFO:colcon.colcon_core.shell:Creating package descriptor '/home/kiki/sentinel_ws/install/serial/share/serial/package.dsv'
[0.307s] INFO:colcon.colcon_core.shell:Creating package script '/home/kiki/sentinel_ws/install/serial/share/serial/package.sh'
[0.308s] INFO:colcon.colcon_core.shell:Creating package script '/home/kiki/sentinel_ws/install/serial/share/serial/package.bash'
[0.308s] INFO:colcon.colcon_core.shell:Creating package script '/home/kiki/sentinel_ws/install/serial/share/serial/package.zsh'
[0.308s] Level 1:colcon.colcon_core.environment:create_file_with_runtime_dependencies(/home/kiki/sentinel_ws/install/serial/share/colcon-core/packages/serial)
[0.308s] INFO:colcon.colcon_ros.task.ament_cmake.build:Building ROS package in '/home/kiki/sentinel_ws/src/diffdrive_arduino' with build type 'ament_cmake'
[0.308s] INFO:colcon.colcon_cmake.task.cmake.build:Building CMake package in '/home/kiki/sentinel_ws/src/diffdrive_arduino'
[0.308s] INFO:colcon.colcon_core.shell:Skip shell extension 'powershell' for command environment: Not usable outside of PowerShell
[0.308s] DEBUG:colcon.colcon_core.shell:Skip shell extension 'dsv' for command environment
[0.316s] DEBUG:colcon.colcon_core.event_handler.log_command:Invoking command in '/home/kiki/sentinel_ws/build/diffdrive_arduino': AMENT_PREFIX_PATH=/home/kiki/sentinel_ws/install/serial:${AMENT_PREFIX_PATH} CMAKE_PREFIX_PATH=/home/kiki/sentinel_ws/install/serial:/opt/ros/jazzy/opt/gz_sim_vendor:/opt/ros/jazzy/opt/gz_sensors_vendor:/opt/ros/jazzy/opt/gz_physics_vendor:/opt/ros/jazzy/opt/sdformat_vendor:/opt/ros/jazzy/opt/gz_gui_vendor:/opt/ros/jazzy/opt/gz_transport_vendor:/opt/ros/jazzy/opt/gz_rendering_vendor:/opt/ros/jazzy/opt/gz_plugin_vendor:/opt/ros/jazzy/opt/gz_fuel_tools_vendor:/opt/ros/jazzy/opt/gz_msgs_vendor:/opt/ros/jazzy/opt/gz_common_vendor:/opt/ros/jazzy/opt/gz_math_vendor:/opt/ros/jazzy/opt/gz_utils_vendor:/opt/ros/jazzy/opt/gz_tools_vendor:/opt/ros/jazzy/opt/gz_ogre_next_vendor:/opt/ros/jazzy/opt/gz_dartsim_vendor:/opt/ros/jazzy/opt/gz_cmake_vendor:/opt/ros/jazzy DEBUGINFOD_URLS=https://debuginfod.ubuntu.com LD_LIBRARY_PATH=/home/kiki/sentinel_ws/install/serial/lib:${LD_LIBRARY_PATH} /usr/bin/cmake --build /home/kiki/sentinel_ws/build/diffdrive_arduino -- -j20 -l20
[0.370s] DEBUG:colcon.colcon_core.event_handler.log_command:Invoked command in '/home/kiki/sentinel_ws/build/diffdrive_arduino' returned '0': AMENT_PREFIX_PATH=/home/kiki/sentinel_ws/install/serial:${AMENT_PREFIX_PATH} CMAKE_PREFIX_PATH=/home/kiki/sentinel_ws/install/serial:/opt/ros/jazzy/opt/gz_sim_vendor:/opt/ros/jazzy/opt/gz_sensors_vendor:/opt/ros/jazzy/opt/gz_physics_vendor:/opt/ros/jazzy/opt/sdformat_vendor:/opt/ros/jazzy/opt/gz_gui_vendor:/opt/ros/jazzy/opt/gz_transport_vendor:/opt/ros/jazzy/opt/gz_rendering_vendor:/opt/ros/jazzy/opt/gz_plugin_vendor:/opt/ros/jazzy/opt/gz_fuel_tools_vendor:/opt/ros/jazzy/opt/gz_msgs_vendor:/opt/ros/jazzy/opt/gz_common_vendor:/opt/ros/jazzy/opt/gz_math_vendor:/opt/ros/jazzy/opt/gz_utils_vendor:/opt/ros/jazzy/opt/gz_tools_vendor:/opt/ros/jazzy/opt/gz_ogre_next_vendor:/opt/ros/jazzy/opt/gz_dartsim_vendor:/opt/ros/jazzy/opt/gz_cmake_vendor:/opt/ros/jazzy DEBUGINFOD_URLS=https://debuginfod.ubuntu.com LD_LIBRARY_PATH=/home/kiki/sentinel_ws/install/serial/lib:${LD_LIBRARY_PATH} /usr/bin/cmake --build /home/kiki/sentinel_ws/build/diffdrive_arduino -- -j20 -l20
[0.371s] DEBUG:colcon.colcon_core.event_handler.log_command:Invoking command in '/home/kiki/sentinel_ws/build/diffdrive_arduino': AMENT_PREFIX_PATH=/home/kiki/sentinel_ws/install/serial:${AMENT_PREFIX_PATH} CMAKE_PREFIX_PATH=/home/kiki/sentinel_ws/install/serial:/opt/ros/jazzy/opt/gz_sim_vendor:/opt/ros/jazzy/opt/gz_sensors_vendor:/opt/ros/jazzy/opt/gz_physics_vendor:/opt/ros/jazzy/opt/sdformat_vendor:/opt/ros/jazzy/opt/gz_gui_vendor:/opt/ros/jazzy/opt/gz_transport_vendor:/opt/ros/jazzy/opt/gz_rendering_vendor:/opt/ros/jazzy/opt/gz_plugin_vendor:/opt/ros/jazzy/opt/gz_fuel_tools_vendor:/opt/ros/jazzy/opt/gz_msgs_vendor:/opt/ros/jazzy/opt/gz_common_vendor:/opt/ros/jazzy/opt/gz_math_vendor:/opt/ros/jazzy/opt/gz_utils_vendor:/opt/ros/jazzy/opt/gz_tools_vendor:/opt/ros/jazzy/opt/gz_ogre_next_vendor:/opt/ros/jazzy/opt/gz_dartsim_vendor:/opt/ros/jazzy/opt/gz_cmake_vendor:/opt/ros/jazzy DEBUGINFOD_URLS=https://debuginfod.ubuntu.com LD_LIBRARY_PATH=/home/kiki/sentinel_ws/install/serial/lib:${LD_LIBRARY_PATH} /usr/bin/cmake --install /home/kiki/sentinel_ws/build/diffdrive_arduino
[0.384s] Level 1:colcon.colcon_core.environment:create_environment_scripts_only(diffdrive_arduino)
[0.384s] Level 1:colcon.colcon_core.environment:checking '/home/kiki/sentinel_ws/install/diffdrive_arduino' for CMake module files
[0.385s] DEBUG:colcon.colcon_core.event_handler.log_command:Invoked command in '/home/kiki/sentinel_ws/build/diffdrive_arduino' returned '0': AMENT_PREFIX_PATH=/home/kiki/sentinel_ws/install/serial:${AMENT_PREFIX_PATH} CMAKE_PREFIX_PATH=/home/kiki/sentinel_ws/install/serial:/opt/ros/jazzy/opt/gz_sim_vendor:/opt/ros/jazzy/opt/gz_sensors_vendor:/opt/ros/jazzy/opt/gz_physics_vendor:/opt/ros/jazzy/opt/sdformat_vendor:/opt/ros/jazzy/opt/gz_gui_vendor:/opt/ros/jazzy/opt/gz_transport_vendor:/opt/ros/jazzy/opt/gz_rendering_vendor:/opt/ros/jazzy/opt/gz_plugin_vendor:/opt/ros/jazzy/opt/gz_fuel_tools_vendor:/opt/ros/jazzy/opt/gz_msgs_vendor:/opt/ros/jazzy/opt/gz_common_vendor:/opt/ros/jazzy/opt/gz_math_vendor:/opt/ros/jazzy/opt/gz_utils_vendor:/opt/ros/jazzy/opt/gz_tools_vendor:/opt/ros/jazzy/opt/gz_ogre_next_vendor:/opt/ros/jazzy/opt/gz_dartsim_vendor:/opt/ros/jazzy/opt/gz_cmake_vendor:/opt/ros/jazzy DEBUGINFOD_URLS=https://debuginfod.ubuntu.com LD_LIBRARY_PATH=/home/kiki/sentinel_ws/install/serial/lib:${LD_LIBRARY_PATH} /usr/bin/cmake --install /home/kiki/sentinel_ws/build/diffdrive_arduino
[0.385s] Level 1:colcon.colcon_core.environment:checking '/home/kiki/sentinel_ws/install/diffdrive_arduino' for CMake config files
[0.385s] Level 1:colcon.colcon_core.shell:create_environment_hook('diffdrive_arduino', 'cmake_prefix_path')
[0.385s] INFO:colcon.colcon_core.shell:Creating environment hook '/home/kiki/sentinel_ws/install/diffdrive_arduino/share/diffdrive_arduino/hook/cmake_prefix_path.ps1'
[0.385s] INFO:colcon.colcon_core.shell:Creating environment descriptor '/home/kiki/sentinel_ws/install/diffdrive_arduino/share/diffdrive_arduino/hook/cmake_prefix_path.dsv'
[0.385s] INFO:colcon.colcon_core.shell:Creating environment hook '/home/kiki/sentinel_ws/install/diffdrive_arduino/share/diffdrive_arduino/hook/cmake_prefix_path.sh'
[0.386s] Level 1:colcon.colcon_core.environment:checking '/home/kiki/sentinel_ws/install/diffdrive_arduino/lib'
[0.386s] Level 1:colcon.colcon_core.shell:create_environment_hook('diffdrive_arduino', 'ld_library_path_lib')
[0.386s] INFO:colcon.colcon_core.shell:Creating environment hook '/home/kiki/sentinel_ws/install/diffdrive_arduino/share/diffdrive_arduino/hook/ld_library_path_lib.ps1'
[0.386s] INFO:colcon.colcon_core.shell:Creating environment descriptor '/home/kiki/sentinel_ws/install/diffdrive_arduino/share/diffdrive_arduino/hook/ld_library_path_lib.dsv'
[0.386s] INFO:colcon.colcon_core.shell:Creating environment hook '/home/kiki/sentinel_ws/install/diffdrive_arduino/share/diffdrive_arduino/hook/ld_library_path_lib.sh'
[0.386s] Level 1:colcon.colcon_core.environment:checking '/home/kiki/sentinel_ws/install/diffdrive_arduino/bin'
[0.386s] Level 1:colcon.colcon_core.environment:checking '/home/kiki/sentinel_ws/install/diffdrive_arduino/lib/pkgconfig/diffdrive_arduino.pc'
[0.386s] Level 1:colcon.colcon_core.environment:checking '/home/kiki/sentinel_ws/install/diffdrive_arduino/lib/python3.12/site-packages'
[0.387s] Level 1:colcon.colcon_core.environment:checking '/home/kiki/sentinel_ws/install/diffdrive_arduino/bin'
[0.387s] INFO:colcon.colcon_core.shell:Creating package script '/home/kiki/sentinel_ws/install/diffdrive_arduino/share/diffdrive_arduino/package.ps1'
[0.387s] INFO:colcon.colcon_core.shell:Creating package descriptor '/home/kiki/sentinel_ws/install/diffdrive_arduino/share/diffdrive_arduino/package.dsv'
[0.387s] INFO:colcon.colcon_core.shell:Creating package script '/home/kiki/sentinel_ws/install/diffdrive_arduino/share/diffdrive_arduino/package.sh'
[0.387s] INFO:colcon.colcon_core.shell:Creating package script '/home/kiki/sentinel_ws/install/diffdrive_arduino/share/diffdrive_arduino/package.bash'
[0.387s] INFO:colcon.colcon_core.shell:Creating package script '/home/kiki/sentinel_ws/install/diffdrive_arduino/share/diffdrive_arduino/package.zsh'
[0.388s] Level 1:colcon.colcon_core.environment:create_file_with_runtime_dependencies(/home/kiki/sentinel_ws/install/diffdrive_arduino/share/colcon-core/packages/diffdrive_arduino)
[0.388s] Level 1:colcon.colcon_core.environment:create_environment_scripts_only(diffdrive_arduino)
[0.388s] Level 1:colcon.colcon_core.environment:checking '/home/kiki/sentinel_ws/install/diffdrive_arduino' for CMake module files
[0.388s] Level 1:colcon.colcon_core.environment:checking '/home/kiki/sentinel_ws/install/diffdrive_arduino' for CMake config files
[0.388s] Level 1:colcon.colcon_core.shell:create_environment_hook('diffdrive_arduino', 'cmake_prefix_path')
[0.388s] INFO:colcon.colcon_core.shell:Creating environment hook '/home/kiki/sentinel_ws/install/diffdrive_arduino/share/diffdrive_arduino/hook/cmake_prefix_path.ps1'
[0.389s] INFO:colcon.colcon_core.shell:Creating environment descriptor '/home/kiki/sentinel_ws/install/diffdrive_arduino/share/diffdrive_arduino/hook/cmake_prefix_path.dsv'
[0.389s] INFO:colcon.colcon_core.shell:Creating environment hook '/home/kiki/sentinel_ws/install/diffdrive_arduino/share/diffdrive_arduino/hook/cmake_prefix_path.sh'
[0.389s] Level 1:colcon.colcon_core.environment:checking '/home/kiki/sentinel_ws/install/diffdrive_arduino/lib'
[0.389s] Level 1:colcon.colcon_core.shell:create_environment_hook('diffdrive_arduino', 'ld_library_path_lib')
[0.389s] INFO:colcon.colcon_core.shell:Creating environment hook '/home/kiki/sentinel_ws/install/diffdrive_arduino/share/diffdrive_arduino/hook/ld_library_path_lib.ps1'
[0.389s] INFO:colcon.colcon_core.shell:Creating environment descriptor '/home/kiki/sentinel_ws/install/diffdrive_arduino/share/diffdrive_arduino/hook/ld_library_path_lib.dsv'
[0.389s] INFO:colcon.colcon_core.shell:Creating environment hook '/home/kiki/sentinel_ws/install/diffdrive_arduino/share/diffdrive_arduino/hook/ld_library_path_lib.sh'
[0.390s] Level 1:colcon.colcon_core.environment:checking '/home/kiki/sentinel_ws/install/diffdrive_arduino/bin'
[0.390s] Level 1:colcon.colcon_core.environment:checking '/home/kiki/sentinel_ws/install/diffdrive_arduino/lib/pkgconfig/diffdrive_arduino.pc'
[0.390s] Level 1:colcon.colcon_core.environment:checking '/home/kiki/sentinel_ws/install/diffdrive_arduino/lib/python3.12/site-packages'
[0.390s] Level 1:colcon.colcon_core.environment:checking '/home/kiki/sentinel_ws/install/diffdrive_arduino/bin'
[0.390s] INFO:colcon.colcon_core.shell:Creating package script '/home/kiki/sentinel_ws/install/diffdrive_arduino/share/diffdrive_arduino/package.ps1'
[0.390s] INFO:colcon.colcon_core.shell:Creating package descriptor '/home/kiki/sentinel_ws/install/diffdrive_arduino/share/diffdrive_arduino/package.dsv'
[0.390s] INFO:colcon.colcon_core.shell:Creating package script '/home/kiki/sentinel_ws/install/diffdrive_arduino/share/diffdrive_arduino/package.sh'
[0.391s] INFO:colcon.colcon_core.shell:Creating package script '/home/kiki/sentinel_ws/install/diffdrive_arduino/share/diffdrive_arduino/package.bash'
[0.391s] INFO:colcon.colcon_core.shell:Creating package script '/home/kiki/sentinel_ws/install/diffdrive_arduino/share/diffdrive_arduino/package.zsh'
[0.391s] Level 1:colcon.colcon_core.environment:create_file_with_runtime_dependencies(/home/kiki/sentinel_ws/install/diffdrive_arduino/share/colcon-core/packages/diffdrive_arduino)
[0.391s] DEBUG:colcon.colcon_parallel_executor.executor.parallel:closing loop
[0.391s] DEBUG:colcon.colcon_parallel_executor.executor.parallel:loop closed
[0.391s] DEBUG:colcon.colcon_parallel_executor.executor.parallel:run_until_complete finished with '0'
[0.391s] DEBUG:colcon.colcon_core.event_reactor:joining thread
[0.394s] INFO:colcon.colcon_core.plugin_system:Skipping extension 'colcon_notification.desktop_notification.terminal_notifier': Not used on non-Darwin systems
[0.394s] INFO:colcon.colcon_core.plugin_system:Skipping extension 'colcon_notification.desktop_notification.win32': Not used on non-Windows systems
[0.394s] INFO:colcon.colcon_notification.desktop_notification:Sending desktop notification using 'notify2'
[0.408s] DEBUG:colcon.colcon_core.event_reactor:joined thread
[0.409s] INFO:colcon.colcon_core.shell:Creating prefix script '/home/kiki/sentinel_ws/install/local_setup.ps1'
[0.409s] INFO:colcon.colcon_core.shell:Creating prefix util module '/home/kiki/sentinel_ws/install/_local_setup_util_ps1.py'
[0.410s] INFO:colcon.colcon_core.shell:Creating prefix chain script '/home/kiki/sentinel_ws/install/setup.ps1'
[0.411s] INFO:colcon.colcon_core.shell:Creating prefix script '/home/kiki/sentinel_ws/install/local_setup.sh'
[0.412s] INFO:colcon.colcon_core.shell:Creating prefix util module '/home/kiki/sentinel_ws/install/_local_setup_util_sh.py'
[0.412s] INFO:colcon.colcon_core.shell:Creating prefix chain script '/home/kiki/sentinel_ws/install/setup.sh'
[0.413s] INFO:colcon.colcon_core.shell:Creating prefix script '/home/kiki/sentinel_ws/install/local_setup.bash'
[0.413s] INFO:colcon.colcon_core.shell:Creating prefix chain script '/home/kiki/sentinel_ws/install/setup.bash'
[0.414s] INFO:colcon.colcon_core.shell:Creating prefix script '/home/kiki/sentinel_ws/install/local_setup.zsh'
[0.414s] INFO:colcon.colcon_core.shell:Creating prefix chain script '/home/kiki/sentinel_ws/install/setup.zsh'
