-- The C compiler identification is GNU 13.3.0
-- The CXX compiler identification is GNU 13.3.0
-- Detecting C compiler ABI info
-- Detecting C compiler ABI info - done
-- Check for working C compiler: /usr/bin/cc - skipped
-- Detecting C compile features
-- Detecting C compile features - done
-- Detecting CXX compiler ABI info
-- Detecting CXX compiler ABI info - done
-- Check for working CXX compiler: /usr/bin/c++ - skipped
-- Detecting CXX compile features
-- Detecting CXX compile features - done
-- Found ament_cmake: 2.5.6 (/opt/ros/jazzy/share/ament_cmake/cmake)
-- Found Python3: /usr/bin/python3 (found version "3.12.3") found components: Interpreter 
-- Found rclcpp: 28.1.18 (/opt/ros/jazzy/share/rclcpp/cmake)
-- Found rosidl_generator_c: 4.6.7 (/opt/ros/jazzy/share/rosidl_generator_c/cmake)
-- Found rosidl_generator_cpp: 4.6.7 (/opt/ros/jazzy/share/rosidl_generator_cpp/cmake)
-- Using all available rosidl_typesupport_c: rosidl_typesupport_fastrtps_c;rosidl_typesupport_introspection_c
-- Using all available rosidl_typesupport_cpp: rosidl_typesupport_fastrtps_cpp;rosidl_typesupport_introspection_cpp
-- Found rmw_implementation_cmake: 7.3.3 (/opt/ros/jazzy/share/rmw_implementation_cmake/cmake)
-- Found rmw_fastrtps_cpp: 8.4.3 (/opt/ros/jazzy/share/rmw_fastrtps_cpp/cmake)
-- Found OpenSSL: /usr/lib/x86_64-linux-gnu/libcrypto.so (found version "3.0.13")  
-- Found FastRTPS: /opt/ros/jazzy/include (Required is at least version "2.13") 
-- Using RMW implementation 'rmw_fastrtps_cpp' as default
-- Found sensor_msgs: 5.3.7 (/opt/ros/jazzy/share/sensor_msgs/cmake)
-- Configuring done (1.3s)
-- Generating done (0.0s)
-- Build files have been written to: /home/aiserver-kiki/Sentinel_Project/build/dreame_lds_ros2
[ 50%] Building CXX object CMakeFiles/dreame_lds_node.dir/src/dreame_lds_node.cpp.o
[100%] Linking CXX executable dreame_lds_node
[100%] Built target dreame_lds_node
-- Install configuration: "Release"
-- Installing: /home/aiserver-kiki/Sentinel_Project/install/dreame_lds_ros2/lib/dreame_lds_ros2/dreame_lds_node
-- Set non-toolchain portion of runtime path of "/home/aiserver-kiki/Sentinel_Project/install/dreame_lds_ros2/lib/dreame_lds_ros2/dreame_lds_node" to ""
-- Installing: /home/aiserver-kiki/Sentinel_Project/install/dreame_lds_ros2/share/dreame_lds_ros2/launch
-- Installing: /home/aiserver-kiki/Sentinel_Project/install/dreame_lds_ros2/share/dreame_lds_ros2/launch/dreame_lds.launch.py
-- Installing: /home/aiserver-kiki/Sentinel_Project/install/dreame_lds_ros2/share/dreame_lds_ros2/config
-- Installing: /home/aiserver-kiki/Sentinel_Project/install/dreame_lds_ros2/share/dreame_lds_ros2/config/dreame_lds.rviz
-- Installing: /home/aiserver-kiki/Sentinel_Project/install/dreame_lds_ros2/share/dreame_lds_ros2/params
-- Installing: /home/aiserver-kiki/Sentinel_Project/install/dreame_lds_ros2/share/dreame_lds_ros2/params/dreame_lds.yaml
-- Installing: /home/aiserver-kiki/Sentinel_Project/install/dreame_lds_ros2/share/ament_index/resource_index/package_run_dependencies/dreame_lds_ros2
-- Installing: /home/aiserver-kiki/Sentinel_Project/install/dreame_lds_ros2/share/ament_index/resource_index/parent_prefix_path/dreame_lds_ros2
-- Installing: /home/aiserver-kiki/Sentinel_Project/install/dreame_lds_ros2/share/dreame_lds_ros2/environment/ament_prefix_path.sh
-- Installing: /home/aiserver-kiki/Sentinel_Project/install/dreame_lds_ros2/share/dreame_lds_ros2/environment/ament_prefix_path.dsv
-- Installing: /home/aiserver-kiki/Sentinel_Project/install/dreame_lds_ros2/share/dreame_lds_ros2/environment/path.sh
-- Installing: /home/aiserver-kiki/Sentinel_Project/install/dreame_lds_ros2/share/dreame_lds_ros2/environment/path.dsv
-- Installing: /home/aiserver-kiki/Sentinel_Project/install/dreame_lds_ros2/share/dreame_lds_ros2/local_setup.bash
-- Installing: /home/aiserver-kiki/Sentinel_Project/install/dreame_lds_ros2/share/dreame_lds_ros2/local_setup.sh
-- Installing: /home/aiserver-kiki/Sentinel_Project/install/dreame_lds_ros2/share/dreame_lds_ros2/local_setup.zsh
-- Installing: /home/aiserver-kiki/Sentinel_Project/install/dreame_lds_ros2/share/dreame_lds_ros2/local_setup.dsv
-- Installing: /home/aiserver-kiki/Sentinel_Project/install/dreame_lds_ros2/share/dreame_lds_ros2/package.dsv
-- Installing: /home/aiserver-kiki/Sentinel_Project/install/dreame_lds_ros2/share/ament_index/resource_index/packages/dreame_lds_ros2
-- Installing: /home/aiserver-kiki/Sentinel_Project/install/dreame_lds_ros2/share/dreame_lds_ros2/cmake/dreame_lds_ros2Config.cmake
-- Installing: /home/aiserver-kiki/Sentinel_Project/install/dreame_lds_ros2/share/dreame_lds_ros2/cmake/dreame_lds_ros2Config-version.cmake
-- Installing: /home/aiserver-kiki/Sentinel_Project/install/dreame_lds_ros2/share/dreame_lds_ros2/package.xml
