[0.007s] Invoking command in '/home/kiki/sentinel_ws/build/serial': CMAKE_PREFIX_PATH=${CMAKE_PREFIX_PATH}:/opt/ros/jazzy DEBUGINFOD_URLS=https://debuginfod.ubuntu.com /usr/bin/cmake /home/kiki/sentinel_ws/src/serial -DAMENT_CMAKE_SYMLINK_INSTALL=1 -DCMAKE_INSTALL_PREFIX=/home/kiki/sentinel_ws/install/serial
[0.016s] -- Found ament_cmake: 2.5.4 (/opt/ros/jazzy/share/ament_cmake/cmake)
[0.148s] -- Override CMake install command with custom implementation using symlinks instead of copying resources
[0.153s] -- Found ament_cmake_gtest: 2.5.4 (/opt/ros/jazzy/share/ament_cmake_gtest/cmake)
[0.155s] -- Found gtest sources under '/opt/ros/jazzy/src/gtest_vendor': C++ tests using 'Google Test' will be built
[0.210s] -- Configuring done (0.2s)
[0.216s] -- Generating done (0.0s)
[0.218s] -- Build files have been written to: /home/kiki/sentinel_ws/build/serial
[0.220s] Invoked command in '/home/kiki/sentinel_ws/build/serial' returned '0': CMAKE_PREFIX_PATH=${CMAKE_PREFIX_PATH}:/opt/ros/jazzy DEBUGINFOD_URLS=https://debuginfod.ubuntu.com /usr/bin/cmake /home/kiki/sentinel_ws/src/serial -DAMENT_CMAKE_SYMLINK_INSTALL=1 -DCMAKE_INSTALL_PREFIX=/home/kiki/sentinel_ws/install/serial
[0.221s] Invoking command in '/home/kiki/sentinel_ws/build/serial': CMAKE_PREFIX_PATH=${CMAKE_PREFIX_PATH}:/opt/ros/jazzy DEBUGINFOD_URLS=https://debuginfod.ubuntu.com /usr/bin/cmake --build /home/kiki/sentinel_ws/build/serial -- -j20 -l20
[0.262s] [ 28%] Built target gtest_main
[0.263s] [ 28%] Built target gtest
[0.263s] [ 57%] Built target serial
[0.281s] [ 71%] Built target serial_example
[0.284s] [ 85%] Built target serial-test-timer
[0.284s] [100%] Built target serial-test
[0.293s] Invoked command in '/home/kiki/sentinel_ws/build/serial' returned '0': CMAKE_PREFIX_PATH=${CMAKE_PREFIX_PATH}:/opt/ros/jazzy DEBUGINFOD_URLS=https://debuginfod.ubuntu.com /usr/bin/cmake --build /home/kiki/sentinel_ws/build/serial -- -j20 -l20
[0.301s] Invoking command in '/home/kiki/sentinel_ws/build/serial': CMAKE_PREFIX_PATH=${CMAKE_PREFIX_PATH}:/opt/ros/jazzy DEBUGINFOD_URLS=https://debuginfod.ubuntu.com /usr/bin/cmake --install /home/kiki/sentinel_ws/build/serial
[0.306s] -- Install configuration: ""
[0.306s] -- Execute custom install script
[0.306s] -- Up-to-date symlink: /home/kiki/sentinel_ws/install/serial/lib/libserial.a
[0.306s] -- Up-to-date symlink: /home/kiki/sentinel_ws/install/serial/include/serial/serial.h
[0.306s] -- Up-to-date symlink: /home/kiki/sentinel_ws/install/serial/include/serial/v8stdint.h
[0.307s] -- Up-to-date symlink: /home/kiki/sentinel_ws/install/serial/share/serial/environment/library_path.sh
[0.307s] -- Up-to-date symlink: /home/kiki/sentinel_ws/install/serial/share/serial/environment/library_path.dsv
[0.307s] -- Up-to-date symlink: /home/kiki/sentinel_ws/install/serial/share/ament_index/resource_index/package_run_dependencies/serial
[0.307s] -- Up-to-date symlink: /home/kiki/sentinel_ws/install/serial/share/ament_index/resource_index/parent_prefix_path/serial
[0.307s] -- Up-to-date symlink: /home/kiki/sentinel_ws/install/serial/share/serial/environment/ament_prefix_path.sh
[0.307s] -- Up-to-date symlink: /home/kiki/sentinel_ws/install/serial/share/serial/environment/ament_prefix_path.dsv
[0.307s] -- Up-to-date symlink: /home/kiki/sentinel_ws/install/serial/share/serial/environment/path.sh
[0.307s] -- Up-to-date symlink: /home/kiki/sentinel_ws/install/serial/share/serial/environment/path.dsv
[0.307s] -- Up-to-date symlink: /home/kiki/sentinel_ws/install/serial/share/serial/local_setup.bash
[0.307s] -- Up-to-date symlink: /home/kiki/sentinel_ws/install/serial/share/serial/local_setup.sh
[0.307s] -- Up-to-date symlink: /home/kiki/sentinel_ws/install/serial/share/serial/local_setup.zsh
[0.307s] -- Up-to-date symlink: /home/kiki/sentinel_ws/install/serial/share/serial/local_setup.dsv
[0.307s] -- Symlinking: /home/kiki/sentinel_ws/install/serial/share/serial/package.dsv
[0.316s] -- Up-to-date symlink: /home/kiki/sentinel_ws/install/serial/share/ament_index/resource_index/packages/serial
[0.317s] -- Up-to-date symlink: /home/kiki/sentinel_ws/install/serial/share/serial/cmake/ament_cmake_export_include_directories-extras.cmake
[0.317s] -- Up-to-date symlink: /home/kiki/sentinel_ws/install/serial/share/serial/cmake/ament_cmake_export_libraries-extras.cmake
[0.317s] -- Up-to-date symlink: /home/kiki/sentinel_ws/install/serial/share/serial/cmake/serialConfig.cmake
[0.317s] -- Up-to-date symlink: /home/kiki/sentinel_ws/install/serial/share/serial/cmake/serialConfig-version.cmake
[0.317s] -- Up-to-date symlink: /home/kiki/sentinel_ws/install/serial/share/serial/package.xml
[0.318s] Invoked command in '/home/kiki/sentinel_ws/build/serial' returned '0': CMAKE_PREFIX_PATH=${CMAKE_PREFIX_PATH}:/opt/ros/jazzy DEBUGINFOD_URLS=https://debuginfod.ubuntu.com /usr/bin/cmake --install /home/kiki/sentinel_ws/build/serial
