../application/sensors.c:16:13:initSensors	8	static
../application/sensors.c:20:26:pca9548a_select_channel	32	static
../application/sensors.c:34:13:initMpu6050	72	static
../application/sensors.c:85:13:initINA219	72	static
../application/sensors.c:157:20:halStatusStr	16	static
../application/sensors.c:173:13:diagINA219	208	static
../application/sensors.c:235:26:readMPU6050	48	static
../application/sensors.c:262:26:readINA219	56	static
../application/sensors.c:328:16:readShuntRawIndependent	40	static
../application/sensors.c:341:13:debugINA219	48	static
../application/sensors.c:352:13:debugMPU6050	40	static
../application/sensors.c:364:13:diagIMU	288	static
