-- Found ament_cmake: 2.5.6 (/opt/ros/jazzy/share/ament_cmake/cmake)
-- Override CMake install command with custom implementation using symlinks instead of copying resources
-- Found rclcpp: 28.1.18 (/opt/ros/jazzy/share/rclcpp/cmake)
-- Found rosidl_generator_c: 4.6.7 (/opt/ros/jazzy/share/rosidl_generator_c/cmake)
-- Found rosidl_generator_cpp: 4.6.7 (/opt/ros/jazzy/share/rosidl_generator_cpp/cmake)
-- Using all available rosidl_typesupport_c: rosidl_typesupport_fastrtps_c;rosidl_typesupport_introspection_c
-- Using all available rosidl_typesupport_cpp: rosidl_typesupport_fastrtps_cpp;rosidl_typesupport_introspection_cpp
-- Found rmw_implementation_cmake: 7.3.3 (/opt/ros/jazzy/share/rmw_implementation_cmake/cmake)
-- Found rmw_fastrtps_cpp: 8.4.3 (/opt/ros/jazzy/share/rmw_fastrtps_cpp/cmake)
-- Using RMW implementation 'rmw_fastrtps_cpp' as default
-- Found sensor_msgs: 5.3.7 (/opt/ros/jazzy/share/sensor_msgs/cmake)
-- Found visualization_msgs: 5.3.7 (/opt/ros/jazzy/share/visualization_msgs/cmake)
-- Found std_srvs: 5.3.7 (/opt/ros/jazzy/share/std_srvs/cmake)
-- Found ament_lint_auto: 0.17.5 (/opt/ros/jazzy/share/ament_lint_auto/cmake)
-- Added test 'copyright' to check source files copyright and LICENSE
-- Added test 'cppcheck' to perform static code analysis on C / C++ code
-- Configured cppcheck include dirs: /home/aiserver-kiki/Sentinel_Project/src/ydlidar_ros2_driver_jazzy/src
-- Configured cppcheck exclude dirs and/or files: 
-- Added test 'cpplint' to check C / C++ code against the Google style
-- Configured cpplint exclude dirs and/or files: 
-- Added test 'flake8' to check Python code syntax and style conventions
-- Configured 'flake8' exclude dirs and/or files: 
-- Added test 'lint_cmake' to check CMake code style
-- Added test 'pep257' to check Python code against some of the docstring style conventions in PEP 257
-- Added test 'uncrustify' to check C / C++ code style
-- Configured uncrustify additional arguments: 
-- Added test 'xmllint' to check XML markup files
-- Configuring done (0.8s)
-- Generating done (0.0s)
-- Build files have been written to: /home/aiserver-kiki/Sentinel_Project/build/ydlidar_ros2_driver
[ 50%] [32mBuilding CXX object CMakeFiles/ydlidar_ros2_driver_client.dir/src/ydlidar_ros2_driver_client.cpp.o[0m
[ 50%] [32mBuilding CXX object CMakeFiles/ydlidar_ros2_driver_node.dir/src/ydlidar_ros2_driver_node.cpp.o[0m
[01m[K/home/aiserver-kiki/Sentinel_Project/src/ydlidar_ros2_driver_jazzy/src/ydlidar_ros2_driver_node.cpp:[m[K In function ‘[01m[Kint[01;32m[K main[m[K(int, char**)[m[K’:
[01m[K/home/aiserver-kiki/Sentinel_Project/src/ydlidar_ros2_driver_jazzy/src/ydlidar_ros2_driver_node.cpp:132:8:[m[K [01;35m[Kwarning: [m[Kunused variable ‘[01m[Kinvalid_range_is_inf[m[K’ [[01;35m[K]8;;https://gcc.gnu.org/onlinedocs/gcc/Warning-Options.html#index-Wunused-variable-Wunused-variable]8;;[m[K]
  132 |   bool [01;35m[Kinvalid_range_is_inf[m[K = node->declare_parameter<bool>("invalid_range_is_inf", false);
      |        [01;35m[K^~~~~~~~~~~~~~~~~~~~[m[K
[ 75%] [32m[1mLinking CXX executable ydlidar_ros2_driver_node[0m
[ 75%] Built target ydlidar_ros2_driver_node
[100%] [32m[1mLinking CXX executable ydlidar_ros2_driver_client[0m
[100%] Built target ydlidar_ros2_driver_client
-- Install configuration: ""
-- Execute custom install script
-- Symlinking: /home/aiserver-kiki/Sentinel_Project/install/ydlidar_ros2_driver/lib/ydlidar_ros2_driver/ydlidar_ros2_driver_node
-- Symlinking: /home/aiserver-kiki/Sentinel_Project/install/ydlidar_ros2_driver/lib/ydlidar_ros2_driver/ydlidar_ros2_driver_client
-- Symlinking: /home/aiserver-kiki/Sentinel_Project/install/ydlidar_ros2_driver/share/ydlidar_ros2_driver/launch/ydlidar.py
-- Symlinking: /home/aiserver-kiki/Sentinel_Project/install/ydlidar_ros2_driver/share/ydlidar_ros2_driver/launch/ydlidar_launch.py
-- Symlinking: /home/aiserver-kiki/Sentinel_Project/install/ydlidar_ros2_driver/share/ydlidar_ros2_driver/launch/ydlidar_launch_view.py
-- Symlinking: /home/aiserver-kiki/Sentinel_Project/install/ydlidar_ros2_driver/share/ydlidar_ros2_driver/params/G1.yaml
-- Symlinking: /home/aiserver-kiki/Sentinel_Project/install/ydlidar_ros2_driver/share/ydlidar_ros2_driver/params/G2.yaml
-- Symlinking: /home/aiserver-kiki/Sentinel_Project/install/ydlidar_ros2_driver/share/ydlidar_ros2_driver/params/G6.yaml
-- Symlinking: /home/aiserver-kiki/Sentinel_Project/install/ydlidar_ros2_driver/share/ydlidar_ros2_driver/params/GS2.yaml
-- Symlinking: /home/aiserver-kiki/Sentinel_Project/install/ydlidar_ros2_driver/share/ydlidar_ros2_driver/params/TEA.yaml
-- Symlinking: /home/aiserver-kiki/Sentinel_Project/install/ydlidar_ros2_driver/share/ydlidar_ros2_driver/params/TG.yaml
-- Symlinking: /home/aiserver-kiki/Sentinel_Project/install/ydlidar_ros2_driver/share/ydlidar_ros2_driver/params/TminiPro.yaml
-- Symlinking: /home/aiserver-kiki/Sentinel_Project/install/ydlidar_ros2_driver/share/ydlidar_ros2_driver/params/X2.yaml
-- Symlinking: /home/aiserver-kiki/Sentinel_Project/install/ydlidar_ros2_driver/share/ydlidar_ros2_driver/params/X4-Pro.yaml
-- Symlinking: /home/aiserver-kiki/Sentinel_Project/install/ydlidar_ros2_driver/share/ydlidar_ros2_driver/params/X4.yaml
-- Symlinking: /home/aiserver-kiki/Sentinel_Project/install/ydlidar_ros2_driver/share/ydlidar_ros2_driver/params/ydlidar.yaml
-- Symlinking: /home/aiserver-kiki/Sentinel_Project/install/ydlidar_ros2_driver/share/ydlidar_ros2_driver/startup/initenv.sh
-- Symlinking: /home/aiserver-kiki/Sentinel_Project/install/ydlidar_ros2_driver/share/ydlidar_ros2_driver/config/ydlidar.rviz
-- Symlinking: /home/aiserver-kiki/Sentinel_Project/install/ydlidar_ros2_driver/share/ament_index/resource_index/package_run_dependencies/ydlidar_ros2_driver
-- Symlinking: /home/aiserver-kiki/Sentinel_Project/install/ydlidar_ros2_driver/share/ament_index/resource_index/parent_prefix_path/ydlidar_ros2_driver
-- Symlinking: /home/aiserver-kiki/Sentinel_Project/install/ydlidar_ros2_driver/share/ydlidar_ros2_driver/environment/ament_prefix_path.sh
-- Symlinking: /home/aiserver-kiki/Sentinel_Project/install/ydlidar_ros2_driver/share/ydlidar_ros2_driver/environment/ament_prefix_path.dsv
-- Symlinking: /home/aiserver-kiki/Sentinel_Project/install/ydlidar_ros2_driver/share/ydlidar_ros2_driver/environment/path.sh
-- Symlinking: /home/aiserver-kiki/Sentinel_Project/install/ydlidar_ros2_driver/share/ydlidar_ros2_driver/environment/path.dsv
-- Symlinking: /home/aiserver-kiki/Sentinel_Project/install/ydlidar_ros2_driver/share/ydlidar_ros2_driver/local_setup.bash
-- Symlinking: /home/aiserver-kiki/Sentinel_Project/install/ydlidar_ros2_driver/share/ydlidar_ros2_driver/local_setup.sh
-- Symlinking: /home/aiserver-kiki/Sentinel_Project/install/ydlidar_ros2_driver/share/ydlidar_ros2_driver/local_setup.zsh
-- Symlinking: /home/aiserver-kiki/Sentinel_Project/install/ydlidar_ros2_driver/share/ydlidar_ros2_driver/local_setup.dsv
-- Symlinking: /home/aiserver-kiki/Sentinel_Project/install/ydlidar_ros2_driver/share/ydlidar_ros2_driver/package.dsv
-- Symlinking: /home/aiserver-kiki/Sentinel_Project/install/ydlidar_ros2_driver/share/ament_index/resource_index/packages/ydlidar_ros2_driver
-- Symlinking: /home/aiserver-kiki/Sentinel_Project/install/ydlidar_ros2_driver/share/ydlidar_ros2_driver/cmake/ydlidar_ros2_driverConfig.cmake
-- Symlinking: /home/aiserver-kiki/Sentinel_Project/install/ydlidar_ros2_driver/share/ydlidar_ros2_driver/cmake/ydlidar_ros2_driverConfig-version.cmake
-- Symlinking: /home/aiserver-kiki/Sentinel_Project/install/ydlidar_ros2_driver/share/ydlidar_ros2_driver/package.xml
