[0.009s] Invoking command in '/home/kiki/sentinel_ws/build/serial': CMAKE_PREFIX_PATH=${CMAKE_PREFIX_PATH}:/opt/ros/jazzy DEBUGINFOD_URLS=https://debuginfod.ubuntu.com /usr/bin/cmake --build /home/kiki/sentinel_ws/build/serial -- -j20 -l20
[0.049s] [ 14%] Built target gtest
[0.052s] [ 42%] Built target serial
[0.052s] [ 57%] Built target gtest_main
[0.069s] [ 78%] Built target serial_example
[0.069s] [ 85%] Built target serial-test
[0.070s] [100%] Built target serial-test-timer
[0.078s] Invoked command in '/home/kiki/sentinel_ws/build/serial' returned '0': CMAKE_PREFIX_PATH=${CMAKE_PREFIX_PATH}:/opt/ros/jazzy DEBUGINFOD_URLS=https://debuginfod.ubuntu.com /usr/bin/cmake --build /home/kiki/sentinel_ws/build/serial -- -j20 -l20
[0.079s] Invoking command in '/home/kiki/sentinel_ws/build/serial': CMAKE_PREFIX_PATH=${CMAKE_PREFIX_PATH}:/opt/ros/jazzy DEBUGINFOD_URLS=https://debuginfod.ubuntu.com /usr/bin/cmake --install /home/kiki/sentinel_ws/build/serial
[0.085s] -- Install configuration: ""
[0.086s] -- Execute custom install script
[0.086s] -- Up-to-date symlink: /home/kiki/sentinel_ws/install/serial/lib/libserial.a
[0.086s] -- Up-to-date symlink: /home/kiki/sentinel_ws/install/serial/include/serial/serial.h
[0.086s] -- Up-to-date symlink: /home/kiki/sentinel_ws/install/serial/include/serial/v8stdint.h
[0.086s] -- Up-to-date symlink: /home/kiki/sentinel_ws/install/serial/share/serial/environment/library_path.sh
[0.086s] -- Up-to-date symlink: /home/kiki/sentinel_ws/install/serial/share/serial/environment/library_path.dsv
[0.086s] -- Up-to-date symlink: /home/kiki/sentinel_ws/install/serial/share/ament_index/resource_index/package_run_dependencies/serial
[0.086s] -- Up-to-date symlink: /home/kiki/sentinel_ws/install/serial/share/ament_index/resource_index/parent_prefix_path/serial
[0.086s] -- Up-to-date symlink: /home/kiki/sentinel_ws/install/serial/share/serial/environment/ament_prefix_path.sh
[0.086s] -- Up-to-date symlink: /home/kiki/sentinel_ws/install/serial/share/serial/environment/ament_prefix_path.dsv
[0.086s] -- Up-to-date symlink: /home/kiki/sentinel_ws/install/serial/share/serial/environment/path.sh
[0.086s] -- Up-to-date symlink: /home/kiki/sentinel_ws/install/serial/share/serial/environment/path.dsv
[0.086s] -- Up-to-date symlink: /home/kiki/sentinel_ws/install/serial/share/serial/local_setup.bash
[0.086s] -- Up-to-date symlink: /home/kiki/sentinel_ws/install/serial/share/serial/local_setup.sh
[0.087s] -- Up-to-date symlink: /home/kiki/sentinel_ws/install/serial/share/serial/local_setup.zsh
[0.087s] -- Up-to-date symlink: /home/kiki/sentinel_ws/install/serial/share/serial/local_setup.dsv
[0.087s] -- Symlinking: /home/kiki/sentinel_ws/install/serial/share/serial/package.dsv
[0.091s] -- Up-to-date symlink: /home/kiki/sentinel_ws/install/serial/share/ament_index/resource_index/packages/serial
[0.091s] -- Up-to-date symlink: /home/kiki/sentinel_ws/install/serial/share/serial/cmake/ament_cmake_export_include_directories-extras.cmake
[0.091s] -- Up-to-date symlink: /home/kiki/sentinel_ws/install/serial/share/serial/cmake/ament_cmake_export_libraries-extras.cmake
[0.092s] -- Up-to-date symlink: /home/kiki/sentinel_ws/install/serial/share/serial/cmake/serialConfig.cmake
[0.092s] -- Up-to-date symlink: /home/kiki/sentinel_ws/install/serial/share/serial/cmake/serialConfig-version.cmake
[0.093s] -- Up-to-date symlink: /home/kiki/sentinel_ws/install/serial/share/serial/package.xml
[0.094s] Invoked command in '/home/kiki/sentinel_ws/build/serial' returned '0': CMAKE_PREFIX_PATH=${CMAKE_PREFIX_PATH}:/opt/ros/jazzy DEBUGINFOD_URLS=https://debuginfod.ubuntu.com /usr/bin/cmake --install /home/kiki/sentinel_ws/build/serial
