[0.092s] DEBUG:colcon:Command line arguments: ['/usr/bin/colcon', 'build', '--symlink-install']
[0.093s] DEBUG:colcon:Parsed command line arguments: Namespace(log_base=None, log_level=None, verb_name='build', build_base='build', install_base='install', merge_install=False, symlink_install=True, test_result_base=None, continue_on_error=False, executor='parallel', parallel_workers=12, event_handlers=None, ignore_user_meta=False, metas=['./colcon.meta'], base_paths=['.'], packages_ignore=None, packages_ignore_regex=None, paths=None, packages_up_to=None, packages_up_to_regex=None, packages_above=None, packages_above_and_dependencies=None, packages_above_depth=None, packages_select_by_dep=None, packages_skip_by_dep=None, packages_skip_up_to=None, packages_select_build_failed=False, packages_skip_build_finished=False, packages_select_test_failures=False, packages_skip_test_passed=False, packages_select=None, packages_skip=None, packages_select_regex=None, packages_skip_regex=None, packages_start=None, packages_end=None, allow_overriding=[], cmake_args=None, cmake_target=None, cmake_target_skip_unavailable=False, cmake_clean_cache=False, cmake_clean_first=False, cmake_force_configure=False, ament_cmake_args=None, catkin_cmake_args=None, catkin_skip_building_tests=False, mixin_files=None, mixin=None, verb_parser=<colcon_mixin.mixin.mixin_argument.MixinArgumentDecorator object at 0x799eb81a85f0>, verb_extension=<colcon_core.verb.build.BuildVerb object at 0x799eb82d42f0>, main=<bound method BuildVerb.main of <colcon_core.verb.build.BuildVerb object at 0x799eb82d42f0>>, mixin_verb=('build',))
[0.126s] Level 1:colcon.colcon_core.package_discovery:discover_packages(colcon_meta) check parameters
[0.126s] Level 1:colcon.colcon_core.package_discovery:discover_packages(recursive) check parameters
[0.126s] Level 1:colcon.colcon_core.package_discovery:discover_packages(ignore) check parameters
[0.126s] Level 1:colcon.colcon_core.package_discovery:discover_packages(path) check parameters
[0.126s] Level 1:colcon.colcon_core.package_discovery:discover_packages(colcon_meta) discover
[0.126s] Level 1:colcon.colcon_core.package_discovery:discover_packages(recursive) discover
[0.126s] INFO:colcon.colcon_core.package_discovery:Crawling recursively for packages in '/home/aiserver-kiki/Sentinel_Project'
[0.126s] Level 1:colcon.colcon_core.package_identification:_identify(.) by extensions ['ignore', 'ignore_ament_install']
[0.126s] Level 1:colcon.colcon_core.package_identification:_identify(.) by extension 'ignore'
[0.126s] Level 1:colcon.colcon_core.package_identification:_identify(.) by extension 'ignore_ament_install'
[0.126s] Level 1:colcon.colcon_core.package_identification:_identify(.) by extensions ['colcon_pkg']
[0.126s] Level 1:colcon.colcon_core.package_identification:_identify(.) by extension 'colcon_pkg'
[0.126s] Level 1:colcon.colcon_core.package_identification:_identify(.) by extensions ['colcon_meta']
[0.127s] Level 1:colcon.colcon_core.package_identification:_identify(.) by extension 'colcon_meta'
[0.127s] Level 1:colcon.colcon_core.package_identification:_identify(.) by extensions ['ros']
[0.127s] Level 1:colcon.colcon_core.package_identification:_identify(.) by extension 'ros'
[0.149s] Level 1:colcon.colcon_core.package_identification:_identify(.) by extensions ['cmake', 'python']
[0.149s] Level 1:colcon.colcon_core.package_identification:_identify(.) by extension 'cmake'
[0.149s] Level 1:colcon.colcon_core.package_identification:_identify(.) by extension 'python'
[0.149s] Level 1:colcon.colcon_core.package_identification:_identify(.) by extensions ['python_setup_py']
[0.149s] Level 1:colcon.colcon_core.package_identification:_identify(.) by extension 'python_setup_py'
[0.149s] Level 1:colcon.colcon_core.package_identification:_identify(build) by extensions ['ignore', 'ignore_ament_install']
[0.149s] Level 1:colcon.colcon_core.package_identification:_identify(build) by extension 'ignore'
[0.149s] Level 1:colcon.colcon_core.package_identification:_identify(build) ignored
[0.149s] Level 1:colcon.colcon_core.package_identification:_identify(install) by extensions ['ignore', 'ignore_ament_install']
[0.149s] Level 1:colcon.colcon_core.package_identification:_identify(install) by extension 'ignore'
[0.149s] Level 1:colcon.colcon_core.package_identification:_identify(install) ignored
[0.149s] Level 1:colcon.colcon_core.package_identification:_identify(log) by extensions ['ignore', 'ignore_ament_install']
[0.149s] Level 1:colcon.colcon_core.package_identification:_identify(log) by extension 'ignore'
[0.149s] Level 1:colcon.colcon_core.package_identification:_identify(log) ignored
[0.149s] Level 1:colcon.colcon_core.package_identification:_identify(src) by extensions ['ignore', 'ignore_ament_install']
[0.150s] Level 1:colcon.colcon_core.package_identification:_identify(src) by extension 'ignore'
[0.150s] Level 1:colcon.colcon_core.package_identification:_identify(src) by extension 'ignore_ament_install'
[0.150s] Level 1:colcon.colcon_core.package_identification:_identify(src) by extensions ['colcon_pkg']
[0.150s] Level 1:colcon.colcon_core.package_identification:_identify(src) by extension 'colcon_pkg'
[0.150s] Level 1:colcon.colcon_core.package_identification:_identify(src) by extensions ['colcon_meta']
[0.150s] Level 1:colcon.colcon_core.package_identification:_identify(src) by extension 'colcon_meta'
[0.150s] Level 1:colcon.colcon_core.package_identification:_identify(src) by extensions ['ros']
[0.150s] Level 1:colcon.colcon_core.package_identification:_identify(src) by extension 'ros'
[0.150s] Level 1:colcon.colcon_core.package_identification:_identify(src) by extensions ['cmake', 'python']
[0.150s] Level 1:colcon.colcon_core.package_identification:_identify(src) by extension 'cmake'
[0.150s] Level 1:colcon.colcon_core.package_identification:_identify(src) by extension 'python'
[0.150s] Level 1:colcon.colcon_core.package_identification:_identify(src) by extensions ['python_setup_py']
[0.150s] Level 1:colcon.colcon_core.package_identification:_identify(src) by extension 'python_setup_py'
[0.150s] Level 1:colcon.colcon_core.package_identification:_identify(src/diffdrive_arduino) by extensions ['ignore', 'ignore_ament_install']
[0.150s] Level 1:colcon.colcon_core.package_identification:_identify(src/diffdrive_arduino) by extension 'ignore'
[0.150s] Level 1:colcon.colcon_core.package_identification:_identify(src/diffdrive_arduino) by extension 'ignore_ament_install'
[0.150s] Level 1:colcon.colcon_core.package_identification:_identify(src/diffdrive_arduino) by extensions ['colcon_pkg']
[0.150s] Level 1:colcon.colcon_core.package_identification:_identify(src/diffdrive_arduino) by extension 'colcon_pkg'
[0.150s] Level 1:colcon.colcon_core.package_identification:_identify(src/diffdrive_arduino) by extensions ['colcon_meta']
[0.150s] Level 1:colcon.colcon_core.package_identification:_identify(src/diffdrive_arduino) by extension 'colcon_meta'
[0.150s] Level 1:colcon.colcon_core.package_identification:_identify(src/diffdrive_arduino) by extensions ['ros']
[0.150s] Level 1:colcon.colcon_core.package_identification:_identify(src/diffdrive_arduino) by extension 'ros'
[0.152s] DEBUG:colcon.colcon_core.package_identification:Package 'src/diffdrive_arduino' with type 'ros.ament_cmake' and name 'diffdrive_arduino'
[0.153s] Level 1:colcon.colcon_core.package_identification:_identify(src/sentinel_publisher) by extensions ['ignore', 'ignore_ament_install']
[0.153s] Level 1:colcon.colcon_core.package_identification:_identify(src/sentinel_publisher) by extension 'ignore'
[0.153s] Level 1:colcon.colcon_core.package_identification:_identify(src/sentinel_publisher) by extension 'ignore_ament_install'
[0.153s] Level 1:colcon.colcon_core.package_identification:_identify(src/sentinel_publisher) by extensions ['colcon_pkg']
[0.153s] Level 1:colcon.colcon_core.package_identification:_identify(src/sentinel_publisher) by extension 'colcon_pkg'
[0.153s] Level 1:colcon.colcon_core.package_identification:_identify(src/sentinel_publisher) by extensions ['colcon_meta']
[0.153s] Level 1:colcon.colcon_core.package_identification:_identify(src/sentinel_publisher) by extension 'colcon_meta'
[0.153s] Level 1:colcon.colcon_core.package_identification:_identify(src/sentinel_publisher) by extensions ['ros']
[0.153s] Level 1:colcon.colcon_core.package_identification:_identify(src/sentinel_publisher) by extension 'ros'
[0.154s] DEBUG:colcon.colcon_core.package_identification:Package 'src/sentinel_publisher' with type 'ros.ament_cmake' and name 'sentinel_publisher'
[0.154s] Level 1:colcon.colcon_core.package_identification:_identify(src/serial) by extensions ['ignore', 'ignore_ament_install']
[0.154s] Level 1:colcon.colcon_core.package_identification:_identify(src/serial) by extension 'ignore'
[0.154s] Level 1:colcon.colcon_core.package_identification:_identify(src/serial) by extension 'ignore_ament_install'
[0.154s] Level 1:colcon.colcon_core.package_identification:_identify(src/serial) by extensions ['colcon_pkg']
[0.154s] Level 1:colcon.colcon_core.package_identification:_identify(src/serial) by extension 'colcon_pkg'
[0.154s] Level 1:colcon.colcon_core.package_identification:_identify(src/serial) by extensions ['colcon_meta']
[0.154s] Level 1:colcon.colcon_core.package_identification:_identify(src/serial) by extension 'colcon_meta'
[0.154s] Level 1:colcon.colcon_core.package_identification:_identify(src/serial) by extensions ['ros']
[0.154s] Level 1:colcon.colcon_core.package_identification:_identify(src/serial) by extension 'ros'
[0.154s] DEBUG:colcon.colcon_core.package_identification:Package 'src/serial' with type 'ros.ament_cmake' and name 'serial'
[0.155s] Level 1:colcon.colcon_core.package_identification:_identify(src/ydlidar_ros2_driver_jazzy) by extensions ['ignore', 'ignore_ament_install']
[0.155s] Level 1:colcon.colcon_core.package_identification:_identify(src/ydlidar_ros2_driver_jazzy) by extension 'ignore'
[0.155s] Level 1:colcon.colcon_core.package_identification:_identify(src/ydlidar_ros2_driver_jazzy) by extension 'ignore_ament_install'
[0.155s] Level 1:colcon.colcon_core.package_identification:_identify(src/ydlidar_ros2_driver_jazzy) by extensions ['colcon_pkg']
[0.155s] Level 1:colcon.colcon_core.package_identification:_identify(src/ydlidar_ros2_driver_jazzy) by extension 'colcon_pkg'
[0.155s] Level 1:colcon.colcon_core.package_identification:_identify(src/ydlidar_ros2_driver_jazzy) by extensions ['colcon_meta']
[0.155s] Level 1:colcon.colcon_core.package_identification:_identify(src/ydlidar_ros2_driver_jazzy) by extension 'colcon_meta'
[0.155s] Level 1:colcon.colcon_core.package_identification:_identify(src/ydlidar_ros2_driver_jazzy) by extensions ['ros']
[0.155s] Level 1:colcon.colcon_core.package_identification:_identify(src/ydlidar_ros2_driver_jazzy) by extension 'ros'
[0.155s] DEBUG:colcon.colcon_core.package_identification:Package 'src/ydlidar_ros2_driver_jazzy' with type 'ros.ament_cmake' and name 'ydlidar_ros2_driver'
[0.155s] Level 1:colcon.colcon_core.package_discovery:discover_packages(recursive) using defaults
[0.155s] Level 1:colcon.colcon_core.package_discovery:discover_packages(ignore) discover
[0.155s] Level 1:colcon.colcon_core.package_discovery:discover_packages(ignore) using defaults
[0.155s] Level 1:colcon.colcon_core.package_discovery:discover_packages(path) discover
[0.155s] Level 1:colcon.colcon_core.package_discovery:discover_packages(path) using defaults
[0.170s] Level 1:colcon.colcon_core.package_discovery:discover_packages(prefix_path) check parameters
[0.170s] Level 1:colcon.colcon_core.package_discovery:discover_packages(prefix_path) discover
[0.173s] DEBUG:colcon.colcon_installed_package_information.package_discovery:Found 423 installed packages in /opt/ros/jazzy
[0.175s] Level 1:colcon.colcon_core.package_discovery:discover_packages(prefix_path) using defaults
[0.222s] Level 5:colcon.colcon_core.verb:set package 'sentinel_publisher' build argument 'cmake_args' from command line to 'None'
[0.222s] Level 5:colcon.colcon_core.verb:set package 'sentinel_publisher' build argument 'cmake_target' from command line to 'None'
[0.222s] Level 5:colcon.colcon_core.verb:set package 'sentinel_publisher' build argument 'cmake_target_skip_unavailable' from command line to 'False'
[0.222s] Level 5:colcon.colcon_core.verb:set package 'sentinel_publisher' build argument 'cmake_clean_cache' from command line to 'False'
[0.222s] Level 5:colcon.colcon_core.verb:set package 'sentinel_publisher' build argument 'cmake_clean_first' from command line to 'False'
[0.222s] Level 5:colcon.colcon_core.verb:set package 'sentinel_publisher' build argument 'cmake_force_configure' from command line to 'False'
[0.223s] Level 5:colcon.colcon_core.verb:set package 'sentinel_publisher' build argument 'ament_cmake_args' from command line to 'None'
[0.223s] Level 5:colcon.colcon_core.verb:set package 'sentinel_publisher' build argument 'catkin_cmake_args' from command line to 'None'
[0.223s] Level 5:colcon.colcon_core.verb:set package 'sentinel_publisher' build argument 'catkin_skip_building_tests' from command line to 'False'
[0.223s] DEBUG:colcon.colcon_core.verb:Building package 'sentinel_publisher' with the following arguments: {'ament_cmake_args': None, 'build_base': '/home/aiserver-kiki/Sentinel_Project/build/sentinel_publisher', 'catkin_cmake_args': None, 'catkin_skip_building_tests': False, 'cmake_args': None, 'cmake_clean_cache': False, 'cmake_clean_first': False, 'cmake_force_configure': False, 'cmake_target': None, 'cmake_target_skip_unavailable': False, 'install_base': '/home/aiserver-kiki/Sentinel_Project/install/sentinel_publisher', 'merge_install': False, 'path': '/home/aiserver-kiki/Sentinel_Project/src/sentinel_publisher', 'symlink_install': True, 'test_result_base': None}
[0.223s] Level 5:colcon.colcon_core.verb:set package 'serial' build argument 'cmake_args' from command line to 'None'
[0.223s] Level 5:colcon.colcon_core.verb:set package 'serial' build argument 'cmake_target' from command line to 'None'
[0.223s] Level 5:colcon.colcon_core.verb:set package 'serial' build argument 'cmake_target_skip_unavailable' from command line to 'False'
[0.223s] Level 5:colcon.colcon_core.verb:set package 'serial' build argument 'cmake_clean_cache' from command line to 'False'
[0.223s] Level 5:colcon.colcon_core.verb:set package 'serial' build argument 'cmake_clean_first' from command line to 'False'
[0.223s] Level 5:colcon.colcon_core.verb:set package 'serial' build argument 'cmake_force_configure' from command line to 'False'
[0.223s] Level 5:colcon.colcon_core.verb:set package 'serial' build argument 'ament_cmake_args' from command line to 'None'
[0.223s] Level 5:colcon.colcon_core.verb:set package 'serial' build argument 'catkin_cmake_args' from command line to 'None'
[0.223s] Level 5:colcon.colcon_core.verb:set package 'serial' build argument 'catkin_skip_building_tests' from command line to 'False'
[0.223s] DEBUG:colcon.colcon_core.verb:Building package 'serial' with the following arguments: {'ament_cmake_args': None, 'build_base': '/home/aiserver-kiki/Sentinel_Project/build/serial', 'catkin_cmake_args': None, 'catkin_skip_building_tests': False, 'cmake_args': None, 'cmake_clean_cache': False, 'cmake_clean_first': False, 'cmake_force_configure': False, 'cmake_target': None, 'cmake_target_skip_unavailable': False, 'install_base': '/home/aiserver-kiki/Sentinel_Project/install/serial', 'merge_install': False, 'path': '/home/aiserver-kiki/Sentinel_Project/src/serial', 'symlink_install': True, 'test_result_base': None}
[0.223s] Level 5:colcon.colcon_core.verb:set package 'ydlidar_ros2_driver' build argument 'cmake_args' from command line to 'None'
[0.223s] Level 5:colcon.colcon_core.verb:set package 'ydlidar_ros2_driver' build argument 'cmake_target' from command line to 'None'
[0.223s] Level 5:colcon.colcon_core.verb:set package 'ydlidar_ros2_driver' build argument 'cmake_target_skip_unavailable' from command line to 'False'
[0.223s] Level 5:colcon.colcon_core.verb:set package 'ydlidar_ros2_driver' build argument 'cmake_clean_cache' from command line to 'False'
[0.223s] Level 5:colcon.colcon_core.verb:set package 'ydlidar_ros2_driver' build argument 'cmake_clean_first' from command line to 'False'
[0.223s] Level 5:colcon.colcon_core.verb:set package 'ydlidar_ros2_driver' build argument 'cmake_force_configure' from command line to 'False'
[0.223s] Level 5:colcon.colcon_core.verb:set package 'ydlidar_ros2_driver' build argument 'ament_cmake_args' from command line to 'None'
[0.223s] Level 5:colcon.colcon_core.verb:set package 'ydlidar_ros2_driver' build argument 'catkin_cmake_args' from command line to 'None'
[0.223s] Level 5:colcon.colcon_core.verb:set package 'ydlidar_ros2_driver' build argument 'catkin_skip_building_tests' from command line to 'False'
[0.223s] DEBUG:colcon.colcon_core.verb:Building package 'ydlidar_ros2_driver' with the following arguments: {'ament_cmake_args': None, 'build_base': '/home/aiserver-kiki/Sentinel_Project/build/ydlidar_ros2_driver', 'catkin_cmake_args': None, 'catkin_skip_building_tests': False, 'cmake_args': None, 'cmake_clean_cache': False, 'cmake_clean_first': False, 'cmake_force_configure': False, 'cmake_target': None, 'cmake_target_skip_unavailable': False, 'install_base': '/home/aiserver-kiki/Sentinel_Project/install/ydlidar_ros2_driver', 'merge_install': False, 'path': '/home/aiserver-kiki/Sentinel_Project/src/ydlidar_ros2_driver_jazzy', 'symlink_install': True, 'test_result_base': None}
[0.224s] Level 5:colcon.colcon_core.verb:set package 'diffdrive_arduino' build argument 'cmake_args' from command line to 'None'
[0.224s] Level 5:colcon.colcon_core.verb:set package 'diffdrive_arduino' build argument 'cmake_target' from command line to 'None'
[0.224s] Level 5:colcon.colcon_core.verb:set package 'diffdrive_arduino' build argument 'cmake_target_skip_unavailable' from command line to 'False'
[0.224s] Level 5:colcon.colcon_core.verb:set package 'diffdrive_arduino' build argument 'cmake_clean_cache' from command line to 'False'
[0.224s] Level 5:colcon.colcon_core.verb:set package 'diffdrive_arduino' build argument 'cmake_clean_first' from command line to 'False'
[0.224s] Level 5:colcon.colcon_core.verb:set package 'diffdrive_arduino' build argument 'cmake_force_configure' from command line to 'False'
[0.224s] Level 5:colcon.colcon_core.verb:set package 'diffdrive_arduino' build argument 'ament_cmake_args' from command line to 'None'
[0.224s] Level 5:colcon.colcon_core.verb:set package 'diffdrive_arduino' build argument 'catkin_cmake_args' from command line to 'None'
[0.224s] Level 5:colcon.colcon_core.verb:set package 'diffdrive_arduino' build argument 'catkin_skip_building_tests' from command line to 'False'
[0.224s] DEBUG:colcon.colcon_core.verb:Building package 'diffdrive_arduino' with the following arguments: {'ament_cmake_args': None, 'build_base': '/home/aiserver-kiki/Sentinel_Project/build/diffdrive_arduino', 'catkin_cmake_args': None, 'catkin_skip_building_tests': False, 'cmake_args': None, 'cmake_clean_cache': False, 'cmake_clean_first': False, 'cmake_force_configure': False, 'cmake_target': None, 'cmake_target_skip_unavailable': False, 'install_base': '/home/aiserver-kiki/Sentinel_Project/install/diffdrive_arduino', 'merge_install': False, 'path': '/home/aiserver-kiki/Sentinel_Project/src/diffdrive_arduino', 'symlink_install': True, 'test_result_base': None}
[0.224s] INFO:colcon.colcon_core.executor:Executing jobs using 'parallel' executor
[0.225s] DEBUG:colcon.colcon_parallel_executor.executor.parallel:run_until_complete
[0.225s] INFO:colcon.colcon_ros.task.ament_cmake.build:Building ROS package in '/home/aiserver-kiki/Sentinel_Project/src/serial' with build type 'ament_cmake'
[0.225s] INFO:colcon.colcon_cmake.task.cmake.build:Building CMake package in '/home/aiserver-kiki/Sentinel_Project/src/serial'
[0.227s] INFO:colcon.colcon_core.plugin_system:Skipping extension 'colcon_core.shell.bat': Not used on non-Windows systems
[0.227s] INFO:colcon.colcon_core.shell:Skip shell extension 'powershell' for command environment: Not usable outside of PowerShell
[0.227s] DEBUG:colcon.colcon_core.shell:Skip shell extension 'dsv' for command environment
[0.230s] INFO:colcon.colcon_ros.task.ament_cmake.build:Building ROS package in '/home/aiserver-kiki/Sentinel_Project/src/sentinel_publisher' with build type 'ament_cmake'
[0.230s] INFO:colcon.colcon_cmake.task.cmake.build:Building CMake package in '/home/aiserver-kiki/Sentinel_Project/src/sentinel_publisher'
[0.231s] INFO:colcon.colcon_core.shell:Skip shell extension 'powershell' for command environment: Not usable outside of PowerShell
[0.231s] DEBUG:colcon.colcon_core.shell:Skip shell extension 'dsv' for command environment
[0.234s] INFO:colcon.colcon_ros.task.ament_cmake.build:Building ROS package in '/home/aiserver-kiki/Sentinel_Project/src/ydlidar_ros2_driver_jazzy' with build type 'ament_cmake'
[0.234s] INFO:colcon.colcon_cmake.task.cmake.build:Building CMake package in '/home/aiserver-kiki/Sentinel_Project/src/ydlidar_ros2_driver_jazzy'
[0.234s] INFO:colcon.colcon_core.shell:Skip shell extension 'powershell' for command environment: Not usable outside of PowerShell
[0.234s] DEBUG:colcon.colcon_core.shell:Skip shell extension 'dsv' for command environment
[0.241s] DEBUG:colcon.colcon_core.event_handler.log_command:Invoking command in '/home/aiserver-kiki/Sentinel_Project/build/serial': CMAKE_PREFIX_PATH=${CMAKE_PREFIX_PATH}:/opt/ros/jazzy /usr/bin/cmake --build /home/aiserver-kiki/Sentinel_Project/build/serial -- -j12 -l12
[0.243s] DEBUG:colcon.colcon_core.event_handler.log_command:Invoking command in '/home/aiserver-kiki/Sentinel_Project/build/sentinel_publisher': CMAKE_PREFIX_PATH=${CMAKE_PREFIX_PATH}:/opt/ros/jazzy /usr/bin/cmake --build /home/aiserver-kiki/Sentinel_Project/build/sentinel_publisher -- -j12 -l12
[0.246s] DEBUG:colcon.colcon_core.event_handler.log_command:Invoking command in '/home/aiserver-kiki/Sentinel_Project/build/ydlidar_ros2_driver': CMAKE_PREFIX_PATH=${CMAKE_PREFIX_PATH}:/opt/ros/jazzy /usr/bin/cmake /home/aiserver-kiki/Sentinel_Project/src/ydlidar_ros2_driver_jazzy -DAMENT_CMAKE_SYMLINK_INSTALL=1 -DCMAKE_INSTALL_PREFIX=/home/aiserver-kiki/Sentinel_Project/install/ydlidar_ros2_driver
[0.345s] DEBUG:colcon.colcon_core.event_handler.log_command:Invoked command in '/home/aiserver-kiki/Sentinel_Project/build/serial' returned '0': CMAKE_PREFIX_PATH=${CMAKE_PREFIX_PATH}:/opt/ros/jazzy /usr/bin/cmake --build /home/aiserver-kiki/Sentinel_Project/build/serial -- -j12 -l12
[0.356s] DEBUG:colcon.colcon_core.event_handler.log_command:Invoking command in '/home/aiserver-kiki/Sentinel_Project/build/serial': CMAKE_PREFIX_PATH=${CMAKE_PREFIX_PATH}:/opt/ros/jazzy /usr/bin/cmake --install /home/aiserver-kiki/Sentinel_Project/build/serial
[0.607s] Level 1:colcon.colcon_core.environment:create_environment_scripts_only(serial)
[0.607s] DEBUG:colcon.colcon_core.event_handler.log_command:Invoked command in '/home/aiserver-kiki/Sentinel_Project/build/serial' returned '0': CMAKE_PREFIX_PATH=${CMAKE_PREFIX_PATH}:/opt/ros/jazzy /usr/bin/cmake --install /home/aiserver-kiki/Sentinel_Project/build/serial
[0.609s] Level 1:colcon.colcon_core.environment:checking '/home/aiserver-kiki/Sentinel_Project/install/serial' for CMake module files
[0.609s] Level 1:colcon.colcon_core.environment:checking '/home/aiserver-kiki/Sentinel_Project/install/serial' for CMake config files
[0.609s] Level 1:colcon.colcon_core.shell:create_environment_hook('serial', 'cmake_prefix_path')
[0.610s] INFO:colcon.colcon_core.shell:Creating environment hook '/home/aiserver-kiki/Sentinel_Project/install/serial/share/serial/hook/cmake_prefix_path.ps1'
[0.610s] INFO:colcon.colcon_core.shell:Creating environment descriptor '/home/aiserver-kiki/Sentinel_Project/install/serial/share/serial/hook/cmake_prefix_path.dsv'
[0.611s] INFO:colcon.colcon_core.shell:Creating environment hook '/home/aiserver-kiki/Sentinel_Project/install/serial/share/serial/hook/cmake_prefix_path.sh'
[0.611s] Level 1:colcon.colcon_core.environment:checking '/home/aiserver-kiki/Sentinel_Project/install/serial/lib'
[0.611s] Level 1:colcon.colcon_core.environment:checking '/home/aiserver-kiki/Sentinel_Project/install/serial/bin'
[0.612s] Level 1:colcon.colcon_core.environment:checking '/home/aiserver-kiki/Sentinel_Project/install/serial/lib/pkgconfig/serial.pc'
[0.612s] Level 1:colcon.colcon_core.environment:checking '/home/aiserver-kiki/Sentinel_Project/install/serial/lib/python3.12/site-packages'
[0.612s] Level 1:colcon.colcon_core.environment:checking '/home/aiserver-kiki/Sentinel_Project/install/serial/bin'
[0.612s] INFO:colcon.colcon_core.shell:Creating package script '/home/aiserver-kiki/Sentinel_Project/install/serial/share/serial/package.ps1'
[0.613s] INFO:colcon.colcon_core.shell:Creating package descriptor '/home/aiserver-kiki/Sentinel_Project/install/serial/share/serial/package.dsv'
[0.613s] INFO:colcon.colcon_core.shell:Creating package script '/home/aiserver-kiki/Sentinel_Project/install/serial/share/serial/package.sh'
[0.614s] INFO:colcon.colcon_core.shell:Creating package script '/home/aiserver-kiki/Sentinel_Project/install/serial/share/serial/package.bash'
[0.614s] INFO:colcon.colcon_core.shell:Creating package script '/home/aiserver-kiki/Sentinel_Project/install/serial/share/serial/package.zsh'
[0.614s] Level 1:colcon.colcon_core.environment:create_file_with_runtime_dependencies(/home/aiserver-kiki/Sentinel_Project/install/serial/share/colcon-core/packages/serial)
[0.615s] Level 1:colcon.colcon_core.environment:create_environment_scripts_only(serial)
[0.615s] Level 1:colcon.colcon_core.environment:checking '/home/aiserver-kiki/Sentinel_Project/install/serial' for CMake module files
[0.615s] Level 1:colcon.colcon_core.environment:checking '/home/aiserver-kiki/Sentinel_Project/install/serial' for CMake config files
[0.616s] Level 1:colcon.colcon_core.shell:create_environment_hook('serial', 'cmake_prefix_path')
[0.616s] INFO:colcon.colcon_core.shell:Creating environment hook '/home/aiserver-kiki/Sentinel_Project/install/serial/share/serial/hook/cmake_prefix_path.ps1'
[0.616s] INFO:colcon.colcon_core.shell:Creating environment descriptor '/home/aiserver-kiki/Sentinel_Project/install/serial/share/serial/hook/cmake_prefix_path.dsv'
[0.617s] INFO:colcon.colcon_core.shell:Creating environment hook '/home/aiserver-kiki/Sentinel_Project/install/serial/share/serial/hook/cmake_prefix_path.sh'
[0.617s] Level 1:colcon.colcon_core.environment:checking '/home/aiserver-kiki/Sentinel_Project/install/serial/lib'
[0.617s] Level 1:colcon.colcon_core.environment:checking '/home/aiserver-kiki/Sentinel_Project/install/serial/bin'
[0.617s] Level 1:colcon.colcon_core.environment:checking '/home/aiserver-kiki/Sentinel_Project/install/serial/lib/pkgconfig/serial.pc'
[0.617s] Level 1:colcon.colcon_core.environment:checking '/home/aiserver-kiki/Sentinel_Project/install/serial/lib/python3.12/site-packages'
[0.618s] Level 1:colcon.colcon_core.environment:checking '/home/aiserver-kiki/Sentinel_Project/install/serial/bin'
[0.618s] INFO:colcon.colcon_core.shell:Creating package script '/home/aiserver-kiki/Sentinel_Project/install/serial/share/serial/package.ps1'
[0.618s] INFO:colcon.colcon_core.shell:Creating package descriptor '/home/aiserver-kiki/Sentinel_Project/install/serial/share/serial/package.dsv'
[0.619s] INFO:colcon.colcon_core.shell:Creating package script '/home/aiserver-kiki/Sentinel_Project/install/serial/share/serial/package.sh'
[0.619s] INFO:colcon.colcon_core.shell:Creating package script '/home/aiserver-kiki/Sentinel_Project/install/serial/share/serial/package.bash'
[0.619s] INFO:colcon.colcon_core.shell:Creating package script '/home/aiserver-kiki/Sentinel_Project/install/serial/share/serial/package.zsh'
[0.620s] Level 1:colcon.colcon_core.environment:create_file_with_runtime_dependencies(/home/aiserver-kiki/Sentinel_Project/install/serial/share/colcon-core/packages/serial)
[0.620s] INFO:colcon.colcon_ros.task.ament_cmake.build:Building ROS package in '/home/aiserver-kiki/Sentinel_Project/src/diffdrive_arduino' with build type 'ament_cmake'
[0.620s] INFO:colcon.colcon_cmake.task.cmake.build:Building CMake package in '/home/aiserver-kiki/Sentinel_Project/src/diffdrive_arduino'
[0.620s] INFO:colcon.colcon_core.shell:Skip shell extension 'powershell' for command environment: Not usable outside of PowerShell
[0.620s] DEBUG:colcon.colcon_core.shell:Skip shell extension 'dsv' for command environment
[0.630s] DEBUG:colcon.colcon_core.event_handler.log_command:Invoking command in '/home/aiserver-kiki/Sentinel_Project/build/diffdrive_arduino': AMENT_PREFIX_PATH=/home/aiserver-kiki/Sentinel_Project/install/serial:${AMENT_PREFIX_PATH} CMAKE_PREFIX_PATH=/home/aiserver-kiki/Sentinel_Project/install/serial:/opt/ros/jazzy/opt/gz_sim_vendor:/opt/ros/jazzy/opt/gz_sensors_vendor:/opt/ros/jazzy/opt/gz_physics_vendor:/opt/ros/jazzy/opt/sdformat_vendor:/opt/ros/jazzy/opt/gz_gui_vendor:/opt/ros/jazzy/opt/gz_transport_vendor:/opt/ros/jazzy/opt/gz_rendering_vendor:/opt/ros/jazzy/opt/gz_plugin_vendor:/opt/ros/jazzy/opt/gz_fuel_tools_vendor:/opt/ros/jazzy/opt/gz_msgs_vendor:/opt/ros/jazzy/opt/gz_common_vendor:/opt/ros/jazzy/opt/gz_math_vendor:/opt/ros/jazzy/opt/gz_utils_vendor:/opt/ros/jazzy/opt/gz_tools_vendor:/opt/ros/jazzy/opt/gz_ogre_next_vendor:/opt/ros/jazzy/opt/gz_dartsim_vendor:/opt/ros/jazzy/opt/gz_cmake_vendor:/opt/ros/jazzy LD_LIBRARY_PATH=/home/aiserver-kiki/Sentinel_Project/install/serial/lib:${LD_LIBRARY_PATH} /usr/bin/cmake /home/aiserver-kiki/Sentinel_Project/src/diffdrive_arduino -DAMENT_CMAKE_SYMLINK_INSTALL=1 -DCMAKE_INSTALL_PREFIX=/home/aiserver-kiki/Sentinel_Project/install/diffdrive_arduino
[1.040s] DEBUG:colcon.colcon_core.event_handler.log_command:Invoked command in '/home/aiserver-kiki/Sentinel_Project/build/ydlidar_ros2_driver' returned '0': CMAKE_PREFIX_PATH=${CMAKE_PREFIX_PATH}:/opt/ros/jazzy /usr/bin/cmake /home/aiserver-kiki/Sentinel_Project/src/ydlidar_ros2_driver_jazzy -DAMENT_CMAKE_SYMLINK_INSTALL=1 -DCMAKE_INSTALL_PREFIX=/home/aiserver-kiki/Sentinel_Project/install/ydlidar_ros2_driver
[1.041s] DEBUG:colcon.colcon_core.event_handler.log_command:Invoking command in '/home/aiserver-kiki/Sentinel_Project/build/ydlidar_ros2_driver': CMAKE_PREFIX_PATH=${CMAKE_PREFIX_PATH}:/opt/ros/jazzy /usr/bin/cmake --build /home/aiserver-kiki/Sentinel_Project/build/ydlidar_ros2_driver -- -j12 -l12
[2.723s] DEBUG:colcon.colcon_core.event_handler.log_command:Invoked command in '/home/aiserver-kiki/Sentinel_Project/build/diffdrive_arduino' returned '0': AMENT_PREFIX_PATH=/home/aiserver-kiki/Sentinel_Project/install/serial:${AMENT_PREFIX_PATH} CMAKE_PREFIX_PATH=/home/aiserver-kiki/Sentinel_Project/install/serial:/opt/ros/jazzy/opt/gz_sim_vendor:/opt/ros/jazzy/opt/gz_sensors_vendor:/opt/ros/jazzy/opt/gz_physics_vendor:/opt/ros/jazzy/opt/sdformat_vendor:/opt/ros/jazzy/opt/gz_gui_vendor:/opt/ros/jazzy/opt/gz_transport_vendor:/opt/ros/jazzy/opt/gz_rendering_vendor:/opt/ros/jazzy/opt/gz_plugin_vendor:/opt/ros/jazzy/opt/gz_fuel_tools_vendor:/opt/ros/jazzy/opt/gz_msgs_vendor:/opt/ros/jazzy/opt/gz_common_vendor:/opt/ros/jazzy/opt/gz_math_vendor:/opt/ros/jazzy/opt/gz_utils_vendor:/opt/ros/jazzy/opt/gz_tools_vendor:/opt/ros/jazzy/opt/gz_ogre_next_vendor:/opt/ros/jazzy/opt/gz_dartsim_vendor:/opt/ros/jazzy/opt/gz_cmake_vendor:/opt/ros/jazzy LD_LIBRARY_PATH=/home/aiserver-kiki/Sentinel_Project/install/serial/lib:${LD_LIBRARY_PATH} /usr/bin/cmake /home/aiserver-kiki/Sentinel_Project/src/diffdrive_arduino -DAMENT_CMAKE_SYMLINK_INSTALL=1 -DCMAKE_INSTALL_PREFIX=/home/aiserver-kiki/Sentinel_Project/install/diffdrive_arduino
[2.724s] DEBUG:colcon.colcon_core.event_handler.log_command:Invoking command in '/home/aiserver-kiki/Sentinel_Project/build/diffdrive_arduino': AMENT_PREFIX_PATH=/home/aiserver-kiki/Sentinel_Project/install/serial:${AMENT_PREFIX_PATH} CMAKE_PREFIX_PATH=/home/aiserver-kiki/Sentinel_Project/install/serial:/opt/ros/jazzy/opt/gz_sim_vendor:/opt/ros/jazzy/opt/gz_sensors_vendor:/opt/ros/jazzy/opt/gz_physics_vendor:/opt/ros/jazzy/opt/sdformat_vendor:/opt/ros/jazzy/opt/gz_gui_vendor:/opt/ros/jazzy/opt/gz_transport_vendor:/opt/ros/jazzy/opt/gz_rendering_vendor:/opt/ros/jazzy/opt/gz_plugin_vendor:/opt/ros/jazzy/opt/gz_fuel_tools_vendor:/opt/ros/jazzy/opt/gz_msgs_vendor:/opt/ros/jazzy/opt/gz_common_vendor:/opt/ros/jazzy/opt/gz_math_vendor:/opt/ros/jazzy/opt/gz_utils_vendor:/opt/ros/jazzy/opt/gz_tools_vendor:/opt/ros/jazzy/opt/gz_ogre_next_vendor:/opt/ros/jazzy/opt/gz_dartsim_vendor:/opt/ros/jazzy/opt/gz_cmake_vendor:/opt/ros/jazzy LD_LIBRARY_PATH=/home/aiserver-kiki/Sentinel_Project/install/serial/lib:${LD_LIBRARY_PATH} /usr/bin/cmake --build /home/aiserver-kiki/Sentinel_Project/build/diffdrive_arduino -- -j12 -l12
[8.177s] DEBUG:colcon.colcon_core.event_handler.log_command:Invoked command in '/home/aiserver-kiki/Sentinel_Project/build/diffdrive_arduino' returned '0': AMENT_PREFIX_PATH=/home/aiserver-kiki/Sentinel_Project/install/serial:${AMENT_PREFIX_PATH} CMAKE_PREFIX_PATH=/home/aiserver-kiki/Sentinel_Project/install/serial:/opt/ros/jazzy/opt/gz_sim_vendor:/opt/ros/jazzy/opt/gz_sensors_vendor:/opt/ros/jazzy/opt/gz_physics_vendor:/opt/ros/jazzy/opt/sdformat_vendor:/opt/ros/jazzy/opt/gz_gui_vendor:/opt/ros/jazzy/opt/gz_transport_vendor:/opt/ros/jazzy/opt/gz_rendering_vendor:/opt/ros/jazzy/opt/gz_plugin_vendor:/opt/ros/jazzy/opt/gz_fuel_tools_vendor:/opt/ros/jazzy/opt/gz_msgs_vendor:/opt/ros/jazzy/opt/gz_common_vendor:/opt/ros/jazzy/opt/gz_math_vendor:/opt/ros/jazzy/opt/gz_utils_vendor:/opt/ros/jazzy/opt/gz_tools_vendor:/opt/ros/jazzy/opt/gz_ogre_next_vendor:/opt/ros/jazzy/opt/gz_dartsim_vendor:/opt/ros/jazzy/opt/gz_cmake_vendor:/opt/ros/jazzy LD_LIBRARY_PATH=/home/aiserver-kiki/Sentinel_Project/install/serial/lib:${LD_LIBRARY_PATH} /usr/bin/cmake --build /home/aiserver-kiki/Sentinel_Project/build/diffdrive_arduino -- -j12 -l12
[8.178s] DEBUG:colcon.colcon_core.event_handler.log_command:Invoking command in '/home/aiserver-kiki/Sentinel_Project/build/diffdrive_arduino': AMENT_PREFIX_PATH=/home/aiserver-kiki/Sentinel_Project/install/serial:${AMENT_PREFIX_PATH} CMAKE_PREFIX_PATH=/home/aiserver-kiki/Sentinel_Project/install/serial:/opt/ros/jazzy/opt/gz_sim_vendor:/opt/ros/jazzy/opt/gz_sensors_vendor:/opt/ros/jazzy/opt/gz_physics_vendor:/opt/ros/jazzy/opt/sdformat_vendor:/opt/ros/jazzy/opt/gz_gui_vendor:/opt/ros/jazzy/opt/gz_transport_vendor:/opt/ros/jazzy/opt/gz_rendering_vendor:/opt/ros/jazzy/opt/gz_plugin_vendor:/opt/ros/jazzy/opt/gz_fuel_tools_vendor:/opt/ros/jazzy/opt/gz_msgs_vendor:/opt/ros/jazzy/opt/gz_common_vendor:/opt/ros/jazzy/opt/gz_math_vendor:/opt/ros/jazzy/opt/gz_utils_vendor:/opt/ros/jazzy/opt/gz_tools_vendor:/opt/ros/jazzy/opt/gz_ogre_next_vendor:/opt/ros/jazzy/opt/gz_dartsim_vendor:/opt/ros/jazzy/opt/gz_cmake_vendor:/opt/ros/jazzy LD_LIBRARY_PATH=/home/aiserver-kiki/Sentinel_Project/install/serial/lib:${LD_LIBRARY_PATH} /usr/bin/cmake --install /home/aiserver-kiki/Sentinel_Project/build/diffdrive_arduino
[8.482s] Level 1:colcon.colcon_core.environment:create_environment_scripts_only(diffdrive_arduino)
[8.482s] Level 1:colcon.colcon_core.environment:checking '/home/aiserver-kiki/Sentinel_Project/install/diffdrive_arduino' for CMake module files
[8.483s] DEBUG:colcon.colcon_core.event_handler.log_command:Invoked command in '/home/aiserver-kiki/Sentinel_Project/build/diffdrive_arduino' returned '0': AMENT_PREFIX_PATH=/home/aiserver-kiki/Sentinel_Project/install/serial:${AMENT_PREFIX_PATH} CMAKE_PREFIX_PATH=/home/aiserver-kiki/Sentinel_Project/install/serial:/opt/ros/jazzy/opt/gz_sim_vendor:/opt/ros/jazzy/opt/gz_sensors_vendor:/opt/ros/jazzy/opt/gz_physics_vendor:/opt/ros/jazzy/opt/sdformat_vendor:/opt/ros/jazzy/opt/gz_gui_vendor:/opt/ros/jazzy/opt/gz_transport_vendor:/opt/ros/jazzy/opt/gz_rendering_vendor:/opt/ros/jazzy/opt/gz_plugin_vendor:/opt/ros/jazzy/opt/gz_fuel_tools_vendor:/opt/ros/jazzy/opt/gz_msgs_vendor:/opt/ros/jazzy/opt/gz_common_vendor:/opt/ros/jazzy/opt/gz_math_vendor:/opt/ros/jazzy/opt/gz_utils_vendor:/opt/ros/jazzy/opt/gz_tools_vendor:/opt/ros/jazzy/opt/gz_ogre_next_vendor:/opt/ros/jazzy/opt/gz_dartsim_vendor:/opt/ros/jazzy/opt/gz_cmake_vendor:/opt/ros/jazzy LD_LIBRARY_PATH=/home/aiserver-kiki/Sentinel_Project/install/serial/lib:${LD_LIBRARY_PATH} /usr/bin/cmake --install /home/aiserver-kiki/Sentinel_Project/build/diffdrive_arduino
[8.483s] Level 1:colcon.colcon_core.environment:checking '/home/aiserver-kiki/Sentinel_Project/install/diffdrive_arduino' for CMake config files
[8.483s] Level 1:colcon.colcon_core.shell:create_environment_hook('diffdrive_arduino', 'cmake_prefix_path')
[8.484s] INFO:colcon.colcon_core.shell:Creating environment hook '/home/aiserver-kiki/Sentinel_Project/install/diffdrive_arduino/share/diffdrive_arduino/hook/cmake_prefix_path.ps1'
[8.484s] INFO:colcon.colcon_core.shell:Creating environment descriptor '/home/aiserver-kiki/Sentinel_Project/install/diffdrive_arduino/share/diffdrive_arduino/hook/cmake_prefix_path.dsv'
[8.485s] INFO:colcon.colcon_core.shell:Creating environment hook '/home/aiserver-kiki/Sentinel_Project/install/diffdrive_arduino/share/diffdrive_arduino/hook/cmake_prefix_path.sh'
[8.485s] Level 1:colcon.colcon_core.environment:checking '/home/aiserver-kiki/Sentinel_Project/install/diffdrive_arduino/lib'
[8.485s] Level 1:colcon.colcon_core.shell:create_environment_hook('diffdrive_arduino', 'ld_library_path_lib')
[8.485s] INFO:colcon.colcon_core.shell:Creating environment hook '/home/aiserver-kiki/Sentinel_Project/install/diffdrive_arduino/share/diffdrive_arduino/hook/ld_library_path_lib.ps1'
[8.485s] INFO:colcon.colcon_core.shell:Creating environment descriptor '/home/aiserver-kiki/Sentinel_Project/install/diffdrive_arduino/share/diffdrive_arduino/hook/ld_library_path_lib.dsv'
[8.486s] INFO:colcon.colcon_core.shell:Creating environment hook '/home/aiserver-kiki/Sentinel_Project/install/diffdrive_arduino/share/diffdrive_arduino/hook/ld_library_path_lib.sh'
[8.486s] Level 1:colcon.colcon_core.environment:checking '/home/aiserver-kiki/Sentinel_Project/install/diffdrive_arduino/bin'
[8.486s] Level 1:colcon.colcon_core.environment:checking '/home/aiserver-kiki/Sentinel_Project/install/diffdrive_arduino/lib/pkgconfig/diffdrive_arduino.pc'
[8.486s] Level 1:colcon.colcon_core.environment:checking '/home/aiserver-kiki/Sentinel_Project/install/diffdrive_arduino/lib/python3.12/site-packages'
[8.486s] Level 1:colcon.colcon_core.environment:checking '/home/aiserver-kiki/Sentinel_Project/install/diffdrive_arduino/bin'
[8.487s] INFO:colcon.colcon_core.shell:Creating package script '/home/aiserver-kiki/Sentinel_Project/install/diffdrive_arduino/share/diffdrive_arduino/package.ps1'
[8.495s] INFO:colcon.colcon_core.shell:Creating package descriptor '/home/aiserver-kiki/Sentinel_Project/install/diffdrive_arduino/share/diffdrive_arduino/package.dsv'
[8.496s] INFO:colcon.colcon_core.shell:Creating package script '/home/aiserver-kiki/Sentinel_Project/install/diffdrive_arduino/share/diffdrive_arduino/package.sh'
[8.496s] INFO:colcon.colcon_core.shell:Creating package script '/home/aiserver-kiki/Sentinel_Project/install/diffdrive_arduino/share/diffdrive_arduino/package.bash'
[8.497s] INFO:colcon.colcon_core.shell:Creating package script '/home/aiserver-kiki/Sentinel_Project/install/diffdrive_arduino/share/diffdrive_arduino/package.zsh'
[8.497s] Level 1:colcon.colcon_core.environment:create_file_with_runtime_dependencies(/home/aiserver-kiki/Sentinel_Project/install/diffdrive_arduino/share/colcon-core/packages/diffdrive_arduino)
[8.498s] Level 1:colcon.colcon_core.environment:create_environment_scripts_only(diffdrive_arduino)
[8.498s] Level 1:colcon.colcon_core.environment:checking '/home/aiserver-kiki/Sentinel_Project/install/diffdrive_arduino' for CMake module files
[8.498s] Level 1:colcon.colcon_core.environment:checking '/home/aiserver-kiki/Sentinel_Project/install/diffdrive_arduino' for CMake config files
[8.499s] Level 1:colcon.colcon_core.shell:create_environment_hook('diffdrive_arduino', 'cmake_prefix_path')
[8.499s] INFO:colcon.colcon_core.shell:Creating environment hook '/home/aiserver-kiki/Sentinel_Project/install/diffdrive_arduino/share/diffdrive_arduino/hook/cmake_prefix_path.ps1'
[8.499s] INFO:colcon.colcon_core.shell:Creating environment descriptor '/home/aiserver-kiki/Sentinel_Project/install/diffdrive_arduino/share/diffdrive_arduino/hook/cmake_prefix_path.dsv'
[8.499s] INFO:colcon.colcon_core.shell:Creating environment hook '/home/aiserver-kiki/Sentinel_Project/install/diffdrive_arduino/share/diffdrive_arduino/hook/cmake_prefix_path.sh'
[8.500s] Level 1:colcon.colcon_core.environment:checking '/home/aiserver-kiki/Sentinel_Project/install/diffdrive_arduino/lib'
[8.500s] Level 1:colcon.colcon_core.shell:create_environment_hook('diffdrive_arduino', 'ld_library_path_lib')
[8.500s] INFO:colcon.colcon_core.shell:Creating environment hook '/home/aiserver-kiki/Sentinel_Project/install/diffdrive_arduino/share/diffdrive_arduino/hook/ld_library_path_lib.ps1'
[8.501s] INFO:colcon.colcon_core.shell:Creating environment descriptor '/home/aiserver-kiki/Sentinel_Project/install/diffdrive_arduino/share/diffdrive_arduino/hook/ld_library_path_lib.dsv'
[8.501s] INFO:colcon.colcon_core.shell:Creating environment hook '/home/aiserver-kiki/Sentinel_Project/install/diffdrive_arduino/share/diffdrive_arduino/hook/ld_library_path_lib.sh'
[8.501s] Level 1:colcon.colcon_core.environment:checking '/home/aiserver-kiki/Sentinel_Project/install/diffdrive_arduino/bin'
[8.501s] Level 1:colcon.colcon_core.environment:checking '/home/aiserver-kiki/Sentinel_Project/install/diffdrive_arduino/lib/pkgconfig/diffdrive_arduino.pc'
[8.502s] Level 1:colcon.colcon_core.environment:checking '/home/aiserver-kiki/Sentinel_Project/install/diffdrive_arduino/lib/python3.12/site-packages'
[8.502s] Level 1:colcon.colcon_core.environment:checking '/home/aiserver-kiki/Sentinel_Project/install/diffdrive_arduino/bin'
[8.502s] INFO:colcon.colcon_core.shell:Creating package script '/home/aiserver-kiki/Sentinel_Project/install/diffdrive_arduino/share/diffdrive_arduino/package.ps1'
[8.503s] INFO:colcon.colcon_core.shell:Creating package descriptor '/home/aiserver-kiki/Sentinel_Project/install/diffdrive_arduino/share/diffdrive_arduino/package.dsv'
[8.503s] INFO:colcon.colcon_core.shell:Creating package script '/home/aiserver-kiki/Sentinel_Project/install/diffdrive_arduino/share/diffdrive_arduino/package.sh'
[8.503s] INFO:colcon.colcon_core.shell:Creating package script '/home/aiserver-kiki/Sentinel_Project/install/diffdrive_arduino/share/diffdrive_arduino/package.bash'
[8.504s] INFO:colcon.colcon_core.shell:Creating package script '/home/aiserver-kiki/Sentinel_Project/install/diffdrive_arduino/share/diffdrive_arduino/package.zsh'
[8.504s] Level 1:colcon.colcon_core.environment:create_file_with_runtime_dependencies(/home/aiserver-kiki/Sentinel_Project/install/diffdrive_arduino/share/colcon-core/packages/diffdrive_arduino)
[9.086s] DEBUG:colcon.colcon_core.event_handler.log_command:Invoked command in '/home/aiserver-kiki/Sentinel_Project/build/ydlidar_ros2_driver' returned '0': CMAKE_PREFIX_PATH=${CMAKE_PREFIX_PATH}:/opt/ros/jazzy /usr/bin/cmake --build /home/aiserver-kiki/Sentinel_Project/build/ydlidar_ros2_driver -- -j12 -l12
[9.086s] DEBUG:colcon.colcon_core.event_handler.log_command:Invoking command in '/home/aiserver-kiki/Sentinel_Project/build/ydlidar_ros2_driver': CMAKE_PREFIX_PATH=${CMAKE_PREFIX_PATH}:/opt/ros/jazzy /usr/bin/cmake --install /home/aiserver-kiki/Sentinel_Project/build/ydlidar_ros2_driver
[9.137s] DEBUG:colcon.colcon_core.event_handler.log_command:Invoked command in '/home/aiserver-kiki/Sentinel_Project/build/sentinel_publisher' returned '0': CMAKE_PREFIX_PATH=${CMAKE_PREFIX_PATH}:/opt/ros/jazzy /usr/bin/cmake --build /home/aiserver-kiki/Sentinel_Project/build/sentinel_publisher -- -j12 -l12
[9.138s] DEBUG:colcon.colcon_core.event_handler.log_command:Invoking command in '/home/aiserver-kiki/Sentinel_Project/build/sentinel_publisher': CMAKE_PREFIX_PATH=${CMAKE_PREFIX_PATH}:/opt/ros/jazzy /usr/bin/cmake --install /home/aiserver-kiki/Sentinel_Project/build/sentinel_publisher
[9.444s] Level 1:colcon.colcon_core.environment:create_environment_scripts_only(ydlidar_ros2_driver)
[9.444s] Level 1:colcon.colcon_core.environment:checking '/home/aiserver-kiki/Sentinel_Project/install/ydlidar_ros2_driver' for CMake module files
[9.444s] DEBUG:colcon.colcon_core.event_handler.log_command:Invoked command in '/home/aiserver-kiki/Sentinel_Project/build/ydlidar_ros2_driver' returned '0': CMAKE_PREFIX_PATH=${CMAKE_PREFIX_PATH}:/opt/ros/jazzy /usr/bin/cmake --install /home/aiserver-kiki/Sentinel_Project/build/ydlidar_ros2_driver
[9.445s] Level 1:colcon.colcon_core.environment:checking '/home/aiserver-kiki/Sentinel_Project/install/ydlidar_ros2_driver' for CMake config files
[9.445s] Level 1:colcon.colcon_core.shell:create_environment_hook('ydlidar_ros2_driver', 'cmake_prefix_path')
[9.445s] INFO:colcon.colcon_core.shell:Creating environment hook '/home/aiserver-kiki/Sentinel_Project/install/ydlidar_ros2_driver/share/ydlidar_ros2_driver/hook/cmake_prefix_path.ps1'
[9.445s] INFO:colcon.colcon_core.shell:Creating environment descriptor '/home/aiserver-kiki/Sentinel_Project/install/ydlidar_ros2_driver/share/ydlidar_ros2_driver/hook/cmake_prefix_path.dsv'
[9.446s] INFO:colcon.colcon_core.shell:Creating environment hook '/home/aiserver-kiki/Sentinel_Project/install/ydlidar_ros2_driver/share/ydlidar_ros2_driver/hook/cmake_prefix_path.sh'
[9.446s] Level 1:colcon.colcon_core.environment:checking '/home/aiserver-kiki/Sentinel_Project/install/ydlidar_ros2_driver/lib'
[9.446s] Level 1:colcon.colcon_core.environment:checking '/home/aiserver-kiki/Sentinel_Project/install/ydlidar_ros2_driver/bin'
[9.446s] Level 1:colcon.colcon_core.environment:checking '/home/aiserver-kiki/Sentinel_Project/install/ydlidar_ros2_driver/lib/pkgconfig/ydlidar_ros2_driver.pc'
[9.446s] Level 1:colcon.colcon_core.environment:checking '/home/aiserver-kiki/Sentinel_Project/install/ydlidar_ros2_driver/lib/python3.12/site-packages'
[9.447s] Level 1:colcon.colcon_core.environment:checking '/home/aiserver-kiki/Sentinel_Project/install/ydlidar_ros2_driver/bin'
[9.447s] INFO:colcon.colcon_core.shell:Creating package script '/home/aiserver-kiki/Sentinel_Project/install/ydlidar_ros2_driver/share/ydlidar_ros2_driver/package.ps1'
[9.447s] INFO:colcon.colcon_core.shell:Creating package descriptor '/home/aiserver-kiki/Sentinel_Project/install/ydlidar_ros2_driver/share/ydlidar_ros2_driver/package.dsv'
[9.448s] INFO:colcon.colcon_core.shell:Creating package script '/home/aiserver-kiki/Sentinel_Project/install/ydlidar_ros2_driver/share/ydlidar_ros2_driver/package.sh'
[9.448s] INFO:colcon.colcon_core.shell:Creating package script '/home/aiserver-kiki/Sentinel_Project/install/ydlidar_ros2_driver/share/ydlidar_ros2_driver/package.bash'
[9.448s] INFO:colcon.colcon_core.shell:Creating package script '/home/aiserver-kiki/Sentinel_Project/install/ydlidar_ros2_driver/share/ydlidar_ros2_driver/package.zsh'
[9.448s] Level 1:colcon.colcon_core.environment:create_file_with_runtime_dependencies(/home/aiserver-kiki/Sentinel_Project/install/ydlidar_ros2_driver/share/colcon-core/packages/ydlidar_ros2_driver)
[9.449s] Level 1:colcon.colcon_core.environment:create_environment_scripts_only(ydlidar_ros2_driver)
[9.449s] Level 1:colcon.colcon_core.environment:checking '/home/aiserver-kiki/Sentinel_Project/install/ydlidar_ros2_driver' for CMake module files
[9.449s] Level 1:colcon.colcon_core.environment:checking '/home/aiserver-kiki/Sentinel_Project/install/ydlidar_ros2_driver' for CMake config files
[9.450s] Level 1:colcon.colcon_core.shell:create_environment_hook('ydlidar_ros2_driver', 'cmake_prefix_path')
[9.450s] INFO:colcon.colcon_core.shell:Creating environment hook '/home/aiserver-kiki/Sentinel_Project/install/ydlidar_ros2_driver/share/ydlidar_ros2_driver/hook/cmake_prefix_path.ps1'
[9.451s] INFO:colcon.colcon_core.shell:Creating environment descriptor '/home/aiserver-kiki/Sentinel_Project/install/ydlidar_ros2_driver/share/ydlidar_ros2_driver/hook/cmake_prefix_path.dsv'
[9.451s] INFO:colcon.colcon_core.shell:Creating environment hook '/home/aiserver-kiki/Sentinel_Project/install/ydlidar_ros2_driver/share/ydlidar_ros2_driver/hook/cmake_prefix_path.sh'
[9.452s] Level 1:colcon.colcon_core.environment:checking '/home/aiserver-kiki/Sentinel_Project/install/ydlidar_ros2_driver/lib'
[9.452s] Level 1:colcon.colcon_core.environment:checking '/home/aiserver-kiki/Sentinel_Project/install/ydlidar_ros2_driver/bin'
[9.452s] Level 1:colcon.colcon_core.environment:checking '/home/aiserver-kiki/Sentinel_Project/install/ydlidar_ros2_driver/lib/pkgconfig/ydlidar_ros2_driver.pc'
[9.452s] Level 1:colcon.colcon_core.environment:checking '/home/aiserver-kiki/Sentinel_Project/install/ydlidar_ros2_driver/lib/python3.12/site-packages'
[9.452s] Level 1:colcon.colcon_core.environment:checking '/home/aiserver-kiki/Sentinel_Project/install/ydlidar_ros2_driver/bin'
[9.452s] INFO:colcon.colcon_core.shell:Creating package script '/home/aiserver-kiki/Sentinel_Project/install/ydlidar_ros2_driver/share/ydlidar_ros2_driver/package.ps1'
[9.455s] INFO:colcon.colcon_core.shell:Creating package descriptor '/home/aiserver-kiki/Sentinel_Project/install/ydlidar_ros2_driver/share/ydlidar_ros2_driver/package.dsv'
[9.456s] INFO:colcon.colcon_core.shell:Creating package script '/home/aiserver-kiki/Sentinel_Project/install/ydlidar_ros2_driver/share/ydlidar_ros2_driver/package.sh'
[9.456s] INFO:colcon.colcon_core.shell:Creating package script '/home/aiserver-kiki/Sentinel_Project/install/ydlidar_ros2_driver/share/ydlidar_ros2_driver/package.bash'
[9.456s] INFO:colcon.colcon_core.shell:Creating package script '/home/aiserver-kiki/Sentinel_Project/install/ydlidar_ros2_driver/share/ydlidar_ros2_driver/package.zsh'
[9.457s] Level 1:colcon.colcon_core.environment:create_file_with_runtime_dependencies(/home/aiserver-kiki/Sentinel_Project/install/ydlidar_ros2_driver/share/colcon-core/packages/ydlidar_ros2_driver)
[9.506s] Level 1:colcon.colcon_core.environment:create_environment_scripts_only(sentinel_publisher)
[9.506s] Level 1:colcon.colcon_core.environment:checking '/home/aiserver-kiki/Sentinel_Project/install/sentinel_publisher' for CMake module files
[9.506s] DEBUG:colcon.colcon_core.event_handler.log_command:Invoked command in '/home/aiserver-kiki/Sentinel_Project/build/sentinel_publisher' returned '0': CMAKE_PREFIX_PATH=${CMAKE_PREFIX_PATH}:/opt/ros/jazzy /usr/bin/cmake --install /home/aiserver-kiki/Sentinel_Project/build/sentinel_publisher
[9.507s] Level 1:colcon.colcon_core.environment:checking '/home/aiserver-kiki/Sentinel_Project/install/sentinel_publisher' for CMake config files
[9.507s] Level 1:colcon.colcon_core.shell:create_environment_hook('sentinel_publisher', 'cmake_prefix_path')
[9.507s] INFO:colcon.colcon_core.shell:Creating environment hook '/home/aiserver-kiki/Sentinel_Project/install/sentinel_publisher/share/sentinel_publisher/hook/cmake_prefix_path.ps1'
[9.508s] INFO:colcon.colcon_core.shell:Creating environment descriptor '/home/aiserver-kiki/Sentinel_Project/install/sentinel_publisher/share/sentinel_publisher/hook/cmake_prefix_path.dsv'
[9.508s] INFO:colcon.colcon_core.shell:Creating environment hook '/home/aiserver-kiki/Sentinel_Project/install/sentinel_publisher/share/sentinel_publisher/hook/cmake_prefix_path.sh'
[9.508s] Level 1:colcon.colcon_core.environment:checking '/home/aiserver-kiki/Sentinel_Project/install/sentinel_publisher/lib'
[9.508s] Level 1:colcon.colcon_core.environment:checking '/home/aiserver-kiki/Sentinel_Project/install/sentinel_publisher/bin'
[9.508s] Level 1:colcon.colcon_core.environment:checking '/home/aiserver-kiki/Sentinel_Project/install/sentinel_publisher/lib/pkgconfig/sentinel_publisher.pc'
[9.509s] Level 1:colcon.colcon_core.environment:checking '/home/aiserver-kiki/Sentinel_Project/install/sentinel_publisher/lib/python3.12/site-packages'
[9.509s] Level 1:colcon.colcon_core.environment:checking '/home/aiserver-kiki/Sentinel_Project/install/sentinel_publisher/bin'
[9.509s] INFO:colcon.colcon_core.shell:Creating package script '/home/aiserver-kiki/Sentinel_Project/install/sentinel_publisher/share/sentinel_publisher/package.ps1'
[9.509s] INFO:colcon.colcon_core.shell:Creating package descriptor '/home/aiserver-kiki/Sentinel_Project/install/sentinel_publisher/share/sentinel_publisher/package.dsv'
[9.510s] INFO:colcon.colcon_core.shell:Creating package script '/home/aiserver-kiki/Sentinel_Project/install/sentinel_publisher/share/sentinel_publisher/package.sh'
[9.510s] INFO:colcon.colcon_core.shell:Creating package script '/home/aiserver-kiki/Sentinel_Project/install/sentinel_publisher/share/sentinel_publisher/package.bash'
[9.510s] INFO:colcon.colcon_core.shell:Creating package script '/home/aiserver-kiki/Sentinel_Project/install/sentinel_publisher/share/sentinel_publisher/package.zsh'
[9.510s] Level 1:colcon.colcon_core.environment:create_file_with_runtime_dependencies(/home/aiserver-kiki/Sentinel_Project/install/sentinel_publisher/share/colcon-core/packages/sentinel_publisher)
[9.511s] Level 1:colcon.colcon_core.environment:create_environment_scripts_only(sentinel_publisher)
[9.511s] Level 1:colcon.colcon_core.environment:checking '/home/aiserver-kiki/Sentinel_Project/install/sentinel_publisher' for CMake module files
[9.511s] Level 1:colcon.colcon_core.environment:checking '/home/aiserver-kiki/Sentinel_Project/install/sentinel_publisher' for CMake config files
[9.512s] Level 1:colcon.colcon_core.shell:create_environment_hook('sentinel_publisher', 'cmake_prefix_path')
[9.512s] INFO:colcon.colcon_core.shell:Creating environment hook '/home/aiserver-kiki/Sentinel_Project/install/sentinel_publisher/share/sentinel_publisher/hook/cmake_prefix_path.ps1'
[9.512s] INFO:colcon.colcon_core.shell:Creating environment descriptor '/home/aiserver-kiki/Sentinel_Project/install/sentinel_publisher/share/sentinel_publisher/hook/cmake_prefix_path.dsv'
[9.512s] INFO:colcon.colcon_core.shell:Creating environment hook '/home/aiserver-kiki/Sentinel_Project/install/sentinel_publisher/share/sentinel_publisher/hook/cmake_prefix_path.sh'
[9.513s] Level 1:colcon.colcon_core.environment:checking '/home/aiserver-kiki/Sentinel_Project/install/sentinel_publisher/lib'
[9.513s] Level 1:colcon.colcon_core.environment:checking '/home/aiserver-kiki/Sentinel_Project/install/sentinel_publisher/bin'
[9.513s] Level 1:colcon.colcon_core.environment:checking '/home/aiserver-kiki/Sentinel_Project/install/sentinel_publisher/lib/pkgconfig/sentinel_publisher.pc'
[9.513s] Level 1:colcon.colcon_core.environment:checking '/home/aiserver-kiki/Sentinel_Project/install/sentinel_publisher/lib/python3.12/site-packages'
[9.513s] Level 1:colcon.colcon_core.environment:checking '/home/aiserver-kiki/Sentinel_Project/install/sentinel_publisher/bin'
[9.513s] INFO:colcon.colcon_core.shell:Creating package script '/home/aiserver-kiki/Sentinel_Project/install/sentinel_publisher/share/sentinel_publisher/package.ps1'
[9.514s] INFO:colcon.colcon_core.shell:Creating package descriptor '/home/aiserver-kiki/Sentinel_Project/install/sentinel_publisher/share/sentinel_publisher/package.dsv'
[9.514s] INFO:colcon.colcon_core.shell:Creating package script '/home/aiserver-kiki/Sentinel_Project/install/sentinel_publisher/share/sentinel_publisher/package.sh'
[9.515s] INFO:colcon.colcon_core.shell:Creating package script '/home/aiserver-kiki/Sentinel_Project/install/sentinel_publisher/share/sentinel_publisher/package.bash'
[9.515s] INFO:colcon.colcon_core.shell:Creating package script '/home/aiserver-kiki/Sentinel_Project/install/sentinel_publisher/share/sentinel_publisher/package.zsh'
[9.515s] Level 1:colcon.colcon_core.environment:create_file_with_runtime_dependencies(/home/aiserver-kiki/Sentinel_Project/install/sentinel_publisher/share/colcon-core/packages/sentinel_publisher)
[9.515s] DEBUG:colcon.colcon_parallel_executor.executor.parallel:closing loop
[9.516s] DEBUG:colcon.colcon_parallel_executor.executor.parallel:loop closed
[9.516s] DEBUG:colcon.colcon_parallel_executor.executor.parallel:run_until_complete finished with '0'
[9.516s] DEBUG:colcon.colcon_core.event_reactor:joining thread
[9.521s] INFO:colcon.colcon_core.plugin_system:Skipping extension 'colcon_notification.desktop_notification.terminal_notifier': Not used on non-Darwin systems
[9.521s] INFO:colcon.colcon_core.plugin_system:Skipping extension 'colcon_notification.desktop_notification.win32': Not used on non-Windows systems
[9.521s] INFO:colcon.colcon_notification.desktop_notification:Sending desktop notification using 'notify2'
[9.532s] DEBUG:colcon.colcon_core.event_reactor:joined thread
[9.532s] INFO:colcon.colcon_core.shell:Creating prefix script '/home/aiserver-kiki/Sentinel_Project/install/local_setup.ps1'
[9.533s] INFO:colcon.colcon_core.shell:Creating prefix util module '/home/aiserver-kiki/Sentinel_Project/install/_local_setup_util_ps1.py'
[9.535s] INFO:colcon.colcon_core.shell:Creating prefix chain script '/home/aiserver-kiki/Sentinel_Project/install/setup.ps1'
[9.536s] INFO:colcon.colcon_core.shell:Creating prefix script '/home/aiserver-kiki/Sentinel_Project/install/local_setup.sh'
[9.536s] INFO:colcon.colcon_core.shell:Creating prefix util module '/home/aiserver-kiki/Sentinel_Project/install/_local_setup_util_sh.py'
[9.536s] INFO:colcon.colcon_core.shell:Creating prefix chain script '/home/aiserver-kiki/Sentinel_Project/install/setup.sh'
[9.537s] INFO:colcon.colcon_core.shell:Creating prefix script '/home/aiserver-kiki/Sentinel_Project/install/local_setup.bash'
[9.538s] INFO:colcon.colcon_core.shell:Creating prefix chain script '/home/aiserver-kiki/Sentinel_Project/install/setup.bash'
[9.539s] INFO:colcon.colcon_core.shell:Creating prefix script '/home/aiserver-kiki/Sentinel_Project/install/local_setup.zsh'
[9.539s] INFO:colcon.colcon_core.shell:Creating prefix chain script '/home/aiserver-kiki/Sentinel_Project/install/setup.zsh'
