[0.011s] Invoking command in '/home/kiki/sentinel_ws/build/serial': CMAKE_PREFIX_PATH=${CMAKE_PREFIX_PATH}:/opt/ros/jazzy DEBUGINFOD_URLS=https://debuginfod.ubuntu.com /usr/bin/cmake --build /home/kiki/sentinel_ws/build/serial -- -j20 -l20
[0.057s] [ 14%] Built target gtest
[0.057s] [ 28%] Built target gtest_main
[0.059s] [ 57%] Built target serial
[0.076s] [ 71%] Built target serial_example
[0.076s] [ 85%] Built target serial-test-timer
[0.079s] [100%] Built target serial-test
[0.099s] Invoked command in '/home/kiki/sentinel_ws/build/serial' returned '0': CMAKE_PREFIX_PATH=${CMAKE_PREFIX_PATH}:/opt/ros/jazzy DEBUGINFOD_URLS=https://debuginfod.ubuntu.com /usr/bin/cmake --build /home/kiki/sentinel_ws/build/serial -- -j20 -l20
[0.099s] Invoking command in '/home/kiki/sentinel_ws/build/serial': CMAKE_PREFIX_PATH=${CMAKE_PREFIX_PATH}:/opt/ros/jazzy DEBUGINFOD_URLS=https://debuginfod.ubuntu.com /usr/bin/cmake --install /home/kiki/sentinel_ws/build/serial
[0.105s] -- Install configuration: ""
[0.105s] -- Execute custom install script
[0.105s] -- Up-to-date symlink: /home/kiki/sentinel_ws/install/serial/lib/libserial.a
[0.105s] -- Up-to-date symlink: /home/kiki/sentinel_ws/install/serial/include/serial/serial.h
[0.106s] -- Up-to-date symlink: /home/kiki/sentinel_ws/install/serial/include/serial/v8stdint.h
[0.106s] -- Up-to-date symlink: /home/kiki/sentinel_ws/install/serial/share/serial/environment/library_path.sh
[0.106s] -- Up-to-date symlink: /home/kiki/sentinel_ws/install/serial/share/serial/environment/library_path.dsv
[0.106s] -- Up-to-date symlink: /home/kiki/sentinel_ws/install/serial/share/ament_index/resource_index/package_run_dependencies/serial
[0.106s] -- Up-to-date symlink: /home/kiki/sentinel_ws/install/serial/share/ament_index/resource_index/parent_prefix_path/serial
[0.106s] -- Up-to-date symlink: /home/kiki/sentinel_ws/install/serial/share/serial/environment/ament_prefix_path.sh
[0.106s] -- Up-to-date symlink: /home/kiki/sentinel_ws/install/serial/share/serial/environment/ament_prefix_path.dsv
[0.106s] -- Up-to-date symlink: /home/kiki/sentinel_ws/install/serial/share/serial/environment/path.sh
[0.106s] -- Up-to-date symlink: /home/kiki/sentinel_ws/install/serial/share/serial/environment/path.dsv
[0.106s] -- Up-to-date symlink: /home/kiki/sentinel_ws/install/serial/share/serial/local_setup.bash
[0.106s] -- Up-to-date symlink: /home/kiki/sentinel_ws/install/serial/share/serial/local_setup.sh
[0.107s] -- Up-to-date symlink: /home/kiki/sentinel_ws/install/serial/share/serial/local_setup.zsh
[0.107s] -- Up-to-date symlink: /home/kiki/sentinel_ws/install/serial/share/serial/local_setup.dsv
[0.107s] -- Symlinking: /home/kiki/sentinel_ws/install/serial/share/serial/package.dsv
[0.114s] -- Up-to-date symlink: /home/kiki/sentinel_ws/install/serial/share/ament_index/resource_index/packages/serial
[0.114s] -- Up-to-date symlink: /home/kiki/sentinel_ws/install/serial/share/serial/cmake/ament_cmake_export_include_directories-extras.cmake
[0.114s] -- Up-to-date symlink: /home/kiki/sentinel_ws/install/serial/share/serial/cmake/ament_cmake_export_libraries-extras.cmake
[0.114s] -- Up-to-date symlink: /home/kiki/sentinel_ws/install/serial/share/serial/cmake/serialConfig.cmake
[0.115s] -- Up-to-date symlink: /home/kiki/sentinel_ws/install/serial/share/serial/cmake/serialConfig-version.cmake
[0.115s] -- Up-to-date symlink: /home/kiki/sentinel_ws/install/serial/share/serial/package.xml
[0.116s] Invoked command in '/home/kiki/sentinel_ws/build/serial' returned '0': CMAKE_PREFIX_PATH=${CMAKE_PREFIX_PATH}:/opt/ros/jazzy DEBUGINFOD_URLS=https://debuginfod.ubuntu.com /usr/bin/cmake --install /home/kiki/sentinel_ws/build/serial
