[0.010s] Invoking command in '/home/kiki/sentinel_ws/build/serial': CMAKE_PREFIX_PATH=${CMAKE_PREFIX_PATH}:/opt/ros/jazzy DEBUGINFOD_URLS=https://debuginfod.ubuntu.com /usr/bin/cmake --build /home/kiki/sentinel_ws/build/serial -- -j20 -l20
[0.036s] -- Found ament_cmake: 2.5.4 (/opt/ros/jazzy/share/ament_cmake/cmake)
[0.180s] -- Override CMake install command with custom implementation using symlinks instead of copying resources
[0.188s] -- Found ament_cmake_gtest: 2.5.4 (/opt/ros/jazzy/share/ament_cmake_gtest/cmake)
[0.192s] -- Found gtest sources under '/opt/ros/jazzy/src/gtest_vendor': C++ tests using 'Google Test' will be built
[0.256s] -- Configuring done (0.2s)
[0.265s] -- Generating done (0.0s)
[0.266s] -- Build files have been written to: /home/kiki/sentinel_ws/build/serial
[0.295s] [ 14%] [32mBuilding CXX object CMakeFiles/serial.dir/src/impl/unix.cc.o[0m
[0.295s] [ 14%] [32mBuilding CXX object CMakeFiles/serial.dir/src/serial.cc.o[0m
[0.295s] [ 28%] Built target gtest
[0.297s] [ 42%] Built target gtest_main
[0.298s] [ 50%] [32mBuilding CXX object CMakeFiles/serial.dir/src/impl/list_ports/list_ports_linux.cc.o[0m
[0.561s] [ 57%] [32m[1mLinking CXX static library libserial.a[0m
[0.608s] [ 57%] Built target serial
[0.626s] [ 64%] [32mBuilding CXX object CMakeFiles/serial_example.dir/examples/serial_example.cc.o[0m
[0.629s] [ 71%] [32mBuilding CXX object tests/CMakeFiles/serial-test.dir/unix_serial_tests.cc.o[0m
[0.631s] [ 78%] [32mBuilding CXX object tests/CMakeFiles/serial-test-timer.dir/unit/unix_timer_tests.cc.o[0m
[0.826s] [ 85%] [32m[1mLinking CXX executable serial_example[0m
[0.879s] [ 85%] Built target serial_example
[1.036s] In file included from [01m[K/usr/include/boost/bind/detail/requires_cxx11.hpp:9[m[K,
[1.036s]                  from [01m[K/usr/include/boost/bind/bind.hpp:24[m[K,
[1.036s]                  from [01m[K/usr/include/boost/bind.hpp:29[m[K,
[1.036s]                  from [01m[K/home/kiki/sentinel_ws/src/serial/tests/unix_serial_tests.cc:23[m[K:
[1.037s] [01m[K/usr/include/boost/bind.hpp:36:1:[m[K [01;36m[Knote: [m[K‘[01m[K#pragma message: The practice of declaring the Bind placeholders (_1, _2, ...) in the global namespace is deprecated. Please use <boost/bind/bind.hpp> + using namespace boost::placeholders, or define BOOST_BIND_GLOBAL_PLACEHOLDERS to retain the current behavior.[m[K’
[1.037s]    36 | [01;36m[KBOOST_PRAGMA_MESSAGE[m[K(
[1.037s]       | [01;36m[K^~~~~~~~~~~~~~~~~~~~[m[K
[1.144s] [ 92%] [32m[1mLinking CXX executable serial-test-timer[0m
[1.205s] [100%] [32m[1mLinking CXX executable serial-test[0m
[1.228s] [100%] Built target serial-test-timer
[1.285s] [100%] Built target serial-test
[1.294s] Invoked command in '/home/kiki/sentinel_ws/build/serial' returned '0': CMAKE_PREFIX_PATH=${CMAKE_PREFIX_PATH}:/opt/ros/jazzy DEBUGINFOD_URLS=https://debuginfod.ubuntu.com /usr/bin/cmake --build /home/kiki/sentinel_ws/build/serial -- -j20 -l20
[1.304s] Invoking command in '/home/kiki/sentinel_ws/build/serial': CMAKE_PREFIX_PATH=${CMAKE_PREFIX_PATH}:/opt/ros/jazzy DEBUGINFOD_URLS=https://debuginfod.ubuntu.com /usr/bin/cmake --install /home/kiki/sentinel_ws/build/serial
[1.311s] -- Install configuration: ""
[1.311s] -- Execute custom install script
[1.311s] -- Up-to-date symlink: /home/kiki/sentinel_ws/install/serial/lib/libserial.a
[1.311s] -- Up-to-date symlink: /home/kiki/sentinel_ws/install/serial/include/serial/serial.h
[1.311s] -- Up-to-date symlink: /home/kiki/sentinel_ws/install/serial/include/serial/v8stdint.h
[1.312s] -- Up-to-date symlink: /home/kiki/sentinel_ws/install/serial/share/serial/environment/library_path.sh
[1.312s] -- Up-to-date symlink: /home/kiki/sentinel_ws/install/serial/share/serial/environment/library_path.dsv
[1.312s] -- Up-to-date symlink: /home/kiki/sentinel_ws/install/serial/share/ament_index/resource_index/package_run_dependencies/serial
[1.312s] -- Up-to-date symlink: /home/kiki/sentinel_ws/install/serial/share/ament_index/resource_index/parent_prefix_path/serial
[1.312s] -- Up-to-date symlink: /home/kiki/sentinel_ws/install/serial/share/serial/environment/ament_prefix_path.sh
[1.312s] -- Up-to-date symlink: /home/kiki/sentinel_ws/install/serial/share/serial/environment/ament_prefix_path.dsv
[1.312s] -- Up-to-date symlink: /home/kiki/sentinel_ws/install/serial/share/serial/environment/path.sh
[1.312s] -- Up-to-date symlink: /home/kiki/sentinel_ws/install/serial/share/serial/environment/path.dsv
[1.312s] -- Up-to-date symlink: /home/kiki/sentinel_ws/install/serial/share/serial/local_setup.bash
[1.312s] -- Up-to-date symlink: /home/kiki/sentinel_ws/install/serial/share/serial/local_setup.sh
[1.312s] -- Up-to-date symlink: /home/kiki/sentinel_ws/install/serial/share/serial/local_setup.zsh
[1.312s] -- Up-to-date symlink: /home/kiki/sentinel_ws/install/serial/share/serial/local_setup.dsv
[1.312s] -- Symlinking: /home/kiki/sentinel_ws/install/serial/share/serial/package.dsv
[1.320s] -- Up-to-date symlink: /home/kiki/sentinel_ws/install/serial/share/ament_index/resource_index/packages/serial
[1.320s] -- Up-to-date symlink: /home/kiki/sentinel_ws/install/serial/share/serial/cmake/ament_cmake_export_include_directories-extras.cmake
[1.320s] -- Up-to-date symlink: /home/kiki/sentinel_ws/install/serial/share/serial/cmake/ament_cmake_export_libraries-extras.cmake
[1.320s] -- Up-to-date symlink: /home/kiki/sentinel_ws/install/serial/share/serial/cmake/serialConfig.cmake
[1.320s] -- Up-to-date symlink: /home/kiki/sentinel_ws/install/serial/share/serial/cmake/serialConfig-version.cmake
[1.320s] -- Up-to-date symlink: /home/kiki/sentinel_ws/install/serial/share/serial/package.xml
[1.321s] Invoked command in '/home/kiki/sentinel_ws/build/serial' returned '0': CMAKE_PREFIX_PATH=${CMAKE_PREFIX_PATH}:/opt/ros/jazzy DEBUGINFOD_URLS=https://debuginfod.ubuntu.com /usr/bin/cmake --install /home/kiki/sentinel_ws/build/serial
