../Core/Src/main.c:79:5:main	8	static
../Core/Src/main.c:134:6:SystemClock_Config	120	static
../Core/Src/main.c:184:13:MX_I2C1_Init	8	static
../Core/Src/main.c:232:13:MX_ICACHE_Init	8	static
../Core/Src/main.c:264:13:MX_TIM1_Init	56	static
../Core/Src/main.c:315:13:MX_TIM2_Init	56	static
../Core/Src/main.c:364:13:MX_TIM3_Init	48	static
../Core/Src/main.c:417:13:MX_USART2_UART_Init	8	static
../Core/Src/main.c:465:13:MX_GPIO_Init	40	static
../Core/Src/main.c:508:6:MPU_Config	32	static
../Core/Src/main.c:544:6:Error_Handler	4	static,ignoring_inline_asm
