[0.005s] Invoking command in '/home/kiki/sentinel_ws/build/sentinel_publisher': CMAKE_PREFIX_PATH=${CMAKE_PREFIX_PATH}:/opt/ros/jazzy DEBUGINFOD_URLS=https://debuginfod.ubuntu.com /usr/bin/cmake /home/kiki/sentinel_ws/src/sentinel_publisher -DAMENT_CMAKE_SYMLINK_INSTALL=1 -DCMAKE_INSTALL_PREFIX=/home/kiki/sentinel_ws/install/sentinel_publisher
[0.073s] -- The C compiler identification is GNU 13.3.0
[0.134s] -- The CXX compiler identification is GNU 13.3.0
[0.148s] -- Detecting C compiler ABI info
[0.218s] -- Detecting C compiler ABI info - done
[0.223s] -- Check for working C compiler: /usr/bin/cc - skipped
[0.224s] -- Detecting C compile features
[0.224s] -- Detecting C compile features - done
[0.233s] -- Detecting CXX compiler ABI info
[0.310s] -- Detecting CXX compiler ABI info - done
[0.320s] -- Check for working CXX compiler: /usr/bin/c++ - skipped
[0.320s] -- Detecting CXX compile features
[0.320s] -- Detecting CXX compile features - done
[0.326s] -- Found ament_cmake: 2.5.4 (/opt/ros/jazzy/share/ament_cmake/cmake)
[0.432s] -- Found Python3: /usr/bin/python3 (found version "3.12.3") found components: Interpreter 
[0.476s] -- Override CMake install command with custom implementation using symlinks instead of copying resources
[0.504s] -- Found rclcpp: 28.1.13 (/opt/ros/jazzy/share/rclcpp/cmake)
[0.540s] -- Found rosidl_generator_c: 4.6.6 (/opt/ros/jazzy/share/rosidl_generator_c/cmake)
[0.551s] -- Found rosidl_generator_cpp: 4.6.6 (/opt/ros/jazzy/share/rosidl_generator_cpp/cmake)
[0.564s] -- Using all available rosidl_typesupport_c: rosidl_typesupport_fastrtps_c;rosidl_typesupport_introspection_c
[0.578s] -- Using all available rosidl_typesupport_cpp: rosidl_typesupport_fastrtps_cpp;rosidl_typesupport_introspection_cpp
[0.634s] -- Found rmw_implementation_cmake: 7.3.2 (/opt/ros/jazzy/share/rmw_implementation_cmake/cmake)
[0.637s] -- Found rmw_fastrtps_cpp: 8.4.3 (/opt/ros/jazzy/share/rmw_fastrtps_cpp/cmake)
[0.710s] -- Found OpenSSL: /usr/lib/x86_64-linux-gnu/libcrypto.so (found version "3.0.13")  
[0.730s] -- Found FastRTPS: /opt/ros/jazzy/include (Required is at least version "2.13") 
[0.750s] -- Using RMW implementation 'rmw_fastrtps_cpp' as default
[0.812s] -- Found rclcpp_action: 28.1.13 (/opt/ros/jazzy/share/rclcpp_action/cmake)
[0.852s] -- Found geometry_msgs: 5.3.6 (/opt/ros/jazzy/share/geometry_msgs/cmake)
[0.881s] -- Found nav2_msgs: 1.3.10 (/opt/ros/jazzy/share/nav2_msgs/cmake)
[0.998s] -- Found PostgreSQL: /usr/lib/x86_64-linux-gnu/libpq.so (found version "16.13")  
[1.002s] -- Found nlohmann_json: /usr/share/cmake/nlohmann_json/nlohmann_jsonConfig.cmake (found version "3.11.3") 
[1.004s] -- Found sensor_msgs: 5.3.6 (/opt/ros/jazzy/share/sensor_msgs/cmake)
[1.023s] -- Found lifecycle_msgs: 2.0.3 (/opt/ros/jazzy/share/lifecycle_msgs/cmake)
[1.037s] -- Found ros_gz_sim: 1.0.16 (/opt/ros/jazzy/share/ros_gz_sim/cmake)
[1.107s] -- Found ros_gz_bridge: 1.0.16 (/opt/ros/jazzy/share/ros_gz_bridge/cmake)
[1.123s] -- Looking for gz-msgs10 -- found version 10.3.2
[1.129s] -- Searching for dependencies of gz-msgs10
[1.230s] -- Found Protobuf: /usr/lib/x86_64-linux-gnu/libprotobuf.so (found version "3.21.12") 
[1.232s] -- Looking for gz-utils2 -- found version 2.2.1
[1.232s] -- Searching for dependencies of gz-utils2
[1.234s] -- Looking for gz-math7 -- found version 7.5.2
[1.234s] -- Searching for dependencies of gz-math7
[1.234s] -- Looking for gz-utils2 -- found version 2.2.1
[1.239s] -- Checking for module 'tinyxml2'
[1.250s] --   Found tinyxml2, version 10.0.0
[1.284s] -- Looking for gz-transport13 -- found version 13.5.0
[1.284s] -- Searching for dependencies of gz-transport13
[1.305s] -- Config-file not installed for ZeroMQ -- checking for pkg-config
[1.309s] -- Checking for module 'libzmq >= 4'
[1.322s] --   Found libzmq, version 4.3.5
[1.356s] -- Found ZeroMQ: TRUE (Required is at least version "4") 
[1.362s] -- Checking for module 'uuid'
[1.373s] --   Found uuid, version 2.39.3
[1.400s] -- Found UUID: TRUE  
[1.400s] -- Looking for gz-utils2 -- found version 2.2.1
[1.401s] -- Searching for dependencies of gz-utils2
[1.401s] -- Searching for <gz-utils2> component [cli]
[1.403s] -- Looking for gz-utils2-cli -- found version 2.2.1
[1.403s] -- Searching for dependencies of gz-utils2-cli
[1.403s] -- Looking for gz-msgs10 -- found version 10.3.2
[1.492s] -- Found ament_lint_auto: 0.17.3 (/opt/ros/jazzy/share/ament_lint_auto/cmake)
[1.563s] -- Added test 'cppcheck' to perform static code analysis on C / C++ code
[1.563s] -- Configured cppcheck include dirs: /home/kiki/sentinel_ws/src/sentinel_publisher/include
[1.563s] -- Configured cppcheck exclude dirs and/or files: 
[1.564s] -- Added test 'flake8' to check Python code syntax and style conventions
[1.564s] -- Configured 'flake8' exclude dirs and/or files: 
[1.564s] -- Added test 'lint_cmake' to check CMake code style
[1.565s] -- Added test 'pep257' to check Python code against some of the docstring style conventions in PEP 257
[1.566s] -- Added test 'uncrustify' to check C / C++ code style
[1.566s] -- Configured uncrustify additional arguments: 
[1.566s] -- Added test 'xmllint' to check XML markup files
[1.567s] -- Configuring done (1.6s)
[1.574s] -- Generating done (0.0s)
[1.576s] -- Build files have been written to: /home/kiki/sentinel_ws/build/sentinel_publisher
[1.585s] Invoked command in '/home/kiki/sentinel_ws/build/sentinel_publisher' returned '0': CMAKE_PREFIX_PATH=${CMAKE_PREFIX_PATH}:/opt/ros/jazzy DEBUGINFOD_URLS=https://debuginfod.ubuntu.com /usr/bin/cmake /home/kiki/sentinel_ws/src/sentinel_publisher -DAMENT_CMAKE_SYMLINK_INSTALL=1 -DCMAKE_INSTALL_PREFIX=/home/kiki/sentinel_ws/install/sentinel_publisher
[1.585s] Invoking command in '/home/kiki/sentinel_ws/build/sentinel_publisher': CMAKE_PREFIX_PATH=${CMAKE_PREFIX_PATH}:/opt/ros/jazzy DEBUGINFOD_URLS=https://debuginfod.ubuntu.com /usr/bin/cmake --build /home/kiki/sentinel_ws/build/sentinel_publisher -- -j20 -l20
[1.629s] [ 50%] [32mBuilding CXX object CMakeFiles/twist_to_stamped.dir/src/twist_to_stamped.cpp.o[0m
[6.086s] [100%] [32m[1mLinking CXX executable twist_to_stamped[0m
[6.287s] [100%] Built target twist_to_stamped
[6.297s] Invoked command in '/home/kiki/sentinel_ws/build/sentinel_publisher' returned '0': CMAKE_PREFIX_PATH=${CMAKE_PREFIX_PATH}:/opt/ros/jazzy DEBUGINFOD_URLS=https://debuginfod.ubuntu.com /usr/bin/cmake --build /home/kiki/sentinel_ws/build/sentinel_publisher -- -j20 -l20
[6.298s] Invoking command in '/home/kiki/sentinel_ws/build/sentinel_publisher': CMAKE_PREFIX_PATH=${CMAKE_PREFIX_PATH}:/opt/ros/jazzy DEBUGINFOD_URLS=https://debuginfod.ubuntu.com /usr/bin/cmake --install /home/kiki/sentinel_ws/build/sentinel_publisher
[6.306s] -- Install configuration: ""
[6.307s] -- Execute custom install script
[6.307s] -- Symlinking: /home/kiki/sentinel_ws/install/sentinel_publisher/lib/sentinel_publisher/twist_to_stamped
[6.317s] -- Symlinking: /home/kiki/sentinel_ws/install/sentinel_publisher/share/sentinel_publisher/description/imu.xacro
[6.324s] -- Symlinking: /home/kiki/sentinel_ws/install/sentinel_publisher/share/sentinel_publisher/description/inertial_macros.xacro
[6.334s] -- Symlinking: /home/kiki/sentinel_ws/install/sentinel_publisher/share/sentinel_publisher/description/lidar.xacro
[6.340s] -- Symlinking: /home/kiki/sentinel_ws/install/sentinel_publisher/share/sentinel_publisher/description/robot.urdf.xacro
[6.349s] -- Symlinking: /home/kiki/sentinel_ws/install/sentinel_publisher/share/sentinel_publisher/description/robot_core.xacro
[6.357s] -- Symlinking: /home/kiki/sentinel_ws/install/sentinel_publisher/share/sentinel_publisher/description/ros2_control.xacro
[6.364s] -- Symlinking: /home/kiki/sentinel_ws/install/sentinel_publisher/share/sentinel_publisher/meshes/back_caster.stl
[6.373s] -- Symlinking: /home/kiki/sentinel_ws/install/sentinel_publisher/share/sentinel_publisher/meshes/base.stl
[6.379s] -- Symlinking: /home/kiki/sentinel_ws/install/sentinel_publisher/share/sentinel_publisher/meshes/body_case.stl
[6.388s] -- Symlinking: /home/kiki/sentinel_ws/install/sentinel_publisher/share/sentinel_publisher/meshes/front_caster.stl
[6.396s] -- Symlinking: /home/kiki/sentinel_ws/install/sentinel_publisher/share/sentinel_publisher/meshes/left_wheel.stl
[6.405s] -- Symlinking: /home/kiki/sentinel_ws/install/sentinel_publisher/share/sentinel_publisher/meshes/right_wheel.stl
[6.414s] -- Symlinking: /home/kiki/sentinel_ws/install/sentinel_publisher/share/sentinel_publisher/meshes/rplidar.stl
[6.425s] -- Symlinking: /home/kiki/sentinel_ws/install/sentinel_publisher/share/sentinel_publisher/launch/launch_sim.launch.py
[6.435s] -- Symlinking: /home/kiki/sentinel_ws/install/sentinel_publisher/share/sentinel_publisher/config/bridge_gazebo.yaml
[6.445s] -- Symlinking: /home/kiki/sentinel_ws/install/sentinel_publisher/share/sentinel_publisher/config/laser_filter.yaml
[6.456s] -- Symlinking: /home/kiki/sentinel_ws/install/sentinel_publisher/share/sentinel_publisher/config/my_controllers.yaml
[6.463s] -- Symlinking: /home/kiki/sentinel_ws/install/sentinel_publisher/share/sentinel_publisher/worlds/industrial-warehouse.sdf
[6.474s] -- Symlinking: /home/kiki/sentinel_ws/install/sentinel_publisher/share/ament_index/resource_index/package_run_dependencies/sentinel_publisher
[6.482s] -- Symlinking: /home/kiki/sentinel_ws/install/sentinel_publisher/share/ament_index/resource_index/parent_prefix_path/sentinel_publisher
[6.492s] -- Symlinking: /home/kiki/sentinel_ws/install/sentinel_publisher/share/sentinel_publisher/environment/ament_prefix_path.sh
[6.501s] -- Symlinking: /home/kiki/sentinel_ws/install/sentinel_publisher/share/sentinel_publisher/environment/ament_prefix_path.dsv
[6.508s] -- Symlinking: /home/kiki/sentinel_ws/install/sentinel_publisher/share/sentinel_publisher/environment/path.sh
[6.515s] -- Symlinking: /home/kiki/sentinel_ws/install/sentinel_publisher/share/sentinel_publisher/environment/path.dsv
[6.526s] -- Symlinking: /home/kiki/sentinel_ws/install/sentinel_publisher/share/sentinel_publisher/local_setup.bash
[6.537s] -- Symlinking: /home/kiki/sentinel_ws/install/sentinel_publisher/share/sentinel_publisher/local_setup.sh
[6.543s] -- Symlinking: /home/kiki/sentinel_ws/install/sentinel_publisher/share/sentinel_publisher/local_setup.zsh
[6.549s] -- Symlinking: /home/kiki/sentinel_ws/install/sentinel_publisher/share/sentinel_publisher/local_setup.dsv
[6.556s] -- Symlinking: /home/kiki/sentinel_ws/install/sentinel_publisher/share/sentinel_publisher/package.dsv
[6.564s] -- Symlinking: /home/kiki/sentinel_ws/install/sentinel_publisher/share/ament_index/resource_index/packages/sentinel_publisher
[6.570s] -- Symlinking: /home/kiki/sentinel_ws/install/sentinel_publisher/share/sentinel_publisher/cmake/sentinel_publisherConfig.cmake
[6.577s] -- Symlinking: /home/kiki/sentinel_ws/install/sentinel_publisher/share/sentinel_publisher/cmake/sentinel_publisherConfig-version.cmake
[6.585s] -- Symlinking: /home/kiki/sentinel_ws/install/sentinel_publisher/share/sentinel_publisher/package.xml
[6.593s] Invoked command in '/home/kiki/sentinel_ws/build/sentinel_publisher' returned '0': CMAKE_PREFIX_PATH=${CMAKE_PREFIX_PATH}:/opt/ros/jazzy DEBUGINFOD_URLS=https://debuginfod.ubuntu.com /usr/bin/cmake --install /home/kiki/sentinel_ws/build/sentinel_publisher
