[0.009s] Invoking command in '/home/aiserver-kiki/Sentinel_Project/build/dreame_lds_ros2': CMAKE_PREFIX_PATH=${CMAKE_PREFIX_PATH}:/opt/ros/jazzy /usr/bin/cmake --build /home/aiserver-kiki/Sentinel_Project/build/dreame_lds_ros2 -- -j12 -l12
[0.078s] [ 50%] Building CXX object CMakeFiles/dreame_lds_node.dir/src/dreame_lds_node.cpp.o
[2.107s] /home/aiserver-kiki/Sentinel_Project/src/dreame_lds_ros2/src/dreame_lds_node.cpp: In member function ‘void DreameLdsNode::parse_packet(const uint8_t*)’:
[2.108s] /home/aiserver-kiki/Sentinel_Project/src/dreame_lds_ros2/src/dreame_lds_node.cpp:187:17: warning: unused variable ‘step’ [-Wunused-variable]
[2.108s]   187 |     const float step = span / static_cast<float>(N_SAMPLES - 1);
[2.108s]       |                 ^~~~
[4.913s] [100%] Linking CXX executable dreame_lds_node
[5.082s] [100%] Built target dreame_lds_node
[5.095s] Invoked command in '/home/aiserver-kiki/Sentinel_Project/build/dreame_lds_ros2' returned '0': CMAKE_PREFIX_PATH=${CMAKE_PREFIX_PATH}:/opt/ros/jazzy /usr/bin/cmake --build /home/aiserver-kiki/Sentinel_Project/build/dreame_lds_ros2 -- -j12 -l12
[5.107s] Invoking command in '/home/aiserver-kiki/Sentinel_Project/build/dreame_lds_ros2': CMAKE_PREFIX_PATH=${CMAKE_PREFIX_PATH}:/opt/ros/jazzy /usr/bin/cmake --install /home/aiserver-kiki/Sentinel_Project/build/dreame_lds_ros2
[5.116s] -- Install configuration: "Release"
[5.116s] -- Installing: /home/aiserver-kiki/Sentinel_Project/install/dreame_lds_ros2/lib/dreame_lds_ros2/dreame_lds_node
[5.116s] -- Set non-toolchain portion of runtime path of "/home/aiserver-kiki/Sentinel_Project/install/dreame_lds_ros2/lib/dreame_lds_ros2/dreame_lds_node" to ""
[5.116s] -- Up-to-date: /home/aiserver-kiki/Sentinel_Project/install/dreame_lds_ros2/share/dreame_lds_ros2/launch
[5.116s] -- Up-to-date: /home/aiserver-kiki/Sentinel_Project/install/dreame_lds_ros2/share/dreame_lds_ros2/launch/dreame_lds.launch.py
[5.117s] -- Up-to-date: /home/aiserver-kiki/Sentinel_Project/install/dreame_lds_ros2/share/dreame_lds_ros2/config
[5.117s] -- Installing: /home/aiserver-kiki/Sentinel_Project/install/dreame_lds_ros2/share/dreame_lds_ros2/config/dreame_lds.rviz
[5.117s] -- Up-to-date: /home/aiserver-kiki/Sentinel_Project/install/dreame_lds_ros2/share/dreame_lds_ros2/params
[5.117s] -- Up-to-date: /home/aiserver-kiki/Sentinel_Project/install/dreame_lds_ros2/share/dreame_lds_ros2/params/dreame_lds.yaml
[5.117s] -- Up-to-date: /home/aiserver-kiki/Sentinel_Project/install/dreame_lds_ros2/share/ament_index/resource_index/package_run_dependencies/dreame_lds_ros2
[5.117s] -- Up-to-date: /home/aiserver-kiki/Sentinel_Project/install/dreame_lds_ros2/share/ament_index/resource_index/parent_prefix_path/dreame_lds_ros2
[5.117s] -- Up-to-date: /home/aiserver-kiki/Sentinel_Project/install/dreame_lds_ros2/share/dreame_lds_ros2/environment/ament_prefix_path.sh
[5.117s] -- Up-to-date: /home/aiserver-kiki/Sentinel_Project/install/dreame_lds_ros2/share/dreame_lds_ros2/environment/ament_prefix_path.dsv
[5.117s] -- Up-to-date: /home/aiserver-kiki/Sentinel_Project/install/dreame_lds_ros2/share/dreame_lds_ros2/environment/path.sh
[5.118s] -- Up-to-date: /home/aiserver-kiki/Sentinel_Project/install/dreame_lds_ros2/share/dreame_lds_ros2/environment/path.dsv
[5.118s] -- Up-to-date: /home/aiserver-kiki/Sentinel_Project/install/dreame_lds_ros2/share/dreame_lds_ros2/local_setup.bash
[5.118s] -- Up-to-date: /home/aiserver-kiki/Sentinel_Project/install/dreame_lds_ros2/share/dreame_lds_ros2/local_setup.sh
[5.118s] -- Up-to-date: /home/aiserver-kiki/Sentinel_Project/install/dreame_lds_ros2/share/dreame_lds_ros2/local_setup.zsh
[5.118s] -- Up-to-date: /home/aiserver-kiki/Sentinel_Project/install/dreame_lds_ros2/share/dreame_lds_ros2/local_setup.dsv
[5.118s] -- Installing: /home/aiserver-kiki/Sentinel_Project/install/dreame_lds_ros2/share/dreame_lds_ros2/package.dsv
[5.118s] -- Up-to-date: /home/aiserver-kiki/Sentinel_Project/install/dreame_lds_ros2/share/ament_index/resource_index/packages/dreame_lds_ros2
[5.118s] -- Up-to-date: /home/aiserver-kiki/Sentinel_Project/install/dreame_lds_ros2/share/dreame_lds_ros2/cmake/dreame_lds_ros2Config.cmake
[5.118s] -- Up-to-date: /home/aiserver-kiki/Sentinel_Project/install/dreame_lds_ros2/share/dreame_lds_ros2/cmake/dreame_lds_ros2Config-version.cmake
[5.118s] -- Up-to-date: /home/aiserver-kiki/Sentinel_Project/install/dreame_lds_ros2/share/dreame_lds_ros2/package.xml
[5.119s] Invoked command in '/home/aiserver-kiki/Sentinel_Project/build/dreame_lds_ros2' returned '0': CMAKE_PREFIX_PATH=${CMAKE_PREFIX_PATH}:/opt/ros/jazzy /usr/bin/cmake --install /home/aiserver-kiki/Sentinel_Project/build/dreame_lds_ros2
