../Core/Src/main.c:83:5:main	1
../Core/Src/main.c:139:6:SystemClock_Config	4
../Core/Src/main.c:197:13:MX_I2C1_Init	4
../Core/Src/main.c:245:13:MX_ICACHE_Init	3
../Core/Src/main.c:277:13:MX_TIM2_Init	3
../Core/Src/main.c:326:13:MX_TIM3_Init	3
../Core/Src/main.c:375:13:MX_TIM4_Init	6
../Core/Src/main.c:434:13:MX_TIM8_Init	7
../Core/Src/main.c:516:13:MX_USART1_UART_Init	5
../Core/Src/main.c:564:13:MX_USART2_UART_Init	5
../Core/Src/main.c:612:13:MX_GPIO_Init	1
../Core/Src/main.c:655:6:MPU_Config	1
../Core/Src/main.c:691:6:Error_Handler	1
