../Core/Src/main.c:87:5:main	1
../Core/Src/main.c:145:6:SystemClock_Config	4
../Core/Src/main.c:203:13:MX_I2C1_Init	4
../Core/Src/main.c:251:13:MX_I2C2_Init	4
../Core/Src/main.c:299:13:MX_I2C3_Init	4
../Core/Src/main.c:347:13:MX_ICACHE_Init	3
../Core/Src/main.c:379:13:MX_TIM2_Init	3
../Core/Src/main.c:428:13:MX_TIM3_Init	3
../Core/Src/main.c:477:13:MX_TIM4_Init	6
../Core/Src/main.c:536:13:MX_TIM8_Init	7
../Core/Src/main.c:618:13:MX_USART1_UART_Init	5
../Core/Src/main.c:666:13:MX_USART2_UART_Init	5
../Core/Src/main.c:714:13:MX_GPIO_Init	1
../Core/Src/main.c:757:6:MPU_Config	1
../Core/Src/main.c:793:6:Error_Handler	1
