[0.007s] Invoking command in '/home/kiki/sentinel_ws/build/serial': CMAKE_PREFIX_PATH=${CMAKE_PREFIX_PATH}:/opt/ros/jazzy DEBUGINFOD_URLS=https://debuginfod.ubuntu.com /usr/bin/cmake /home/kiki/sentinel_ws/src/serial -DCMAKE_INSTALL_PREFIX=/home/kiki/sentinel_ws/install/serial
[0.021s] -- Found ament_cmake: 2.5.4 (/opt/ros/jazzy/share/ament_cmake/cmake)
[0.161s] -- Override CMake install command with custom implementation using symlinks instead of copying resources
[0.165s] -- Found ament_cmake_gtest: 2.5.4 (/opt/ros/jazzy/share/ament_cmake_gtest/cmake)
[0.168s] -- Found gtest sources under '/opt/ros/jazzy/src/gtest_vendor': C++ tests using 'Google Test' will be built
[0.227s] -- Configuring done (0.2s)
[0.233s] -- Generating done (0.0s)
[0.234s] -- Build files have been written to: /home/kiki/sentinel_ws/build/serial
[0.237s] Invoked command in '/home/kiki/sentinel_ws/build/serial' returned '0': CMAKE_PREFIX_PATH=${CMAKE_PREFIX_PATH}:/opt/ros/jazzy DEBUGINFOD_URLS=https://debuginfod.ubuntu.com /usr/bin/cmake /home/kiki/sentinel_ws/src/serial -DCMAKE_INSTALL_PREFIX=/home/kiki/sentinel_ws/install/serial
[0.237s] Invoking command in '/home/kiki/sentinel_ws/build/serial': CMAKE_PREFIX_PATH=${CMAKE_PREFIX_PATH}:/opt/ros/jazzy DEBUGINFOD_URLS=https://debuginfod.ubuntu.com /usr/bin/cmake --build /home/kiki/sentinel_ws/build/serial -- -j20 -l20
[0.278s] [ 14%] Built target gtest
[0.279s] [ 28%] Built target gtest_main
[0.282s] [ 57%] Built target serial
[0.298s] [ 71%] Built target serial-test
[0.299s] [ 85%] Built target serial-test-timer
[0.300s] [100%] Built target serial_example
[0.307s] Invoked command in '/home/kiki/sentinel_ws/build/serial' returned '0': CMAKE_PREFIX_PATH=${CMAKE_PREFIX_PATH}:/opt/ros/jazzy DEBUGINFOD_URLS=https://debuginfod.ubuntu.com /usr/bin/cmake --build /home/kiki/sentinel_ws/build/serial -- -j20 -l20
[0.318s] Invoking command in '/home/kiki/sentinel_ws/build/serial': CMAKE_PREFIX_PATH=${CMAKE_PREFIX_PATH}:/opt/ros/jazzy DEBUGINFOD_URLS=https://debuginfod.ubuntu.com /usr/bin/cmake --install /home/kiki/sentinel_ws/build/serial
[0.324s] -- Install configuration: ""
[0.324s] -- Execute custom install script
[0.324s] -- Up-to-date symlink: /home/kiki/sentinel_ws/install/serial/lib/libserial.a
[0.324s] -- Up-to-date symlink: /home/kiki/sentinel_ws/install/serial/include/serial/serial.h
[0.324s] -- Up-to-date symlink: /home/kiki/sentinel_ws/install/serial/include/serial/v8stdint.h
[0.324s] -- Up-to-date symlink: /home/kiki/sentinel_ws/install/serial/share/serial/environment/library_path.sh
[0.324s] -- Up-to-date symlink: /home/kiki/sentinel_ws/install/serial/share/serial/environment/library_path.dsv
[0.324s] -- Up-to-date symlink: /home/kiki/sentinel_ws/install/serial/share/ament_index/resource_index/package_run_dependencies/serial
[0.324s] -- Up-to-date symlink: /home/kiki/sentinel_ws/install/serial/share/ament_index/resource_index/parent_prefix_path/serial
[0.324s] -- Up-to-date symlink: /home/kiki/sentinel_ws/install/serial/share/serial/environment/ament_prefix_path.sh
[0.325s] -- Up-to-date symlink: /home/kiki/sentinel_ws/install/serial/share/serial/environment/ament_prefix_path.dsv
[0.325s] -- Up-to-date symlink: /home/kiki/sentinel_ws/install/serial/share/serial/environment/path.sh
[0.325s] -- Up-to-date symlink: /home/kiki/sentinel_ws/install/serial/share/serial/environment/path.dsv
[0.325s] -- Up-to-date symlink: /home/kiki/sentinel_ws/install/serial/share/serial/local_setup.bash
[0.325s] -- Up-to-date symlink: /home/kiki/sentinel_ws/install/serial/share/serial/local_setup.sh
[0.325s] -- Up-to-date symlink: /home/kiki/sentinel_ws/install/serial/share/serial/local_setup.zsh
[0.325s] -- Up-to-date symlink: /home/kiki/sentinel_ws/install/serial/share/serial/local_setup.dsv
[0.325s] -- Symlinking: /home/kiki/sentinel_ws/install/serial/share/serial/package.dsv
[0.330s] -- Up-to-date symlink: /home/kiki/sentinel_ws/install/serial/share/ament_index/resource_index/packages/serial
[0.330s] -- Up-to-date symlink: /home/kiki/sentinel_ws/install/serial/share/serial/cmake/ament_cmake_export_include_directories-extras.cmake
[0.330s] -- Up-to-date symlink: /home/kiki/sentinel_ws/install/serial/share/serial/cmake/ament_cmake_export_libraries-extras.cmake
[0.330s] -- Up-to-date symlink: /home/kiki/sentinel_ws/install/serial/share/serial/cmake/serialConfig.cmake
[0.330s] -- Up-to-date symlink: /home/kiki/sentinel_ws/install/serial/share/serial/cmake/serialConfig-version.cmake
[0.330s] -- Up-to-date symlink: /home/kiki/sentinel_ws/install/serial/share/serial/package.xml
[0.332s] Invoked command in '/home/kiki/sentinel_ws/build/serial' returned '0': CMAKE_PREFIX_PATH=${CMAKE_PREFIX_PATH}:/opt/ros/jazzy DEBUGINFOD_URLS=https://debuginfod.ubuntu.com /usr/bin/cmake --install /home/kiki/sentinel_ws/build/serial
