[0.015s] Invoking command in '/home/aiserver-kiki/Sentinel_Project/build/serial': CMAKE_PREFIX_PATH=${CMAKE_PREFIX_PATH}:/opt/ros/jazzy /usr/bin/cmake /home/aiserver-kiki/Sentinel_Project/src/serial -DAMENT_CMAKE_SYMLINK_INSTALL=1 -DCMAKE_INSTALL_PREFIX=/home/aiserver-kiki/Sentinel_Project/install/serial
[0.106s] -- The C compiler identification is GNU 13.3.0
[0.202s] -- The CXX compiler identification is GNU 13.3.0
[0.219s] -- Detecting C compiler ABI info
[0.322s] -- Detecting C compiler ABI info - done
[0.333s] -- Check for working C compiler: /usr/bin/cc - skipped
[0.333s] -- Detecting C compile features
[0.334s] -- Detecting C compile features - done
[0.343s] -- Detecting CXX compiler ABI info
[0.447s] -- Detecting CXX compiler ABI info - done
[0.457s] -- Check for working CXX compiler: /usr/bin/c++ - skipped
[0.457s] -- Detecting CXX compile features
[0.458s] -- Detecting CXX compile features - done
[0.469s] -- Found ament_cmake: 2.5.6 (/opt/ros/jazzy/share/ament_cmake/cmake)
[0.622s] -- Found Python3: /usr/bin/python3 (found version "3.12.3") found components: Interpreter 
[0.705s] -- Override CMake install command with custom implementation using symlinks instead of copying resources
[0.775s] -- Found ament_cmake_gtest: 2.5.6 (/opt/ros/jazzy/share/ament_cmake_gtest/cmake)
[0.791s] -- Found Boost: /usr/lib/x86_64-linux-gnu/cmake/Boost-1.83.0/BoostConfig.cmake (found version "1.83.0")  
[0.796s] -- Found gtest sources under '/opt/ros/jazzy/src/gtest_vendor': C++ tests using 'Google Test' will be built
[0.799s] -- Performing Test CMAKE_HAVE_LIBC_PTHREAD
[0.901s] -- Performing Test CMAKE_HAVE_LIBC_PTHREAD - Success
[0.902s] -- Found Threads: TRUE  
[1.004s] -- Configuring done (1.0s)
[1.020s] -- Generating done (0.0s)
[1.025s] -- Build files have been written to: /home/aiserver-kiki/Sentinel_Project/build/serial
[1.031s] Invoked command in '/home/aiserver-kiki/Sentinel_Project/build/serial' returned '0': CMAKE_PREFIX_PATH=${CMAKE_PREFIX_PATH}:/opt/ros/jazzy /usr/bin/cmake /home/aiserver-kiki/Sentinel_Project/src/serial -DAMENT_CMAKE_SYMLINK_INSTALL=1 -DCMAKE_INSTALL_PREFIX=/home/aiserver-kiki/Sentinel_Project/install/serial
[1.032s] Invoking command in '/home/aiserver-kiki/Sentinel_Project/build/serial': CMAKE_PREFIX_PATH=${CMAKE_PREFIX_PATH}:/opt/ros/jazzy /usr/bin/cmake --build /home/aiserver-kiki/Sentinel_Project/build/serial -- -j12 -l12
[1.089s] [ 35%] [32mBuilding CXX object CMakeFiles/serial.dir/src/impl/list_ports/list_ports_linux.cc.o[0m
[1.090s] [ 35%] [32mBuilding CXX object CMakeFiles/serial.dir/src/serial.cc.o[0m
[1.090s] [ 35%] [32mBuilding CXX object CMakeFiles/serial.dir/src/impl/unix.cc.o[0m
[1.090s] [ 35%] [32mBuilding CXX object gtest/CMakeFiles/gtest_main.dir/src/gtest_main.cc.o[0m
[1.090s] [ 35%] [32mBuilding CXX object gtest/CMakeFiles/gtest.dir/src/gtest-all.cc.o[0m
[1.657s] [ 42%] [32m[1mLinking CXX static library libserial.a[0m
[1.698s] [ 42%] Built target serial
[1.723s] [ 50%] [32mBuilding CXX object CMakeFiles/serial_example.dir/examples/serial_example.cc.o[0m
[1.991s] [ 57%] [32m[1mLinking CXX static library libgtest_main.a[0m
[2.032s] [ 57%] Built target gtest_main
[2.033s] [ 64%] [32m[1mLinking CXX executable serial_example[0m
[2.139s] [ 64%] Built target serial_example
[4.502s] [ 71%] [32m[1mLinking CXX static library libgtest.a[0m
[4.567s] [ 71%] Built target gtest
[4.590s] [ 85%] [32mBuilding CXX object tests/CMakeFiles/serial-test.dir/unix_serial_tests.cc.o[0m
[4.590s] [ 85%] [32mBuilding CXX object tests/CMakeFiles/serial-test-timer.dir/unit/unix_timer_tests.cc.o[0m
[5.166s] In file included from [01m[K/usr/include/boost/bind/detail/requires_cxx11.hpp:9[m[K,
[5.166s]                  from [01m[K/usr/include/boost/bind/bind.hpp:24[m[K,
[5.166s]                  from [01m[K/usr/include/boost/bind.hpp:29[m[K,
[5.166s]                  from [01m[K/home/aiserver-kiki/Sentinel_Project/src/serial/tests/unix_serial_tests.cc:23[m[K:
[5.166s] [01m[K/usr/include/boost/bind.hpp:36:1:[m[K [01;36m[Knote: [m[K‘[01m[K#pragma message: The practice of declaring the Bind placeholders (_1, _2, ...) in the global namespace is deprecated. Please use <boost/bind/bind.hpp> + using namespace boost::placeholders, or define BOOST_BIND_GLOBAL_PLACEHOLDERS to retain the current behavior.[m[K’
[5.166s]    36 | [01;36m[KBOOST_PRAGMA_MESSAGE[m[K(
[5.167s]       | [01;36m[K^~~~~~~~~~~~~~~~~~~~[m[K
[5.347s] [ 92%] [32m[1mLinking CXX executable serial-test-timer[0m
[5.412s] [100%] [32m[1mLinking CXX executable serial-test[0m
[5.490s] [100%] Built target serial-test-timer
[5.556s] [100%] Built target serial-test
