[0.110s] DEBUG:colcon:Command line arguments: ['/usr/bin/colcon', 'build', '--packages-select', 'dreame_lds_ros2', '--cmake-args', '-DCMAKE_BUILD_TYPE=Release']
[0.110s] DEBUG:colcon:Parsed command line arguments: Namespace(log_base=None, log_level=None, verb_name='build', build_base='build', install_base='install', merge_install=False, symlink_install=False, test_result_base=None, continue_on_error=False, executor='parallel', parallel_workers=12, event_handlers=None, ignore_user_meta=False, metas=['./colcon.meta'], base_paths=['.'], packages_ignore=None, packages_ignore_regex=None, paths=None, packages_up_to=None, packages_up_to_regex=None, packages_above=None, packages_above_and_dependencies=None, packages_above_depth=None, packages_select_by_dep=None, packages_skip_by_dep=None, packages_skip_up_to=None, packages_select_build_failed=False, packages_skip_build_finished=False, packages_select_test_failures=False, packages_skip_test_passed=False, packages_select=['dreame_lds_ros2'], packages_skip=None, packages_select_regex=None, packages_skip_regex=None, packages_start=None, packages_end=None, allow_overriding=[], cmake_args=['-DCMAKE_BUILD_TYPE=Release'], cmake_target=None, cmake_target_skip_unavailable=False, cmake_clean_cache=False, cmake_clean_first=False, cmake_force_configure=False, ament_cmake_args=None, catkin_cmake_args=None, catkin_skip_building_tests=False, mixin_files=None, mixin=None, verb_parser=<colcon_mixin.mixin.mixin_argument.MixinArgumentDecorator object at 0x766efc494e90>, verb_extension=<colcon_core.verb.build.BuildVerb object at 0x766efc4946b0>, main=<bound method BuildVerb.main of <colcon_core.verb.build.BuildVerb object at 0x766efc4946b0>>, mixin_verb=('build',))
[0.154s] Level 1:colcon.colcon_core.package_discovery:discover_packages(colcon_meta) check parameters
[0.155s] Level 1:colcon.colcon_core.package_discovery:discover_packages(recursive) check parameters
[0.155s] Level 1:colcon.colcon_core.package_discovery:discover_packages(ignore) check parameters
[0.155s] Level 1:colcon.colcon_core.package_discovery:discover_packages(path) check parameters
[0.155s] Level 1:colcon.colcon_core.package_discovery:discover_packages(colcon_meta) discover
[0.155s] Level 1:colcon.colcon_core.package_discovery:discover_packages(recursive) discover
[0.155s] INFO:colcon.colcon_core.package_discovery:Crawling recursively for packages in '/home/aiserver-kiki/Sentinel_Project'
[0.155s] Level 1:colcon.colcon_core.package_identification:_identify(.) by extensions ['ignore', 'ignore_ament_install']
[0.155s] Level 1:colcon.colcon_core.package_identification:_identify(.) by extension 'ignore'
[0.155s] Level 1:colcon.colcon_core.package_identification:_identify(.) by extension 'ignore_ament_install'
[0.155s] Level 1:colcon.colcon_core.package_identification:_identify(.) by extensions ['colcon_pkg']
[0.155s] Level 1:colcon.colcon_core.package_identification:_identify(.) by extension 'colcon_pkg'
[0.155s] Level 1:colcon.colcon_core.package_identification:_identify(.) by extensions ['colcon_meta']
[0.155s] Level 1:colcon.colcon_core.package_identification:_identify(.) by extension 'colcon_meta'
[0.155s] Level 1:colcon.colcon_core.package_identification:_identify(.) by extensions ['ros']
[0.155s] Level 1:colcon.colcon_core.package_identification:_identify(.) by extension 'ros'
[0.178s] Level 1:colcon.colcon_core.package_identification:_identify(.) by extensions ['cmake', 'python']
[0.178s] Level 1:colcon.colcon_core.package_identification:_identify(.) by extension 'cmake'
[0.178s] Level 1:colcon.colcon_core.package_identification:_identify(.) by extension 'python'
[0.178s] Level 1:colcon.colcon_core.package_identification:_identify(.) by extensions ['python_setup_py']
[0.179s] Level 1:colcon.colcon_core.package_identification:_identify(.) by extension 'python_setup_py'
[0.179s] Level 1:colcon.colcon_core.package_identification:_identify(build) by extensions ['ignore', 'ignore_ament_install']
[0.179s] Level 1:colcon.colcon_core.package_identification:_identify(build) by extension 'ignore'
[0.179s] Level 1:colcon.colcon_core.package_identification:_identify(build) ignored
[0.179s] Level 1:colcon.colcon_core.package_identification:_identify(install) by extensions ['ignore', 'ignore_ament_install']
[0.179s] Level 1:colcon.colcon_core.package_identification:_identify(install) by extension 'ignore'
[0.179s] Level 1:colcon.colcon_core.package_identification:_identify(install) ignored
[0.179s] Level 1:colcon.colcon_core.package_identification:_identify(log) by extensions ['ignore', 'ignore_ament_install']
[0.179s] Level 1:colcon.colcon_core.package_identification:_identify(log) by extension 'ignore'
[0.179s] Level 1:colcon.colcon_core.package_identification:_identify(log) ignored
[0.179s] Level 1:colcon.colcon_core.package_identification:_identify(src) by extensions ['ignore', 'ignore_ament_install']
[0.179s] Level 1:colcon.colcon_core.package_identification:_identify(src) by extension 'ignore'
[0.179s] Level 1:colcon.colcon_core.package_identification:_identify(src) by extension 'ignore_ament_install'
[0.179s] Level 1:colcon.colcon_core.package_identification:_identify(src) by extensions ['colcon_pkg']
[0.179s] Level 1:colcon.colcon_core.package_identification:_identify(src) by extension 'colcon_pkg'
[0.179s] Level 1:colcon.colcon_core.package_identification:_identify(src) by extensions ['colcon_meta']
[0.179s] Level 1:colcon.colcon_core.package_identification:_identify(src) by extension 'colcon_meta'
[0.179s] Level 1:colcon.colcon_core.package_identification:_identify(src) by extensions ['ros']
[0.180s] Level 1:colcon.colcon_core.package_identification:_identify(src) by extension 'ros'
[0.180s] Level 1:colcon.colcon_core.package_identification:_identify(src) by extensions ['cmake', 'python']
[0.180s] Level 1:colcon.colcon_core.package_identification:_identify(src) by extension 'cmake'
[0.180s] Level 1:colcon.colcon_core.package_identification:_identify(src) by extension 'python'
[0.180s] Level 1:colcon.colcon_core.package_identification:_identify(src) by extensions ['python_setup_py']
[0.180s] Level 1:colcon.colcon_core.package_identification:_identify(src) by extension 'python_setup_py'
[0.180s] Level 1:colcon.colcon_core.package_identification:_identify(src/diffdrive_arduino) by extensions ['ignore', 'ignore_ament_install']
[0.180s] Level 1:colcon.colcon_core.package_identification:_identify(src/diffdrive_arduino) by extension 'ignore'
[0.180s] Level 1:colcon.colcon_core.package_identification:_identify(src/diffdrive_arduino) by extension 'ignore_ament_install'
[0.180s] Level 1:colcon.colcon_core.package_identification:_identify(src/diffdrive_arduino) by extensions ['colcon_pkg']
[0.180s] Level 1:colcon.colcon_core.package_identification:_identify(src/diffdrive_arduino) by extension 'colcon_pkg'
[0.180s] Level 1:colcon.colcon_core.package_identification:_identify(src/diffdrive_arduino) by extensions ['colcon_meta']
[0.180s] Level 1:colcon.colcon_core.package_identification:_identify(src/diffdrive_arduino) by extension 'colcon_meta'
[0.180s] Level 1:colcon.colcon_core.package_identification:_identify(src/diffdrive_arduino) by extensions ['ros']
[0.180s] Level 1:colcon.colcon_core.package_identification:_identify(src/diffdrive_arduino) by extension 'ros'
[0.182s] DEBUG:colcon.colcon_core.package_identification:Package 'src/diffdrive_arduino' with type 'ros.ament_cmake' and name 'diffdrive_arduino'
[0.183s] Level 1:colcon.colcon_core.package_identification:_identify(src/dreame_lds_ros2) by extensions ['ignore', 'ignore_ament_install']
[0.183s] Level 1:colcon.colcon_core.package_identification:_identify(src/dreame_lds_ros2) by extension 'ignore'
[0.183s] Level 1:colcon.colcon_core.package_identification:_identify(src/dreame_lds_ros2) by extension 'ignore_ament_install'
[0.183s] Level 1:colcon.colcon_core.package_identification:_identify(src/dreame_lds_ros2) by extensions ['colcon_pkg']
[0.183s] Level 1:colcon.colcon_core.package_identification:_identify(src/dreame_lds_ros2) by extension 'colcon_pkg'
[0.183s] Level 1:colcon.colcon_core.package_identification:_identify(src/dreame_lds_ros2) by extensions ['colcon_meta']
[0.183s] Level 1:colcon.colcon_core.package_identification:_identify(src/dreame_lds_ros2) by extension 'colcon_meta'
[0.183s] Level 1:colcon.colcon_core.package_identification:_identify(src/dreame_lds_ros2) by extensions ['ros']
[0.183s] Level 1:colcon.colcon_core.package_identification:_identify(src/dreame_lds_ros2) by extension 'ros'
[0.183s] DEBUG:colcon.colcon_core.package_identification:Package 'src/dreame_lds_ros2' with type 'ros.ament_cmake' and name 'dreame_lds_ros2'
[0.183s] Level 1:colcon.colcon_core.package_identification:_identify(src/sentinel_publisher) by extensions ['ignore', 'ignore_ament_install']
[0.184s] Level 1:colcon.colcon_core.package_identification:_identify(src/sentinel_publisher) by extension 'ignore'
[0.184s] Level 1:colcon.colcon_core.package_identification:_identify(src/sentinel_publisher) by extension 'ignore_ament_install'
[0.184s] Level 1:colcon.colcon_core.package_identification:_identify(src/sentinel_publisher) by extensions ['colcon_pkg']
[0.184s] Level 1:colcon.colcon_core.package_identification:_identify(src/sentinel_publisher) by extension 'colcon_pkg'
[0.184s] Level 1:colcon.colcon_core.package_identification:_identify(src/sentinel_publisher) by extensions ['colcon_meta']
[0.184s] Level 1:colcon.colcon_core.package_identification:_identify(src/sentinel_publisher) by extension 'colcon_meta'
[0.184s] Level 1:colcon.colcon_core.package_identification:_identify(src/sentinel_publisher) by extensions ['ros']
[0.184s] Level 1:colcon.colcon_core.package_identification:_identify(src/sentinel_publisher) by extension 'ros'
[0.184s] DEBUG:colcon.colcon_core.package_identification:Package 'src/sentinel_publisher' with type 'ros.ament_cmake' and name 'sentinel_publisher'
[0.185s] Level 1:colcon.colcon_core.package_identification:_identify(src/serial) by extensions ['ignore', 'ignore_ament_install']
[0.185s] Level 1:colcon.colcon_core.package_identification:_identify(src/serial) by extension 'ignore'
[0.185s] Level 1:colcon.colcon_core.package_identification:_identify(src/serial) by extension 'ignore_ament_install'
[0.185s] Level 1:colcon.colcon_core.package_identification:_identify(src/serial) by extensions ['colcon_pkg']
[0.185s] Level 1:colcon.colcon_core.package_identification:_identify(src/serial) by extension 'colcon_pkg'
[0.185s] Level 1:colcon.colcon_core.package_identification:_identify(src/serial) by extensions ['colcon_meta']
[0.185s] Level 1:colcon.colcon_core.package_identification:_identify(src/serial) by extension 'colcon_meta'
[0.185s] Level 1:colcon.colcon_core.package_identification:_identify(src/serial) by extensions ['ros']
[0.185s] Level 1:colcon.colcon_core.package_identification:_identify(src/serial) by extension 'ros'
[0.185s] DEBUG:colcon.colcon_core.package_identification:Package 'src/serial' with type 'ros.ament_cmake' and name 'serial'
[0.185s] Level 1:colcon.colcon_core.package_identification:_identify(src/ydlidar_ros2_driver_jazzy) by extensions ['ignore', 'ignore_ament_install']
[0.186s] Level 1:colcon.colcon_core.package_identification:_identify(src/ydlidar_ros2_driver_jazzy) by extension 'ignore'
[0.186s] Level 1:colcon.colcon_core.package_identification:_identify(src/ydlidar_ros2_driver_jazzy) by extension 'ignore_ament_install'
[0.186s] Level 1:colcon.colcon_core.package_identification:_identify(src/ydlidar_ros2_driver_jazzy) by extensions ['colcon_pkg']
[0.186s] Level 1:colcon.colcon_core.package_identification:_identify(src/ydlidar_ros2_driver_jazzy) by extension 'colcon_pkg'
[0.186s] Level 1:colcon.colcon_core.package_identification:_identify(src/ydlidar_ros2_driver_jazzy) by extensions ['colcon_meta']
[0.186s] Level 1:colcon.colcon_core.package_identification:_identify(src/ydlidar_ros2_driver_jazzy) by extension 'colcon_meta'
[0.186s] Level 1:colcon.colcon_core.package_identification:_identify(src/ydlidar_ros2_driver_jazzy) by extensions ['ros']
[0.186s] Level 1:colcon.colcon_core.package_identification:_identify(src/ydlidar_ros2_driver_jazzy) by extension 'ros'
[0.187s] DEBUG:colcon.colcon_core.package_identification:Package 'src/ydlidar_ros2_driver_jazzy' with type 'ros.ament_cmake' and name 'ydlidar_ros2_driver'
[0.187s] Level 1:colcon.colcon_core.package_discovery:discover_packages(recursive) using defaults
[0.187s] Level 1:colcon.colcon_core.package_discovery:discover_packages(ignore) discover
[0.187s] Level 1:colcon.colcon_core.package_discovery:discover_packages(ignore) using defaults
[0.187s] Level 1:colcon.colcon_core.package_discovery:discover_packages(path) discover
[0.187s] Level 1:colcon.colcon_core.package_discovery:discover_packages(path) using defaults
[0.205s] INFO:colcon.colcon_core.package_selection:Skipping not selected package 'sentinel_publisher' in 'src/sentinel_publisher'
[0.205s] INFO:colcon.colcon_core.package_selection:Skipping not selected package 'serial' in 'src/serial'
[0.205s] INFO:colcon.colcon_core.package_selection:Skipping not selected package 'ydlidar_ros2_driver' in 'src/ydlidar_ros2_driver_jazzy'
[0.205s] INFO:colcon.colcon_core.package_selection:Skipping not selected package 'diffdrive_arduino' in 'src/diffdrive_arduino'
[0.205s] Level 1:colcon.colcon_core.package_discovery:discover_packages(prefix_path) check parameters
[0.205s] Level 1:colcon.colcon_core.package_discovery:discover_packages(prefix_path) discover
[0.209s] DEBUG:colcon.colcon_installed_package_information.package_discovery:Found 424 installed packages in /opt/ros/jazzy
[0.210s] Level 1:colcon.colcon_core.package_discovery:discover_packages(prefix_path) using defaults
[0.259s] Level 5:colcon.colcon_core.verb:set package 'dreame_lds_ros2' build argument 'cmake_args' from command line to '['-DCMAKE_BUILD_TYPE=Release']'
[0.259s] Level 5:colcon.colcon_core.verb:set package 'dreame_lds_ros2' build argument 'cmake_target' from command line to 'None'
[0.259s] Level 5:colcon.colcon_core.verb:set package 'dreame_lds_ros2' build argument 'cmake_target_skip_unavailable' from command line to 'False'
[0.259s] Level 5:colcon.colcon_core.verb:set package 'dreame_lds_ros2' build argument 'cmake_clean_cache' from command line to 'False'
[0.259s] Level 5:colcon.colcon_core.verb:set package 'dreame_lds_ros2' build argument 'cmake_clean_first' from command line to 'False'
[0.259s] Level 5:colcon.colcon_core.verb:set package 'dreame_lds_ros2' build argument 'cmake_force_configure' from command line to 'False'
[0.259s] Level 5:colcon.colcon_core.verb:set package 'dreame_lds_ros2' build argument 'ament_cmake_args' from command line to 'None'
[0.259s] Level 5:colcon.colcon_core.verb:set package 'dreame_lds_ros2' build argument 'catkin_cmake_args' from command line to 'None'
[0.259s] Level 5:colcon.colcon_core.verb:set package 'dreame_lds_ros2' build argument 'catkin_skip_building_tests' from command line to 'False'
[0.259s] DEBUG:colcon.colcon_core.verb:Building package 'dreame_lds_ros2' with the following arguments: {'ament_cmake_args': None, 'build_base': '/home/aiserver-kiki/Sentinel_Project/build/dreame_lds_ros2', 'catkin_cmake_args': None, 'catkin_skip_building_tests': False, 'cmake_args': ['-DCMAKE_BUILD_TYPE=Release'], 'cmake_clean_cache': False, 'cmake_clean_first': False, 'cmake_force_configure': False, 'cmake_target': None, 'cmake_target_skip_unavailable': False, 'install_base': '/home/aiserver-kiki/Sentinel_Project/install/dreame_lds_ros2', 'merge_install': False, 'path': '/home/aiserver-kiki/Sentinel_Project/src/dreame_lds_ros2', 'symlink_install': False, 'test_result_base': None}
[0.259s] INFO:colcon.colcon_core.executor:Executing jobs using 'parallel' executor
[0.260s] DEBUG:colcon.colcon_parallel_executor.executor.parallel:run_until_complete
[0.260s] INFO:colcon.colcon_ros.task.ament_cmake.build:Building ROS package in '/home/aiserver-kiki/Sentinel_Project/src/dreame_lds_ros2' with build type 'ament_cmake'
[0.260s] INFO:colcon.colcon_cmake.task.cmake.build:Building CMake package in '/home/aiserver-kiki/Sentinel_Project/src/dreame_lds_ros2'
[0.263s] INFO:colcon.colcon_core.plugin_system:Skipping extension 'colcon_core.shell.bat': Not used on non-Windows systems
[0.263s] INFO:colcon.colcon_core.shell:Skip shell extension 'powershell' for command environment: Not usable outside of PowerShell
[0.263s] DEBUG:colcon.colcon_core.shell:Skip shell extension 'dsv' for command environment
[0.270s] DEBUG:colcon.colcon_core.event_handler.log_command:Invoking command in '/home/aiserver-kiki/Sentinel_Project/build/dreame_lds_ros2': CMAKE_PREFIX_PATH=${CMAKE_PREFIX_PATH}:/opt/ros/jazzy /usr/bin/cmake /home/aiserver-kiki/Sentinel_Project/src/dreame_lds_ros2 -DCMAKE_BUILD_TYPE=Release -DCMAKE_INSTALL_PREFIX=/home/aiserver-kiki/Sentinel_Project/install/dreame_lds_ros2
[1.582s] DEBUG:colcon.colcon_core.event_handler.log_command:Invoked command in '/home/aiserver-kiki/Sentinel_Project/build/dreame_lds_ros2' returned '0': CMAKE_PREFIX_PATH=${CMAKE_PREFIX_PATH}:/opt/ros/jazzy /usr/bin/cmake /home/aiserver-kiki/Sentinel_Project/src/dreame_lds_ros2 -DCMAKE_BUILD_TYPE=Release -DCMAKE_INSTALL_PREFIX=/home/aiserver-kiki/Sentinel_Project/install/dreame_lds_ros2
[1.583s] DEBUG:colcon.colcon_core.event_handler.log_command:Invoking command in '/home/aiserver-kiki/Sentinel_Project/build/dreame_lds_ros2': CMAKE_PREFIX_PATH=${CMAKE_PREFIX_PATH}:/opt/ros/jazzy /usr/bin/cmake --build /home/aiserver-kiki/Sentinel_Project/build/dreame_lds_ros2 -- -j12 -l12
[6.644s] DEBUG:colcon.colcon_core.event_handler.log_command:Invoked command in '/home/aiserver-kiki/Sentinel_Project/build/dreame_lds_ros2' returned '0': CMAKE_PREFIX_PATH=${CMAKE_PREFIX_PATH}:/opt/ros/jazzy /usr/bin/cmake --build /home/aiserver-kiki/Sentinel_Project/build/dreame_lds_ros2 -- -j12 -l12
[6.655s] DEBUG:colcon.colcon_core.event_handler.log_command:Invoking command in '/home/aiserver-kiki/Sentinel_Project/build/dreame_lds_ros2': CMAKE_PREFIX_PATH=${CMAKE_PREFIX_PATH}:/opt/ros/jazzy /usr/bin/cmake --install /home/aiserver-kiki/Sentinel_Project/build/dreame_lds_ros2
[6.669s] Level 1:colcon.colcon_core.environment:create_environment_scripts_only(dreame_lds_ros2)
[6.669s] DEBUG:colcon.colcon_core.event_handler.log_command:Invoked command in '/home/aiserver-kiki/Sentinel_Project/build/dreame_lds_ros2' returned '0': CMAKE_PREFIX_PATH=${CMAKE_PREFIX_PATH}:/opt/ros/jazzy /usr/bin/cmake --install /home/aiserver-kiki/Sentinel_Project/build/dreame_lds_ros2
[6.672s] Level 1:colcon.colcon_core.environment:checking '/home/aiserver-kiki/Sentinel_Project/install/dreame_lds_ros2' for CMake module files
[6.673s] Level 1:colcon.colcon_core.environment:checking '/home/aiserver-kiki/Sentinel_Project/install/dreame_lds_ros2' for CMake config files
[6.673s] Level 1:colcon.colcon_core.shell:create_environment_hook('dreame_lds_ros2', 'cmake_prefix_path')
[6.673s] INFO:colcon.colcon_core.shell:Creating environment hook '/home/aiserver-kiki/Sentinel_Project/install/dreame_lds_ros2/share/dreame_lds_ros2/hook/cmake_prefix_path.ps1'
[6.673s] INFO:colcon.colcon_core.shell:Creating environment descriptor '/home/aiserver-kiki/Sentinel_Project/install/dreame_lds_ros2/share/dreame_lds_ros2/hook/cmake_prefix_path.dsv'
[6.674s] INFO:colcon.colcon_core.shell:Creating environment hook '/home/aiserver-kiki/Sentinel_Project/install/dreame_lds_ros2/share/dreame_lds_ros2/hook/cmake_prefix_path.sh'
[6.674s] Level 1:colcon.colcon_core.environment:checking '/home/aiserver-kiki/Sentinel_Project/install/dreame_lds_ros2/lib'
[6.674s] Level 1:colcon.colcon_core.environment:checking '/home/aiserver-kiki/Sentinel_Project/install/dreame_lds_ros2/bin'
[6.674s] Level 1:colcon.colcon_core.environment:checking '/home/aiserver-kiki/Sentinel_Project/install/dreame_lds_ros2/lib/pkgconfig/dreame_lds_ros2.pc'
[6.675s] Level 1:colcon.colcon_core.environment:checking '/home/aiserver-kiki/Sentinel_Project/install/dreame_lds_ros2/lib/python3.12/site-packages'
[6.675s] Level 1:colcon.colcon_core.environment:checking '/home/aiserver-kiki/Sentinel_Project/install/dreame_lds_ros2/bin'
[6.675s] INFO:colcon.colcon_core.shell:Creating package script '/home/aiserver-kiki/Sentinel_Project/install/dreame_lds_ros2/share/dreame_lds_ros2/package.ps1'
[6.676s] INFO:colcon.colcon_core.shell:Creating package descriptor '/home/aiserver-kiki/Sentinel_Project/install/dreame_lds_ros2/share/dreame_lds_ros2/package.dsv'
[6.676s] INFO:colcon.colcon_core.shell:Creating package script '/home/aiserver-kiki/Sentinel_Project/install/dreame_lds_ros2/share/dreame_lds_ros2/package.sh'
[6.677s] INFO:colcon.colcon_core.shell:Creating package script '/home/aiserver-kiki/Sentinel_Project/install/dreame_lds_ros2/share/dreame_lds_ros2/package.bash'
[6.677s] INFO:colcon.colcon_core.shell:Creating package script '/home/aiserver-kiki/Sentinel_Project/install/dreame_lds_ros2/share/dreame_lds_ros2/package.zsh'
[6.678s] Level 1:colcon.colcon_core.environment:create_file_with_runtime_dependencies(/home/aiserver-kiki/Sentinel_Project/install/dreame_lds_ros2/share/colcon-core/packages/dreame_lds_ros2)
[6.678s] Level 1:colcon.colcon_core.environment:create_environment_scripts_only(dreame_lds_ros2)
[6.678s] Level 1:colcon.colcon_core.environment:checking '/home/aiserver-kiki/Sentinel_Project/install/dreame_lds_ros2' for CMake module files
[6.679s] Level 1:colcon.colcon_core.environment:checking '/home/aiserver-kiki/Sentinel_Project/install/dreame_lds_ros2' for CMake config files
[6.679s] Level 1:colcon.colcon_core.shell:create_environment_hook('dreame_lds_ros2', 'cmake_prefix_path')
[6.679s] INFO:colcon.colcon_core.shell:Creating environment hook '/home/aiserver-kiki/Sentinel_Project/install/dreame_lds_ros2/share/dreame_lds_ros2/hook/cmake_prefix_path.ps1'
[6.679s] INFO:colcon.colcon_core.shell:Creating environment descriptor '/home/aiserver-kiki/Sentinel_Project/install/dreame_lds_ros2/share/dreame_lds_ros2/hook/cmake_prefix_path.dsv'
[6.679s] INFO:colcon.colcon_core.shell:Creating environment hook '/home/aiserver-kiki/Sentinel_Project/install/dreame_lds_ros2/share/dreame_lds_ros2/hook/cmake_prefix_path.sh'
[6.680s] Level 1:colcon.colcon_core.environment:checking '/home/aiserver-kiki/Sentinel_Project/install/dreame_lds_ros2/lib'
[6.680s] Level 1:colcon.colcon_core.environment:checking '/home/aiserver-kiki/Sentinel_Project/install/dreame_lds_ros2/bin'
[6.680s] Level 1:colcon.colcon_core.environment:checking '/home/aiserver-kiki/Sentinel_Project/install/dreame_lds_ros2/lib/pkgconfig/dreame_lds_ros2.pc'
[6.680s] Level 1:colcon.colcon_core.environment:checking '/home/aiserver-kiki/Sentinel_Project/install/dreame_lds_ros2/lib/python3.12/site-packages'
[6.680s] Level 1:colcon.colcon_core.environment:checking '/home/aiserver-kiki/Sentinel_Project/install/dreame_lds_ros2/bin'
[6.681s] INFO:colcon.colcon_core.shell:Creating package script '/home/aiserver-kiki/Sentinel_Project/install/dreame_lds_ros2/share/dreame_lds_ros2/package.ps1'
[6.681s] INFO:colcon.colcon_core.shell:Creating package descriptor '/home/aiserver-kiki/Sentinel_Project/install/dreame_lds_ros2/share/dreame_lds_ros2/package.dsv'
[6.681s] INFO:colcon.colcon_core.shell:Creating package script '/home/aiserver-kiki/Sentinel_Project/install/dreame_lds_ros2/share/dreame_lds_ros2/package.sh'
[6.682s] INFO:colcon.colcon_core.shell:Creating package script '/home/aiserver-kiki/Sentinel_Project/install/dreame_lds_ros2/share/dreame_lds_ros2/package.bash'
[6.682s] INFO:colcon.colcon_core.shell:Creating package script '/home/aiserver-kiki/Sentinel_Project/install/dreame_lds_ros2/share/dreame_lds_ros2/package.zsh'
[6.682s] Level 1:colcon.colcon_core.environment:create_file_with_runtime_dependencies(/home/aiserver-kiki/Sentinel_Project/install/dreame_lds_ros2/share/colcon-core/packages/dreame_lds_ros2)
[6.682s] DEBUG:colcon.colcon_parallel_executor.executor.parallel:closing loop
[6.683s] DEBUG:colcon.colcon_parallel_executor.executor.parallel:loop closed
[6.683s] DEBUG:colcon.colcon_parallel_executor.executor.parallel:run_until_complete finished with '0'
[6.683s] DEBUG:colcon.colcon_core.event_reactor:joining thread
[6.688s] INFO:colcon.colcon_core.plugin_system:Skipping extension 'colcon_notification.desktop_notification.terminal_notifier': Not used on non-Darwin systems
[6.688s] INFO:colcon.colcon_core.plugin_system:Skipping extension 'colcon_notification.desktop_notification.win32': Not used on non-Windows systems
[6.688s] INFO:colcon.colcon_notification.desktop_notification:Sending desktop notification using 'notify2'
[6.700s] DEBUG:colcon.colcon_core.event_reactor:joined thread
[6.700s] INFO:colcon.colcon_core.shell:Creating prefix script '/home/aiserver-kiki/Sentinel_Project/install/local_setup.ps1'
[6.701s] INFO:colcon.colcon_core.shell:Creating prefix util module '/home/aiserver-kiki/Sentinel_Project/install/_local_setup_util_ps1.py'
[6.702s] INFO:colcon.colcon_core.shell:Creating prefix chain script '/home/aiserver-kiki/Sentinel_Project/install/setup.ps1'
[6.704s] INFO:colcon.colcon_core.shell:Creating prefix script '/home/aiserver-kiki/Sentinel_Project/install/local_setup.sh'
[6.705s] INFO:colcon.colcon_core.shell:Creating prefix util module '/home/aiserver-kiki/Sentinel_Project/install/_local_setup_util_sh.py'
[6.705s] INFO:colcon.colcon_core.shell:Creating prefix chain script '/home/aiserver-kiki/Sentinel_Project/install/setup.sh'
[6.706s] INFO:colcon.colcon_core.shell:Creating prefix script '/home/aiserver-kiki/Sentinel_Project/install/local_setup.bash'
[6.707s] INFO:colcon.colcon_core.shell:Creating prefix chain script '/home/aiserver-kiki/Sentinel_Project/install/setup.bash'
[6.708s] INFO:colcon.colcon_core.shell:Creating prefix script '/home/aiserver-kiki/Sentinel_Project/install/local_setup.zsh'
[6.708s] INFO:colcon.colcon_core.shell:Creating prefix chain script '/home/aiserver-kiki/Sentinel_Project/install/setup.zsh'
