[0.006s] Invoking command in '/home/kiki/sentinel_ws/build/diffdrive_arduino': CMAKE_PREFIX_PATH=/home/kiki/sentinel_ws/install/serial:/home/kiki/sentinel_ws/install/diffdrive_arduino:/home/kiki/sentinel_ws/install/sentinel_publisher:/opt/ros/jazzy/opt/gz_sim_vendor:/opt/ros/jazzy/opt/gz_sensors_vendor:/opt/ros/jazzy/opt/gz_physics_vendor:/opt/ros/jazzy/opt/sdformat_vendor:/opt/ros/jazzy/opt/gz_gui_vendor:/opt/ros/jazzy/opt/gz_transport_vendor:/opt/ros/jazzy/opt/gz_rendering_vendor:/opt/ros/jazzy/opt/gz_plugin_vendor:/opt/ros/jazzy/opt/gz_fuel_tools_vendor:/opt/ros/jazzy/opt/gz_msgs_vendor:/opt/ros/jazzy/opt/gz_common_vendor:/opt/ros/jazzy/opt/gz_math_vendor:/opt/ros/jazzy/opt/gz_utils_vendor:/opt/ros/jazzy/opt/gz_tools_vendor:/opt/ros/jazzy/opt/gz_ogre_next_vendor:/opt/ros/jazzy/opt/gz_dartsim_vendor:/opt/ros/jazzy/opt/gz_cmake_vendor:/opt/ros/jazzy DEBUGINFOD_URLS=https://debuginfod.ubuntu.com /usr/bin/cmake /home/kiki/sentinel_ws/src/diffdrive_arduino -DCMAKE_INSTALL_PREFIX=/home/kiki/sentinel_ws/install/diffdrive_arduino
[0.020s] -- Found ament_cmake: 2.5.4 (/opt/ros/jazzy/share/ament_cmake/cmake)
[0.152s] -- Override CMake install command with custom implementation using symlinks instead of copying resources
[0.156s] -- Found serial: 1.2.1 (/home/kiki/sentinel_ws/install/serial/share/serial/cmake)
[0.156s] -- Found hardware_interface: 4.39.2 (/opt/ros/jazzy/share/hardware_interface/cmake)
[0.175s] -- Found rosidl_generator_c: 4.6.6 (/opt/ros/jazzy/share/rosidl_generator_c/cmake)
[0.180s] -- Found rosidl_generator_cpp: 4.6.6 (/opt/ros/jazzy/share/rosidl_generator_cpp/cmake)
[0.187s] -- Using all available rosidl_typesupport_c: rosidl_typesupport_fastrtps_c;rosidl_typesupport_introspection_c
[0.195s] -- Using all available rosidl_typesupport_cpp: rosidl_typesupport_fastrtps_cpp;rosidl_typesupport_introspection_cpp
[0.307s] -- Found TinyXML2 via Config file: /usr/lib/x86_64-linux-gnu/cmake/tinyxml2
[0.328s] -- Found rmw_implementation_cmake: 7.3.2 (/opt/ros/jazzy/share/rmw_implementation_cmake/cmake)
[0.329s] -- Found rmw_fastrtps_cpp: 8.4.3 (/opt/ros/jazzy/share/rmw_fastrtps_cpp/cmake)
[0.339s] -- Found TinyXML2 via Config file: /usr/lib/x86_64-linux-gnu/cmake/tinyxml2
[0.346s] -- Found TinyXML2 via Config file: /usr/lib/x86_64-linux-gnu/cmake/tinyxml2
[0.357s] -- Found TinyXML2 via Config file: /usr/lib/x86_64-linux-gnu/cmake/tinyxml2
[0.364s] -- Found TinyXML2 via Config file: /usr/lib/x86_64-linux-gnu/cmake/tinyxml2
[0.371s] -- Using RMW implementation 'rmw_fastrtps_cpp' as default
[0.447s] -- Found controller_manager: 4.39.2 (/opt/ros/jazzy/share/controller_manager/cmake)
[0.560s] -- Configuring done (0.5s)
[0.580s] -- Generating done (0.0s)
[0.584s] -- Build files have been written to: /home/kiki/sentinel_ws/build/diffdrive_arduino
[0.591s] Invoked command in '/home/kiki/sentinel_ws/build/diffdrive_arduino' returned '0': CMAKE_PREFIX_PATH=/home/kiki/sentinel_ws/install/serial:/home/kiki/sentinel_ws/install/diffdrive_arduino:/home/kiki/sentinel_ws/install/sentinel_publisher:/opt/ros/jazzy/opt/gz_sim_vendor:/opt/ros/jazzy/opt/gz_sensors_vendor:/opt/ros/jazzy/opt/gz_physics_vendor:/opt/ros/jazzy/opt/sdformat_vendor:/opt/ros/jazzy/opt/gz_gui_vendor:/opt/ros/jazzy/opt/gz_transport_vendor:/opt/ros/jazzy/opt/gz_rendering_vendor:/opt/ros/jazzy/opt/gz_plugin_vendor:/opt/ros/jazzy/opt/gz_fuel_tools_vendor:/opt/ros/jazzy/opt/gz_msgs_vendor:/opt/ros/jazzy/opt/gz_common_vendor:/opt/ros/jazzy/opt/gz_math_vendor:/opt/ros/jazzy/opt/gz_utils_vendor:/opt/ros/jazzy/opt/gz_tools_vendor:/opt/ros/jazzy/opt/gz_ogre_next_vendor:/opt/ros/jazzy/opt/gz_dartsim_vendor:/opt/ros/jazzy/opt/gz_cmake_vendor:/opt/ros/jazzy DEBUGINFOD_URLS=https://debuginfod.ubuntu.com /usr/bin/cmake /home/kiki/sentinel_ws/src/diffdrive_arduino -DCMAKE_INSTALL_PREFIX=/home/kiki/sentinel_ws/install/diffdrive_arduino
[0.592s] Invoking command in '/home/kiki/sentinel_ws/build/diffdrive_arduino': CMAKE_PREFIX_PATH=/home/kiki/sentinel_ws/install/serial:/home/kiki/sentinel_ws/install/diffdrive_arduino:/home/kiki/sentinel_ws/install/sentinel_publisher:/opt/ros/jazzy/opt/gz_sim_vendor:/opt/ros/jazzy/opt/gz_sensors_vendor:/opt/ros/jazzy/opt/gz_physics_vendor:/opt/ros/jazzy/opt/sdformat_vendor:/opt/ros/jazzy/opt/gz_gui_vendor:/opt/ros/jazzy/opt/gz_transport_vendor:/opt/ros/jazzy/opt/gz_rendering_vendor:/opt/ros/jazzy/opt/gz_plugin_vendor:/opt/ros/jazzy/opt/gz_fuel_tools_vendor:/opt/ros/jazzy/opt/gz_msgs_vendor:/opt/ros/jazzy/opt/gz_common_vendor:/opt/ros/jazzy/opt/gz_math_vendor:/opt/ros/jazzy/opt/gz_utils_vendor:/opt/ros/jazzy/opt/gz_tools_vendor:/opt/ros/jazzy/opt/gz_ogre_next_vendor:/opt/ros/jazzy/opt/gz_dartsim_vendor:/opt/ros/jazzy/opt/gz_cmake_vendor:/opt/ros/jazzy DEBUGINFOD_URLS=https://debuginfod.ubuntu.com /usr/bin/cmake --build /home/kiki/sentinel_ws/build/diffdrive_arduino -- -j20 -l20
[0.634s] [ 42%] Built target fake_robot
[0.637s] [100%] Built target diffdrive_arduino
[0.644s] Invoked command in '/home/kiki/sentinel_ws/build/diffdrive_arduino' returned '0': CMAKE_PREFIX_PATH=/home/kiki/sentinel_ws/install/serial:/home/kiki/sentinel_ws/install/diffdrive_arduino:/home/kiki/sentinel_ws/install/sentinel_publisher:/opt/ros/jazzy/opt/gz_sim_vendor:/opt/ros/jazzy/opt/gz_sensors_vendor:/opt/ros/jazzy/opt/gz_physics_vendor:/opt/ros/jazzy/opt/sdformat_vendor:/opt/ros/jazzy/opt/gz_gui_vendor:/opt/ros/jazzy/opt/gz_transport_vendor:/opt/ros/jazzy/opt/gz_rendering_vendor:/opt/ros/jazzy/opt/gz_plugin_vendor:/opt/ros/jazzy/opt/gz_fuel_tools_vendor:/opt/ros/jazzy/opt/gz_msgs_vendor:/opt/ros/jazzy/opt/gz_common_vendor:/opt/ros/jazzy/opt/gz_math_vendor:/opt/ros/jazzy/opt/gz_utils_vendor:/opt/ros/jazzy/opt/gz_tools_vendor:/opt/ros/jazzy/opt/gz_ogre_next_vendor:/opt/ros/jazzy/opt/gz_dartsim_vendor:/opt/ros/jazzy/opt/gz_cmake_vendor:/opt/ros/jazzy DEBUGINFOD_URLS=https://debuginfod.ubuntu.com /usr/bin/cmake --build /home/kiki/sentinel_ws/build/diffdrive_arduino -- -j20 -l20
[0.645s] Invoking command in '/home/kiki/sentinel_ws/build/diffdrive_arduino': CMAKE_PREFIX_PATH=/home/kiki/sentinel_ws/install/serial:/home/kiki/sentinel_ws/install/diffdrive_arduino:/home/kiki/sentinel_ws/install/sentinel_publisher:/opt/ros/jazzy/opt/gz_sim_vendor:/opt/ros/jazzy/opt/gz_sensors_vendor:/opt/ros/jazzy/opt/gz_physics_vendor:/opt/ros/jazzy/opt/sdformat_vendor:/opt/ros/jazzy/opt/gz_gui_vendor:/opt/ros/jazzy/opt/gz_transport_vendor:/opt/ros/jazzy/opt/gz_rendering_vendor:/opt/ros/jazzy/opt/gz_plugin_vendor:/opt/ros/jazzy/opt/gz_fuel_tools_vendor:/opt/ros/jazzy/opt/gz_msgs_vendor:/opt/ros/jazzy/opt/gz_common_vendor:/opt/ros/jazzy/opt/gz_math_vendor:/opt/ros/jazzy/opt/gz_utils_vendor:/opt/ros/jazzy/opt/gz_tools_vendor:/opt/ros/jazzy/opt/gz_ogre_next_vendor:/opt/ros/jazzy/opt/gz_dartsim_vendor:/opt/ros/jazzy/opt/gz_cmake_vendor:/opt/ros/jazzy DEBUGINFOD_URLS=https://debuginfod.ubuntu.com /usr/bin/cmake --install /home/kiki/sentinel_ws/build/diffdrive_arduino
[0.649s] -- Install configuration: ""
[0.649s] -- Execute custom install script
[0.649s] -- Up-to-date symlink: /home/kiki/sentinel_ws/install/diffdrive_arduino/share/diffdrive_arduino//robot_hardware.xml
[0.650s] -- Up-to-date symlink: /home/kiki/sentinel_ws/install/diffdrive_arduino/share/diffdrive_arduino//fake_robot_hardware.xml
[0.650s] -- Up-to-date symlink: /home/kiki/sentinel_ws/install/diffdrive_arduino/lib/libdiffdrive_arduino.so
[0.650s] -- Up-to-date symlink: /home/kiki/sentinel_ws/install/diffdrive_arduino/lib/libfake_robot.so
[0.650s] -- Up-to-date symlink: /home/kiki/sentinel_ws/install/diffdrive_arduino/share/diffdrive_arduino/controllers/robot_controller_example.yaml
[0.650s] -- Up-to-date symlink: /home/kiki/sentinel_ws/install/diffdrive_arduino/share/diffdrive_arduino/fake_robot.launch.py
[0.650s] -- Up-to-date symlink: /home/kiki/sentinel_ws/install/diffdrive_arduino/share/diffdrive_arduino/test_robot.launch.py
[0.650s] -- Up-to-date symlink: /home/kiki/sentinel_ws/install/diffdrive_arduino/share/diffdrive_arduino/environment/library_path.sh
[0.650s] -- Up-to-date symlink: /home/kiki/sentinel_ws/install/diffdrive_arduino/share/diffdrive_arduino/environment/library_path.dsv
[0.650s] -- Up-to-date symlink: /home/kiki/sentinel_ws/install/diffdrive_arduino/share/ament_index/resource_index/package_run_dependencies/diffdrive_arduino
[0.650s] -- Up-to-date symlink: /home/kiki/sentinel_ws/install/diffdrive_arduino/share/ament_index/resource_index/parent_prefix_path/diffdrive_arduino
[0.650s] -- Up-to-date symlink: /home/kiki/sentinel_ws/install/diffdrive_arduino/share/diffdrive_arduino/environment/ament_prefix_path.sh
[0.651s] -- Up-to-date symlink: /home/kiki/sentinel_ws/install/diffdrive_arduino/share/diffdrive_arduino/environment/ament_prefix_path.dsv
[0.651s] -- Up-to-date symlink: /home/kiki/sentinel_ws/install/diffdrive_arduino/share/diffdrive_arduino/environment/path.sh
[0.651s] -- Up-to-date symlink: /home/kiki/sentinel_ws/install/diffdrive_arduino/share/diffdrive_arduino/environment/path.dsv
[0.651s] -- Up-to-date symlink: /home/kiki/sentinel_ws/install/diffdrive_arduino/share/diffdrive_arduino/local_setup.bash
[0.651s] -- Up-to-date symlink: /home/kiki/sentinel_ws/install/diffdrive_arduino/share/diffdrive_arduino/local_setup.sh
[0.651s] -- Up-to-date symlink: /home/kiki/sentinel_ws/install/diffdrive_arduino/share/diffdrive_arduino/local_setup.zsh
[0.651s] -- Up-to-date symlink: /home/kiki/sentinel_ws/install/diffdrive_arduino/share/diffdrive_arduino/local_setup.dsv
[0.651s] -- Symlinking: /home/kiki/sentinel_ws/install/diffdrive_arduino/share/diffdrive_arduino/package.dsv
[0.656s] -- Up-to-date symlink: /home/kiki/sentinel_ws/install/diffdrive_arduino/share/ament_index/resource_index/packages/diffdrive_arduino
[0.656s] -- Up-to-date symlink: /home/kiki/sentinel_ws/install/diffdrive_arduino/share/ament_index/resource_index/hardware_interface__pluginlib__plugin/diffdrive_arduino
[0.656s] -- Up-to-date symlink: /home/kiki/sentinel_ws/install/diffdrive_arduino/share/diffdrive_arduino/cmake/ament_cmake_export_libraries-extras.cmake
[0.656s] -- Up-to-date symlink: /home/kiki/sentinel_ws/install/diffdrive_arduino/share/diffdrive_arduino/cmake/ament_cmake_export_dependencies-extras.cmake
[0.656s] -- Up-to-date symlink: /home/kiki/sentinel_ws/install/diffdrive_arduino/share/diffdrive_arduino/cmake/diffdrive_arduinoConfig.cmake
[0.656s] -- Up-to-date symlink: /home/kiki/sentinel_ws/install/diffdrive_arduino/share/diffdrive_arduino/cmake/diffdrive_arduinoConfig-version.cmake
[0.656s] -- Up-to-date symlink: /home/kiki/sentinel_ws/install/diffdrive_arduino/share/diffdrive_arduino/package.xml
[0.658s] Invoked command in '/home/kiki/sentinel_ws/build/diffdrive_arduino' returned '0': CMAKE_PREFIX_PATH=/home/kiki/sentinel_ws/install/serial:/home/kiki/sentinel_ws/install/diffdrive_arduino:/home/kiki/sentinel_ws/install/sentinel_publisher:/opt/ros/jazzy/opt/gz_sim_vendor:/opt/ros/jazzy/opt/gz_sensors_vendor:/opt/ros/jazzy/opt/gz_physics_vendor:/opt/ros/jazzy/opt/sdformat_vendor:/opt/ros/jazzy/opt/gz_gui_vendor:/opt/ros/jazzy/opt/gz_transport_vendor:/opt/ros/jazzy/opt/gz_rendering_vendor:/opt/ros/jazzy/opt/gz_plugin_vendor:/opt/ros/jazzy/opt/gz_fuel_tools_vendor:/opt/ros/jazzy/opt/gz_msgs_vendor:/opt/ros/jazzy/opt/gz_common_vendor:/opt/ros/jazzy/opt/gz_math_vendor:/opt/ros/jazzy/opt/gz_utils_vendor:/opt/ros/jazzy/opt/gz_tools_vendor:/opt/ros/jazzy/opt/gz_ogre_next_vendor:/opt/ros/jazzy/opt/gz_dartsim_vendor:/opt/ros/jazzy/opt/gz_cmake_vendor:/opt/ros/jazzy DEBUGINFOD_URLS=https://debuginfod.ubuntu.com /usr/bin/cmake --install /home/kiki/sentinel_ws/build/diffdrive_arduino
