[0.011s] Invoking command in '/home/aiserver-kiki/Sentinel_Project/build/sentinel_publisher': CMAKE_PREFIX_PATH=${CMAKE_PREFIX_PATH}:/opt/ros/jazzy /usr/bin/cmake /home/aiserver-kiki/Sentinel_Project/src/sentinel_publisher -DAMENT_CMAKE_SYMLINK_INSTALL=1 -DCMAKE_INSTALL_PREFIX=/home/aiserver-kiki/Sentinel_Project/install/sentinel_publisher
[0.102s] -- The C compiler identification is GNU 13.3.0
[0.192s] -- The CXX compiler identification is GNU 13.3.0
[0.213s] -- Detecting C compiler ABI info
[0.313s] -- Detecting C compiler ABI info - done
[0.322s] -- Check for working C compiler: /usr/bin/cc - skipped
[0.322s] -- Detecting C compile features
[0.323s] -- Detecting C compile features - done
[0.333s] -- Detecting CXX compiler ABI info
[0.445s] -- Detecting CXX compiler ABI info - done
[0.454s] -- Check for working CXX compiler: /usr/bin/c++ - skipped
[0.454s] -- Detecting CXX compile features
[0.455s] -- Detecting CXX compile features - done
[0.463s] -- Found ament_cmake: 2.5.6 (/opt/ros/jazzy/share/ament_cmake/cmake)
[0.615s] -- Found Python3: /usr/bin/python3 (found version "3.12.3") found components: Interpreter 
[0.695s] -- Override CMake install command with custom implementation using symlinks instead of copying resources
[0.767s] -- Found rclcpp: 28.1.18 (/opt/ros/jazzy/share/rclcpp/cmake)
[0.836s] -- Found rosidl_generator_c: 4.6.7 (/opt/ros/jazzy/share/rosidl_generator_c/cmake)
[0.859s] -- Found rosidl_generator_cpp: 4.6.7 (/opt/ros/jazzy/share/rosidl_generator_cpp/cmake)
[0.886s] -- Using all available rosidl_typesupport_c: rosidl_typesupport_fastrtps_c;rosidl_typesupport_introspection_c
[0.915s] -- Using all available rosidl_typesupport_cpp: rosidl_typesupport_fastrtps_cpp;rosidl_typesupport_introspection_cpp
[1.027s] -- Found rmw_implementation_cmake: 7.3.3 (/opt/ros/jazzy/share/rmw_implementation_cmake/cmake)
[1.033s] -- Found rmw_fastrtps_cpp: 8.4.3 (/opt/ros/jazzy/share/rmw_fastrtps_cpp/cmake)
[1.168s] -- Found OpenSSL: /usr/lib/x86_64-linux-gnu/libcrypto.so (found version "3.0.13")  
[1.194s] -- Found FastRTPS: /opt/ros/jazzy/include (Required is at least version "2.13") 
[1.222s] -- Using RMW implementation 'rmw_fastrtps_cpp' as default
[1.361s] -- Found rclcpp_action: 28.1.18 (/opt/ros/jazzy/share/rclcpp_action/cmake)
[1.431s] -- Found geometry_msgs: 5.3.7 (/opt/ros/jazzy/share/geometry_msgs/cmake)
[1.474s] -- Found nav2_msgs: 1.3.11 (/opt/ros/jazzy/share/nav2_msgs/cmake)
[1.683s] -- Found PostgreSQL: /usr/lib/x86_64-linux-gnu/libpq.so (found version "16.14")  
[1.689s] -- Found nlohmann_json: /usr/share/cmake/nlohmann_json/nlohmann_jsonConfig.cmake (found version "3.11.3") 
[1.693s] -- Found sensor_msgs: 5.3.7 (/opt/ros/jazzy/share/sensor_msgs/cmake)
[1.721s] -- Found lifecycle_msgs: 2.0.3 (/opt/ros/jazzy/share/lifecycle_msgs/cmake)
[1.744s] -- Found ros_gz_sim: 1.0.22 (/opt/ros/jazzy/share/ros_gz_sim/cmake)
[1.873s] -- Found ros_gz_bridge: 1.0.22 (/opt/ros/jazzy/share/ros_gz_bridge/cmake)
[1.908s] -- Looking for gz-msgs10 -- found version 10.3.2
[1.919s] -- Searching for dependencies of gz-msgs10
[2.056s] -- Found Protobuf: /usr/lib/x86_64-linux-gnu/libprotobuf.so (found version "3.21.12") 
[2.060s] -- Looking for gz-utils2 -- found version 2.2.1
[2.060s] -- Searching for dependencies of gz-utils2
[2.064s] -- Looking for gz-math7 -- found version 7.5.2
[2.064s] -- Searching for dependencies of gz-math7
[2.065s] -- Looking for gz-utils2 -- found version 2.2.1
[2.071s] -- Checking for module 'tinyxml2'
[2.090s] --   Found tinyxml2, version 10.0.0
[2.147s] -- Looking for gz-transport13 -- found version 13.5.0
[2.147s] -- Searching for dependencies of gz-transport13
[2.184s] -- Config-file not installed for ZeroMQ -- checking for pkg-config
[2.189s] -- Checking for module 'libzmq >= 4'
[2.208s] --   Found libzmq, version 4.3.5
[2.265s] -- Found ZeroMQ: TRUE (Required is at least version "4") 
[2.272s] -- Checking for module 'uuid'
[2.291s] --   Found uuid, version 2.39.3
[2.337s] -- Found UUID: TRUE  
[2.337s] -- Looking for gz-utils2 -- found version 2.2.1
[2.337s] -- Searching for dependencies of gz-utils2
[2.338s] -- Searching for <gz-utils2> component [cli]
[2.341s] -- Looking for gz-utils2-cli -- found version 2.2.1
[2.341s] -- Searching for dependencies of gz-utils2-cli
[2.342s] -- Looking for gz-msgs10 -- found version 10.3.2
[2.524s] -- Found ament_lint_auto: 0.17.5 (/opt/ros/jazzy/share/ament_lint_auto/cmake)
[2.648s] -- Added test 'cppcheck' to perform static code analysis on C / C++ code
[2.649s] -- Configured cppcheck include dirs: /home/aiserver-kiki/Sentinel_Project/src/sentinel_publisher/include
[2.649s] -- Configured cppcheck exclude dirs and/or files: 
[2.650s] -- Added test 'flake8' to check Python code syntax and style conventions
[2.650s] -- Configured 'flake8' exclude dirs and/or files: 
[2.651s] -- Added test 'lint_cmake' to check CMake code style
[2.653s] -- Added test 'pep257' to check Python code against some of the docstring style conventions in PEP 257
[2.655s] -- Added test 'uncrustify' to check C / C++ code style
[2.655s] -- Configured uncrustify additional arguments: 
[2.656s] -- Added test 'xmllint' to check XML markup files
[2.659s] -- Configuring done (2.6s)
[2.672s] -- Generating done (0.0s)
[2.677s] -- Build files have been written to: /home/aiserver-kiki/Sentinel_Project/build/sentinel_publisher
