[0.007s] Invoking command in '/home/kiki/sentinel_ws/build/serial': CMAKE_PREFIX_PATH=${CMAKE_PREFIX_PATH}:/opt/ros/jazzy DEBUGINFOD_URLS=https://debuginfod.ubuntu.com /usr/bin/cmake /home/kiki/sentinel_ws/src/serial -DAMENT_CMAKE_SYMLINK_INSTALL=1 -DCMAKE_INSTALL_PREFIX=/home/kiki/sentinel_ws/install/serial
[0.077s] -- The C compiler identification is GNU 13.3.0
[0.139s] -- The CXX compiler identification is GNU 13.3.0
[0.152s] -- Detecting C compiler ABI info
[0.230s] -- Detecting C compiler ABI info - done
[0.235s] -- Check for working C compiler: /usr/bin/cc - skipped
[0.235s] -- Detecting C compile features
[0.235s] -- Detecting C compile features - done
[0.242s] -- Detecting CXX compiler ABI info
[0.314s] -- Detecting CXX compiler ABI info - done
[0.323s] -- Check for working CXX compiler: /usr/bin/c++ - skipped
[0.323s] -- Detecting CXX compile features
[0.323s] -- Detecting CXX compile features - done
[0.330s] -- Found ament_cmake: 2.5.4 (/opt/ros/jazzy/share/ament_cmake/cmake)
[0.428s] -- Found Python3: /usr/bin/python3 (found version "3.12.3") found components: Interpreter 
[0.476s] -- Override CMake install command with custom implementation using symlinks instead of copying resources
[0.511s] -- Found ament_cmake_gtest: 2.5.4 (/opt/ros/jazzy/share/ament_cmake_gtest/cmake)
[0.522s] -- Found Boost: /usr/lib/x86_64-linux-gnu/cmake/Boost-1.83.0/BoostConfig.cmake (found version "1.83.0")  
[0.525s] -- Found gtest sources under '/opt/ros/jazzy/src/gtest_vendor': C++ tests using 'Google Test' will be built
[0.526s] -- Performing Test CMAKE_HAVE_LIBC_PTHREAD
[0.598s] -- Performing Test CMAKE_HAVE_LIBC_PTHREAD - Success
[0.599s] -- Found Threads: TRUE  
[0.659s] -- Configuring done (0.6s)
[0.664s] -- Generating done (0.0s)
[0.666s] -- Build files have been written to: /home/kiki/sentinel_ws/build/serial
[0.670s] Invoked command in '/home/kiki/sentinel_ws/build/serial' returned '0': CMAKE_PREFIX_PATH=${CMAKE_PREFIX_PATH}:/opt/ros/jazzy DEBUGINFOD_URLS=https://debuginfod.ubuntu.com /usr/bin/cmake /home/kiki/sentinel_ws/src/serial -DAMENT_CMAKE_SYMLINK_INSTALL=1 -DCMAKE_INSTALL_PREFIX=/home/kiki/sentinel_ws/install/serial
[0.670s] Invoking command in '/home/kiki/sentinel_ws/build/serial': CMAKE_PREFIX_PATH=${CMAKE_PREFIX_PATH}:/opt/ros/jazzy DEBUGINFOD_URLS=https://debuginfod.ubuntu.com /usr/bin/cmake --build /home/kiki/sentinel_ws/build/serial -- -j20 -l20
[0.707s] [ 14%] [32mBuilding CXX object CMakeFiles/serial.dir/src/serial.cc.o[0m
[0.707s] [ 14%] [32mBuilding CXX object CMakeFiles/serial.dir/src/impl/unix.cc.o[0m
[0.708s] [ 21%] [32mBuilding CXX object gtest/CMakeFiles/gtest_main.dir/src/gtest_main.cc.o[0m
[0.710s] [ 28%] [32mBuilding CXX object CMakeFiles/serial.dir/src/impl/list_ports/list_ports_linux.cc.o[0m
[0.710s] [ 35%] [32mBuilding CXX object gtest/CMakeFiles/gtest.dir/src/gtest-all.cc.o[0m
[0.996s] [ 42%] [32m[1mLinking CXX static library libserial.a[0m
[1.052s] [ 42%] Built target serial
[1.069s] [ 50%] [32mBuilding CXX object CMakeFiles/serial_example.dir/examples/serial_example.cc.o[0m
[1.202s] [ 57%] [32m[1mLinking CXX static library libgtest_main.a[0m
[1.252s] [ 57%] Built target gtest_main
[1.257s] [ 64%] [32m[1mLinking CXX executable serial_example[0m
[1.310s] [ 64%] Built target serial_example
[2.837s] [ 71%] [32m[1mLinking CXX static library libgtest.a[0m
[2.891s] [ 71%] Built target gtest
[2.910s] [ 78%] [32mBuilding CXX object tests/CMakeFiles/serial-test-timer.dir/unit/unix_timer_tests.cc.o[0m
[2.911s] [ 85%] [32mBuilding CXX object tests/CMakeFiles/serial-test.dir/unix_serial_tests.cc.o[0m
[3.282s] In file included from [01m[K/usr/include/boost/bind/detail/requires_cxx11.hpp:9[m[K,
[3.282s]                  from [01m[K/usr/include/boost/bind/bind.hpp:24[m[K,
[3.282s]                  from [01m[K/usr/include/boost/bind.hpp:29[m[K,
[3.282s]                  from [01m[K/home/kiki/sentinel_ws/src/serial/tests/unix_serial_tests.cc:23[m[K:
[3.282s] [01m[K/usr/include/boost/bind.hpp:36:1:[m[K [01;36m[Knote: [m[K‘[01m[K#pragma message: The practice of declaring the Bind placeholders (_1, _2, ...) in the global namespace is deprecated. Please use <boost/bind/bind.hpp> + using namespace boost::placeholders, or define BOOST_BIND_GLOBAL_PLACEHOLDERS to retain the current behavior.[m[K’
[3.282s]    36 | [01;36m[KBOOST_PRAGMA_MESSAGE[m[K(
[3.282s]       | [01;36m[K^~~~~~~~~~~~~~~~~~~~[m[K
[3.392s] [ 92%] [32m[1mLinking CXX executable serial-test-timer[0m
[3.437s] [100%] [32m[1mLinking CXX executable serial-test[0m
[3.466s] [100%] Built target serial-test-timer
[3.514s] [100%] Built target serial-test
[3.523s] Invoked command in '/home/kiki/sentinel_ws/build/serial' returned '0': CMAKE_PREFIX_PATH=${CMAKE_PREFIX_PATH}:/opt/ros/jazzy DEBUGINFOD_URLS=https://debuginfod.ubuntu.com /usr/bin/cmake --build /home/kiki/sentinel_ws/build/serial -- -j20 -l20
[3.529s] Invoking command in '/home/kiki/sentinel_ws/build/serial': CMAKE_PREFIX_PATH=${CMAKE_PREFIX_PATH}:/opt/ros/jazzy DEBUGINFOD_URLS=https://debuginfod.ubuntu.com /usr/bin/cmake --install /home/kiki/sentinel_ws/build/serial
[3.537s] -- Install configuration: ""
[3.537s] -- Execute custom install script
[3.537s] -- Symlinking: /home/kiki/sentinel_ws/install/serial/lib/libserial.a
[3.543s] -- Symlinking: /home/kiki/sentinel_ws/install/serial/include/serial/serial.h
[3.548s] -- Symlinking: /home/kiki/sentinel_ws/install/serial/include/serial/v8stdint.h
[3.556s] -- Symlinking: /home/kiki/sentinel_ws/install/serial/share/serial/environment/library_path.sh
[3.562s] -- Symlinking: /home/kiki/sentinel_ws/install/serial/share/serial/environment/library_path.dsv
[3.568s] -- Symlinking: /home/kiki/sentinel_ws/install/serial/share/ament_index/resource_index/package_run_dependencies/serial
[3.576s] -- Symlinking: /home/kiki/sentinel_ws/install/serial/share/ament_index/resource_index/parent_prefix_path/serial
[3.584s] -- Symlinking: /home/kiki/sentinel_ws/install/serial/share/serial/environment/ament_prefix_path.sh
[3.591s] -- Symlinking: /home/kiki/sentinel_ws/install/serial/share/serial/environment/ament_prefix_path.dsv
[3.599s] -- Symlinking: /home/kiki/sentinel_ws/install/serial/share/serial/environment/path.sh
[3.606s] -- Symlinking: /home/kiki/sentinel_ws/install/serial/share/serial/environment/path.dsv
[3.612s] -- Symlinking: /home/kiki/sentinel_ws/install/serial/share/serial/local_setup.bash
[3.620s] -- Symlinking: /home/kiki/sentinel_ws/install/serial/share/serial/local_setup.sh
[3.627s] -- Symlinking: /home/kiki/sentinel_ws/install/serial/share/serial/local_setup.zsh
[3.635s] -- Symlinking: /home/kiki/sentinel_ws/install/serial/share/serial/local_setup.dsv
[3.642s] -- Symlinking: /home/kiki/sentinel_ws/install/serial/share/serial/package.dsv
[3.648s] -- Symlinking: /home/kiki/sentinel_ws/install/serial/share/ament_index/resource_index/packages/serial
[3.656s] -- Symlinking: /home/kiki/sentinel_ws/install/serial/share/serial/cmake/ament_cmake_export_include_directories-extras.cmake
[3.662s] -- Symlinking: /home/kiki/sentinel_ws/install/serial/share/serial/cmake/ament_cmake_export_libraries-extras.cmake
[3.668s] -- Symlinking: /home/kiki/sentinel_ws/install/serial/share/serial/cmake/serialConfig.cmake
[3.676s] -- Symlinking: /home/kiki/sentinel_ws/install/serial/share/serial/cmake/serialConfig-version.cmake
[3.682s] -- Symlinking: /home/kiki/sentinel_ws/install/serial/share/serial/package.xml
[3.689s] Invoked command in '/home/kiki/sentinel_ws/build/serial' returned '0': CMAKE_PREFIX_PATH=${CMAKE_PREFIX_PATH}:/opt/ros/jazzy DEBUGINFOD_URLS=https://debuginfod.ubuntu.com /usr/bin/cmake --install /home/kiki/sentinel_ws/build/serial
