[0.079s] DEBUG:colcon:Command line arguments: ['/usr/bin/colcon', 'build', '--symlink-install']
[0.079s] DEBUG:colcon:Parsed command line arguments: Namespace(log_base=None, log_level=None, verb_name='build', build_base='build', install_base='install', merge_install=False, symlink_install=True, test_result_base=None, continue_on_error=False, executor='parallel', parallel_workers=20, event_handlers=None, ignore_user_meta=False, metas=['./colcon.meta'], base_paths=['.'], packages_ignore=None, packages_ignore_regex=None, paths=None, packages_up_to=None, packages_up_to_regex=None, packages_above=None, packages_above_and_dependencies=None, packages_above_depth=None, packages_select_by_dep=None, packages_skip_by_dep=None, packages_skip_up_to=None, packages_select_build_failed=False, packages_skip_build_finished=False, packages_select_test_failures=False, packages_skip_test_passed=False, packages_select=None, packages_skip=None, packages_select_regex=None, packages_skip_regex=None, packages_start=None, packages_end=None, allow_overriding=[], cmake_args=None, cmake_target=None, cmake_target_skip_unavailable=False, cmake_clean_cache=False, cmake_clean_first=False, cmake_force_configure=False, ament_cmake_args=None, catkin_cmake_args=None, catkin_skip_building_tests=False, mixin_files=None, mixin=None, verb_parser=<colcon_mixin.mixin.mixin_argument.MixinArgumentDecorator object at 0x719ebac92720>, verb_extension=<colcon_core.verb.build.BuildVerb object at 0x719ebade9820>, main=<bound method BuildVerb.main of <colcon_core.verb.build.BuildVerb object at 0x719ebade9820>>, mixin_verb=('build',))
[0.108s] Level 1:colcon.colcon_core.package_discovery:discover_packages(colcon_meta) check parameters
[0.108s] Level 1:colcon.colcon_core.package_discovery:discover_packages(recursive) check parameters
[0.108s] Level 1:colcon.colcon_core.package_discovery:discover_packages(ignore) check parameters
[0.108s] Level 1:colcon.colcon_core.package_discovery:discover_packages(path) check parameters
[0.108s] Level 1:colcon.colcon_core.package_discovery:discover_packages(colcon_meta) discover
[0.108s] Level 1:colcon.colcon_core.package_discovery:discover_packages(recursive) discover
[0.108s] INFO:colcon.colcon_core.package_discovery:Crawling recursively for packages in '/home/kiki/sentinel_ws'
[0.108s] Level 1:colcon.colcon_core.package_identification:_identify(.) by extensions ['ignore', 'ignore_ament_install']
[0.108s] Level 1:colcon.colcon_core.package_identification:_identify(.) by extension 'ignore'
[0.108s] Level 1:colcon.colcon_core.package_identification:_identify(.) by extension 'ignore_ament_install'
[0.108s] Level 1:colcon.colcon_core.package_identification:_identify(.) by extensions ['colcon_pkg']
[0.108s] Level 1:colcon.colcon_core.package_identification:_identify(.) by extension 'colcon_pkg'
[0.108s] Level 1:colcon.colcon_core.package_identification:_identify(.) by extensions ['colcon_meta']
[0.108s] Level 1:colcon.colcon_core.package_identification:_identify(.) by extension 'colcon_meta'
[0.108s] Level 1:colcon.colcon_core.package_identification:_identify(.) by extensions ['ros']
[0.108s] Level 1:colcon.colcon_core.package_identification:_identify(.) by extension 'ros'
[0.124s] Level 1:colcon.colcon_core.package_identification:_identify(.) by extensions ['cmake', 'python']
[0.124s] Level 1:colcon.colcon_core.package_identification:_identify(.) by extension 'cmake'
[0.124s] Level 1:colcon.colcon_core.package_identification:_identify(.) by extension 'python'
[0.124s] Level 1:colcon.colcon_core.package_identification:_identify(.) by extensions ['python_setup_py']
[0.124s] Level 1:colcon.colcon_core.package_identification:_identify(.) by extension 'python_setup_py'
[0.124s] Level 1:colcon.colcon_core.package_identification:_identify(build) by extensions ['ignore', 'ignore_ament_install']
[0.124s] Level 1:colcon.colcon_core.package_identification:_identify(build) by extension 'ignore'
[0.124s] Level 1:colcon.colcon_core.package_identification:_identify(build) ignored
[0.124s] Level 1:colcon.colcon_core.package_identification:_identify(install) by extensions ['ignore', 'ignore_ament_install']
[0.124s] Level 1:colcon.colcon_core.package_identification:_identify(install) by extension 'ignore'
[0.124s] Level 1:colcon.colcon_core.package_identification:_identify(install) ignored
[0.124s] Level 1:colcon.colcon_core.package_identification:_identify(log) by extensions ['ignore', 'ignore_ament_install']
[0.124s] Level 1:colcon.colcon_core.package_identification:_identify(log) by extension 'ignore'
[0.124s] Level 1:colcon.colcon_core.package_identification:_identify(log) ignored
[0.124s] Level 1:colcon.colcon_core.package_identification:_identify(src) by extensions ['ignore', 'ignore_ament_install']
[0.124s] Level 1:colcon.colcon_core.package_identification:_identify(src) by extension 'ignore'
[0.124s] Level 1:colcon.colcon_core.package_identification:_identify(src) by extension 'ignore_ament_install'
[0.124s] Level 1:colcon.colcon_core.package_identification:_identify(src) by extensions ['colcon_pkg']
[0.124s] Level 1:colcon.colcon_core.package_identification:_identify(src) by extension 'colcon_pkg'
[0.124s] Level 1:colcon.colcon_core.package_identification:_identify(src) by extensions ['colcon_meta']
[0.124s] Level 1:colcon.colcon_core.package_identification:_identify(src) by extension 'colcon_meta'
[0.124s] Level 1:colcon.colcon_core.package_identification:_identify(src) by extensions ['ros']
[0.124s] Level 1:colcon.colcon_core.package_identification:_identify(src) by extension 'ros'
[0.124s] Level 1:colcon.colcon_core.package_identification:_identify(src) by extensions ['cmake', 'python']
[0.124s] Level 1:colcon.colcon_core.package_identification:_identify(src) by extension 'cmake'
[0.124s] Level 1:colcon.colcon_core.package_identification:_identify(src) by extension 'python'
[0.124s] Level 1:colcon.colcon_core.package_identification:_identify(src) by extensions ['python_setup_py']
[0.124s] Level 1:colcon.colcon_core.package_identification:_identify(src) by extension 'python_setup_py'
[0.124s] Level 1:colcon.colcon_core.package_identification:_identify(src/diffdrive_arduino) by extensions ['ignore', 'ignore_ament_install']
[0.124s] Level 1:colcon.colcon_core.package_identification:_identify(src/diffdrive_arduino) by extension 'ignore'
[0.125s] Level 1:colcon.colcon_core.package_identification:_identify(src/diffdrive_arduino) by extension 'ignore_ament_install'
[0.125s] Level 1:colcon.colcon_core.package_identification:_identify(src/diffdrive_arduino) by extensions ['colcon_pkg']
[0.125s] Level 1:colcon.colcon_core.package_identification:_identify(src/diffdrive_arduino) by extension 'colcon_pkg'
[0.125s] Level 1:colcon.colcon_core.package_identification:_identify(src/diffdrive_arduino) by extensions ['colcon_meta']
[0.125s] Level 1:colcon.colcon_core.package_identification:_identify(src/diffdrive_arduino) by extension 'colcon_meta'
[0.125s] Level 1:colcon.colcon_core.package_identification:_identify(src/diffdrive_arduino) by extensions ['ros']
[0.125s] Level 1:colcon.colcon_core.package_identification:_identify(src/diffdrive_arduino) by extension 'ros'
[0.126s] DEBUG:colcon.colcon_core.package_identification:Package 'src/diffdrive_arduino' with type 'ros.ament_cmake' and name 'diffdrive_arduino'
[0.126s] Level 1:colcon.colcon_core.package_identification:_identify(src/dreame_lds_ros2) by extensions ['ignore', 'ignore_ament_install']
[0.126s] Level 1:colcon.colcon_core.package_identification:_identify(src/dreame_lds_ros2) by extension 'ignore'
[0.126s] Level 1:colcon.colcon_core.package_identification:_identify(src/dreame_lds_ros2) by extension 'ignore_ament_install'
[0.126s] Level 1:colcon.colcon_core.package_identification:_identify(src/dreame_lds_ros2) by extensions ['colcon_pkg']
[0.126s] Level 1:colcon.colcon_core.package_identification:_identify(src/dreame_lds_ros2) by extension 'colcon_pkg'
[0.126s] Level 1:colcon.colcon_core.package_identification:_identify(src/dreame_lds_ros2) by extensions ['colcon_meta']
[0.126s] Level 1:colcon.colcon_core.package_identification:_identify(src/dreame_lds_ros2) by extension 'colcon_meta'
[0.126s] Level 1:colcon.colcon_core.package_identification:_identify(src/dreame_lds_ros2) by extensions ['ros']
[0.126s] Level 1:colcon.colcon_core.package_identification:_identify(src/dreame_lds_ros2) by extension 'ros'
[0.127s] DEBUG:colcon.colcon_core.package_identification:Package 'src/dreame_lds_ros2' with type 'ros.ament_cmake' and name 'dreame_lds_ros2'
[0.127s] Level 1:colcon.colcon_core.package_identification:_identify(src/sentinel_publisher) by extensions ['ignore', 'ignore_ament_install']
[0.127s] Level 1:colcon.colcon_core.package_identification:_identify(src/sentinel_publisher) by extension 'ignore'
[0.127s] Level 1:colcon.colcon_core.package_identification:_identify(src/sentinel_publisher) by extension 'ignore_ament_install'
[0.127s] Level 1:colcon.colcon_core.package_identification:_identify(src/sentinel_publisher) by extensions ['colcon_pkg']
[0.127s] Level 1:colcon.colcon_core.package_identification:_identify(src/sentinel_publisher) by extension 'colcon_pkg'
[0.127s] Level 1:colcon.colcon_core.package_identification:_identify(src/sentinel_publisher) by extensions ['colcon_meta']
[0.127s] Level 1:colcon.colcon_core.package_identification:_identify(src/sentinel_publisher) by extension 'colcon_meta'
[0.127s] Level 1:colcon.colcon_core.package_identification:_identify(src/sentinel_publisher) by extensions ['ros']
[0.127s] Level 1:colcon.colcon_core.package_identification:_identify(src/sentinel_publisher) by extension 'ros'
[0.127s] DEBUG:colcon.colcon_core.package_identification:Package 'src/sentinel_publisher' with type 'ros.ament_cmake' and name 'sentinel_publisher'
[0.127s] Level 1:colcon.colcon_core.package_identification:_identify(src/serial) by extensions ['ignore', 'ignore_ament_install']
[0.127s] Level 1:colcon.colcon_core.package_identification:_identify(src/serial) by extension 'ignore'
[0.128s] Level 1:colcon.colcon_core.package_identification:_identify(src/serial) by extension 'ignore_ament_install'
[0.128s] Level 1:colcon.colcon_core.package_identification:_identify(src/serial) by extensions ['colcon_pkg']
[0.128s] Level 1:colcon.colcon_core.package_identification:_identify(src/serial) by extension 'colcon_pkg'
[0.128s] Level 1:colcon.colcon_core.package_identification:_identify(src/serial) by extensions ['colcon_meta']
[0.128s] Level 1:colcon.colcon_core.package_identification:_identify(src/serial) by extension 'colcon_meta'
[0.128s] Level 1:colcon.colcon_core.package_identification:_identify(src/serial) by extensions ['ros']
[0.128s] Level 1:colcon.colcon_core.package_identification:_identify(src/serial) by extension 'ros'
[0.128s] DEBUG:colcon.colcon_core.package_identification:Package 'src/serial' with type 'ros.ament_cmake' and name 'serial'
[0.128s] Level 1:colcon.colcon_core.package_discovery:discover_packages(recursive) using defaults
[0.128s] Level 1:colcon.colcon_core.package_discovery:discover_packages(ignore) discover
[0.128s] Level 1:colcon.colcon_core.package_discovery:discover_packages(ignore) using defaults
[0.128s] Level 1:colcon.colcon_core.package_discovery:discover_packages(path) discover
[0.128s] Level 1:colcon.colcon_core.package_discovery:discover_packages(path) using defaults
[0.139s] Level 1:colcon.colcon_core.package_discovery:discover_packages(prefix_path) check parameters
[0.139s] Level 1:colcon.colcon_core.package_discovery:discover_packages(prefix_path) discover
[0.142s] DEBUG:colcon.colcon_installed_package_information.package_discovery:Found 3 installed packages in /home/kiki/sentinel_ws/install
[0.143s] DEBUG:colcon.colcon_installed_package_information.package_discovery:Found 426 installed packages in /opt/ros/jazzy
[0.143s] Level 1:colcon.colcon_core.package_discovery:discover_packages(prefix_path) using defaults
[0.168s] Level 5:colcon.colcon_core.verb:set package 'dreame_lds_ros2' build argument 'cmake_args' from command line to 'None'
[0.168s] Level 5:colcon.colcon_core.verb:set package 'dreame_lds_ros2' build argument 'cmake_target' from command line to 'None'
[0.168s] Level 5:colcon.colcon_core.verb:set package 'dreame_lds_ros2' build argument 'cmake_target_skip_unavailable' from command line to 'False'
[0.168s] Level 5:colcon.colcon_core.verb:set package 'dreame_lds_ros2' build argument 'cmake_clean_cache' from command line to 'False'
[0.168s] Level 5:colcon.colcon_core.verb:set package 'dreame_lds_ros2' build argument 'cmake_clean_first' from command line to 'False'
[0.168s] Level 5:colcon.colcon_core.verb:set package 'dreame_lds_ros2' build argument 'cmake_force_configure' from command line to 'False'
[0.168s] Level 5:colcon.colcon_core.verb:set package 'dreame_lds_ros2' build argument 'ament_cmake_args' from command line to 'None'
[0.168s] Level 5:colcon.colcon_core.verb:set package 'dreame_lds_ros2' build argument 'catkin_cmake_args' from command line to 'None'
[0.168s] Level 5:colcon.colcon_core.verb:set package 'dreame_lds_ros2' build argument 'catkin_skip_building_tests' from command line to 'False'
[0.168s] DEBUG:colcon.colcon_core.verb:Building package 'dreame_lds_ros2' with the following arguments: {'ament_cmake_args': None, 'build_base': '/home/kiki/sentinel_ws/build/dreame_lds_ros2', 'catkin_cmake_args': None, 'catkin_skip_building_tests': False, 'cmake_args': None, 'cmake_clean_cache': False, 'cmake_clean_first': False, 'cmake_force_configure': False, 'cmake_target': None, 'cmake_target_skip_unavailable': False, 'install_base': '/home/kiki/sentinel_ws/install/dreame_lds_ros2', 'merge_install': False, 'path': '/home/kiki/sentinel_ws/src/dreame_lds_ros2', 'symlink_install': True, 'test_result_base': None}
[0.168s] Level 5:colcon.colcon_core.verb:set package 'sentinel_publisher' build argument 'cmake_args' from command line to 'None'
[0.168s] Level 5:colcon.colcon_core.verb:set package 'sentinel_publisher' build argument 'cmake_target' from command line to 'None'
[0.169s] Level 5:colcon.colcon_core.verb:set package 'sentinel_publisher' build argument 'cmake_target_skip_unavailable' from command line to 'False'
[0.169s] Level 5:colcon.colcon_core.verb:set package 'sentinel_publisher' build argument 'cmake_clean_cache' from command line to 'False'
[0.169s] Level 5:colcon.colcon_core.verb:set package 'sentinel_publisher' build argument 'cmake_clean_first' from command line to 'False'
[0.169s] Level 5:colcon.colcon_core.verb:set package 'sentinel_publisher' build argument 'cmake_force_configure' from command line to 'False'
[0.169s] Level 5:colcon.colcon_core.verb:set package 'sentinel_publisher' build argument 'ament_cmake_args' from command line to 'None'
[0.169s] Level 5:colcon.colcon_core.verb:set package 'sentinel_publisher' build argument 'catkin_cmake_args' from command line to 'None'
[0.169s] Level 5:colcon.colcon_core.verb:set package 'sentinel_publisher' build argument 'catkin_skip_building_tests' from command line to 'False'
[0.169s] DEBUG:colcon.colcon_core.verb:Building package 'sentinel_publisher' with the following arguments: {'ament_cmake_args': None, 'build_base': '/home/kiki/sentinel_ws/build/sentinel_publisher', 'catkin_cmake_args': None, 'catkin_skip_building_tests': False, 'cmake_args': None, 'cmake_clean_cache': False, 'cmake_clean_first': False, 'cmake_force_configure': False, 'cmake_target': None, 'cmake_target_skip_unavailable': False, 'install_base': '/home/kiki/sentinel_ws/install/sentinel_publisher', 'merge_install': False, 'path': '/home/kiki/sentinel_ws/src/sentinel_publisher', 'symlink_install': True, 'test_result_base': None}
[0.169s] Level 5:colcon.colcon_core.verb:set package 'serial' build argument 'cmake_args' from command line to 'None'
[0.169s] Level 5:colcon.colcon_core.verb:set package 'serial' build argument 'cmake_target' from command line to 'None'
[0.169s] Level 5:colcon.colcon_core.verb:set package 'serial' build argument 'cmake_target_skip_unavailable' from command line to 'False'
[0.169s] Level 5:colcon.colcon_core.verb:set package 'serial' build argument 'cmake_clean_cache' from command line to 'False'
[0.169s] Level 5:colcon.colcon_core.verb:set package 'serial' build argument 'cmake_clean_first' from command line to 'False'
[0.169s] Level 5:colcon.colcon_core.verb:set package 'serial' build argument 'cmake_force_configure' from command line to 'False'
[0.169s] Level 5:colcon.colcon_core.verb:set package 'serial' build argument 'ament_cmake_args' from command line to 'None'
[0.169s] Level 5:colcon.colcon_core.verb:set package 'serial' build argument 'catkin_cmake_args' from command line to 'None'
[0.169s] Level 5:colcon.colcon_core.verb:set package 'serial' build argument 'catkin_skip_building_tests' from command line to 'False'
[0.169s] DEBUG:colcon.colcon_core.verb:Building package 'serial' with the following arguments: {'ament_cmake_args': None, 'build_base': '/home/kiki/sentinel_ws/build/serial', 'catkin_cmake_args': None, 'catkin_skip_building_tests': False, 'cmake_args': None, 'cmake_clean_cache': False, 'cmake_clean_first': False, 'cmake_force_configure': False, 'cmake_target': None, 'cmake_target_skip_unavailable': False, 'install_base': '/home/kiki/sentinel_ws/install/serial', 'merge_install': False, 'path': '/home/kiki/sentinel_ws/src/serial', 'symlink_install': True, 'test_result_base': None}
[0.169s] Level 5:colcon.colcon_core.verb:set package 'diffdrive_arduino' build argument 'cmake_args' from command line to 'None'
[0.169s] Level 5:colcon.colcon_core.verb:set package 'diffdrive_arduino' build argument 'cmake_target' from command line to 'None'
[0.169s] Level 5:colcon.colcon_core.verb:set package 'diffdrive_arduino' build argument 'cmake_target_skip_unavailable' from command line to 'False'
[0.169s] Level 5:colcon.colcon_core.verb:set package 'diffdrive_arduino' build argument 'cmake_clean_cache' from command line to 'False'
[0.169s] Level 5:colcon.colcon_core.verb:set package 'diffdrive_arduino' build argument 'cmake_clean_first' from command line to 'False'
[0.169s] Level 5:colcon.colcon_core.verb:set package 'diffdrive_arduino' build argument 'cmake_force_configure' from command line to 'False'
[0.169s] Level 5:colcon.colcon_core.verb:set package 'diffdrive_arduino' build argument 'ament_cmake_args' from command line to 'None'
[0.169s] Level 5:colcon.colcon_core.verb:set package 'diffdrive_arduino' build argument 'catkin_cmake_args' from command line to 'None'
[0.169s] Level 5:colcon.colcon_core.verb:set package 'diffdrive_arduino' build argument 'catkin_skip_building_tests' from command line to 'False'
[0.169s] DEBUG:colcon.colcon_core.verb:Building package 'diffdrive_arduino' with the following arguments: {'ament_cmake_args': None, 'build_base': '/home/kiki/sentinel_ws/build/diffdrive_arduino', 'catkin_cmake_args': None, 'catkin_skip_building_tests': False, 'cmake_args': None, 'cmake_clean_cache': False, 'cmake_clean_first': False, 'cmake_force_configure': False, 'cmake_target': None, 'cmake_target_skip_unavailable': False, 'install_base': '/home/kiki/sentinel_ws/install/diffdrive_arduino', 'merge_install': False, 'path': '/home/kiki/sentinel_ws/src/diffdrive_arduino', 'symlink_install': True, 'test_result_base': None}
[0.169s] INFO:colcon.colcon_core.executor:Executing jobs using 'parallel' executor
[0.170s] DEBUG:colcon.colcon_parallel_executor.executor.parallel:run_until_complete
[0.170s] INFO:colcon.colcon_ros.task.ament_cmake.build:Building ROS package in '/home/kiki/sentinel_ws/src/serial' with build type 'ament_cmake'
[0.170s] INFO:colcon.colcon_cmake.task.cmake.build:Building CMake package in '/home/kiki/sentinel_ws/src/serial'
[0.172s] INFO:colcon.colcon_core.plugin_system:Skipping extension 'colcon_core.shell.bat': Not used on non-Windows systems
[0.172s] INFO:colcon.colcon_core.shell:Skip shell extension 'powershell' for command environment: Not usable outside of PowerShell
[0.172s] DEBUG:colcon.colcon_core.shell:Skip shell extension 'dsv' for command environment
[0.174s] INFO:colcon.colcon_ros.task.ament_cmake.build:Building ROS package in '/home/kiki/sentinel_ws/src/dreame_lds_ros2' with build type 'ament_cmake'
[0.174s] INFO:colcon.colcon_cmake.task.cmake.build:Building CMake package in '/home/kiki/sentinel_ws/src/dreame_lds_ros2'
[0.174s] INFO:colcon.colcon_core.shell:Skip shell extension 'powershell' for command environment: Not usable outside of PowerShell
[0.174s] DEBUG:colcon.colcon_core.shell:Skip shell extension 'dsv' for command environment
[0.176s] INFO:colcon.colcon_ros.task.ament_cmake.build:Building ROS package in '/home/kiki/sentinel_ws/src/sentinel_publisher' with build type 'ament_cmake'
[0.176s] INFO:colcon.colcon_cmake.task.cmake.build:Building CMake package in '/home/kiki/sentinel_ws/src/sentinel_publisher'
[0.176s] INFO:colcon.colcon_core.shell:Skip shell extension 'powershell' for command environment: Not usable outside of PowerShell
[0.176s] DEBUG:colcon.colcon_core.shell:Skip shell extension 'dsv' for command environment
[0.181s] DEBUG:colcon.colcon_core.event_handler.log_command:Invoking command in '/home/kiki/sentinel_ws/build/serial': CMAKE_PREFIX_PATH=${CMAKE_PREFIX_PATH}:/opt/ros/jazzy DEBUGINFOD_URLS=https://debuginfod.ubuntu.com /usr/bin/cmake --build /home/kiki/sentinel_ws/build/serial -- -j20 -l20
[0.182s] DEBUG:colcon.colcon_core.event_handler.log_command:Invoking command in '/home/kiki/sentinel_ws/build/dreame_lds_ros2': CMAKE_PREFIX_PATH=${CMAKE_PREFIX_PATH}:/opt/ros/jazzy DEBUGINFOD_URLS=https://debuginfod.ubuntu.com /usr/bin/cmake /home/kiki/sentinel_ws/src/dreame_lds_ros2 -DAMENT_CMAKE_SYMLINK_INSTALL=1 -DCMAKE_INSTALL_PREFIX=/home/kiki/sentinel_ws/install/dreame_lds_ros2
[0.184s] DEBUG:colcon.colcon_core.event_handler.log_command:Invoking command in '/home/kiki/sentinel_ws/build/sentinel_publisher': CMAKE_PREFIX_PATH=${CMAKE_PREFIX_PATH}:/opt/ros/jazzy DEBUGINFOD_URLS=https://debuginfod.ubuntu.com /usr/bin/cmake --build /home/kiki/sentinel_ws/build/sentinel_publisher -- -j20 -l20
[1.093s] DEBUG:colcon.colcon_core.event_handler.log_command:Invoked command in '/home/kiki/sentinel_ws/build/dreame_lds_ros2' returned '0': CMAKE_PREFIX_PATH=${CMAKE_PREFIX_PATH}:/opt/ros/jazzy DEBUGINFOD_URLS=https://debuginfod.ubuntu.com /usr/bin/cmake /home/kiki/sentinel_ws/src/dreame_lds_ros2 -DAMENT_CMAKE_SYMLINK_INSTALL=1 -DCMAKE_INSTALL_PREFIX=/home/kiki/sentinel_ws/install/dreame_lds_ros2
[1.094s] DEBUG:colcon.colcon_core.event_handler.log_command:Invoking command in '/home/kiki/sentinel_ws/build/dreame_lds_ros2': CMAKE_PREFIX_PATH=${CMAKE_PREFIX_PATH}:/opt/ros/jazzy DEBUGINFOD_URLS=https://debuginfod.ubuntu.com /usr/bin/cmake --build /home/kiki/sentinel_ws/build/dreame_lds_ros2 -- -j20 -l20
[1.464s] DEBUG:colcon.colcon_core.event_handler.log_command:Invoked command in '/home/kiki/sentinel_ws/build/serial' returned '0': CMAKE_PREFIX_PATH=${CMAKE_PREFIX_PATH}:/opt/ros/jazzy DEBUGINFOD_URLS=https://debuginfod.ubuntu.com /usr/bin/cmake --build /home/kiki/sentinel_ws/build/serial -- -j20 -l20
[1.474s] DEBUG:colcon.colcon_core.event_handler.log_command:Invoking command in '/home/kiki/sentinel_ws/build/serial': CMAKE_PREFIX_PATH=${CMAKE_PREFIX_PATH}:/opt/ros/jazzy DEBUGINFOD_URLS=https://debuginfod.ubuntu.com /usr/bin/cmake --install /home/kiki/sentinel_ws/build/serial
[1.491s] Level 1:colcon.colcon_core.environment:create_environment_scripts_only(serial)
[1.492s] DEBUG:colcon.colcon_core.event_handler.log_command:Invoked command in '/home/kiki/sentinel_ws/build/serial' returned '0': CMAKE_PREFIX_PATH=${CMAKE_PREFIX_PATH}:/opt/ros/jazzy DEBUGINFOD_URLS=https://debuginfod.ubuntu.com /usr/bin/cmake --install /home/kiki/sentinel_ws/build/serial
[1.495s] Level 1:colcon.colcon_core.environment:checking '/home/kiki/sentinel_ws/install/serial' for CMake module files
[1.496s] Level 1:colcon.colcon_core.environment:checking '/home/kiki/sentinel_ws/install/serial' for CMake config files
[1.496s] Level 1:colcon.colcon_core.shell:create_environment_hook('serial', 'cmake_prefix_path')
[1.496s] INFO:colcon.colcon_core.shell:Creating environment hook '/home/kiki/sentinel_ws/install/serial/share/serial/hook/cmake_prefix_path.ps1'
[1.497s] INFO:colcon.colcon_core.shell:Creating environment descriptor '/home/kiki/sentinel_ws/install/serial/share/serial/hook/cmake_prefix_path.dsv'
[1.497s] INFO:colcon.colcon_core.shell:Creating environment hook '/home/kiki/sentinel_ws/install/serial/share/serial/hook/cmake_prefix_path.sh'
[1.498s] Level 1:colcon.colcon_core.environment:checking '/home/kiki/sentinel_ws/install/serial/lib'
[1.498s] Level 1:colcon.colcon_core.environment:checking '/home/kiki/sentinel_ws/install/serial/bin'
[1.498s] Level 1:colcon.colcon_core.environment:checking '/home/kiki/sentinel_ws/install/serial/lib/pkgconfig/serial.pc'
[1.499s] Level 1:colcon.colcon_core.environment:checking '/home/kiki/sentinel_ws/install/serial/lib/python3.12/site-packages'
[1.499s] Level 1:colcon.colcon_core.environment:checking '/home/kiki/sentinel_ws/install/serial/bin'
[1.499s] INFO:colcon.colcon_core.shell:Creating package script '/home/kiki/sentinel_ws/install/serial/share/serial/package.ps1'
[1.499s] INFO:colcon.colcon_core.shell:Creating package descriptor '/home/kiki/sentinel_ws/install/serial/share/serial/package.dsv'
[1.500s] INFO:colcon.colcon_core.shell:Creating package script '/home/kiki/sentinel_ws/install/serial/share/serial/package.sh'
[1.500s] INFO:colcon.colcon_core.shell:Creating package script '/home/kiki/sentinel_ws/install/serial/share/serial/package.bash'
[1.501s] INFO:colcon.colcon_core.shell:Creating package script '/home/kiki/sentinel_ws/install/serial/share/serial/package.zsh'
[1.501s] Level 1:colcon.colcon_core.environment:create_file_with_runtime_dependencies(/home/kiki/sentinel_ws/install/serial/share/colcon-core/packages/serial)
[1.501s] Level 1:colcon.colcon_core.environment:create_environment_scripts_only(serial)
[1.501s] Level 1:colcon.colcon_core.environment:checking '/home/kiki/sentinel_ws/install/serial' for CMake module files
[1.502s] Level 1:colcon.colcon_core.environment:checking '/home/kiki/sentinel_ws/install/serial' for CMake config files
[1.502s] Level 1:colcon.colcon_core.shell:create_environment_hook('serial', 'cmake_prefix_path')
[1.502s] INFO:colcon.colcon_core.shell:Creating environment hook '/home/kiki/sentinel_ws/install/serial/share/serial/hook/cmake_prefix_path.ps1'
[1.502s] INFO:colcon.colcon_core.shell:Creating environment descriptor '/home/kiki/sentinel_ws/install/serial/share/serial/hook/cmake_prefix_path.dsv'
[1.502s] INFO:colcon.colcon_core.shell:Creating environment hook '/home/kiki/sentinel_ws/install/serial/share/serial/hook/cmake_prefix_path.sh'
[1.503s] Level 1:colcon.colcon_core.environment:checking '/home/kiki/sentinel_ws/install/serial/lib'
[1.503s] Level 1:colcon.colcon_core.environment:checking '/home/kiki/sentinel_ws/install/serial/bin'
[1.503s] Level 1:colcon.colcon_core.environment:checking '/home/kiki/sentinel_ws/install/serial/lib/pkgconfig/serial.pc'
[1.503s] Level 1:colcon.colcon_core.environment:checking '/home/kiki/sentinel_ws/install/serial/lib/python3.12/site-packages'
[1.503s] Level 1:colcon.colcon_core.environment:checking '/home/kiki/sentinel_ws/install/serial/bin'
[1.503s] INFO:colcon.colcon_core.shell:Creating package script '/home/kiki/sentinel_ws/install/serial/share/serial/package.ps1'
[1.503s] INFO:colcon.colcon_core.shell:Creating package descriptor '/home/kiki/sentinel_ws/install/serial/share/serial/package.dsv'
[1.503s] INFO:colcon.colcon_core.shell:Creating package script '/home/kiki/sentinel_ws/install/serial/share/serial/package.sh'
[1.504s] INFO:colcon.colcon_core.shell:Creating package script '/home/kiki/sentinel_ws/install/serial/share/serial/package.bash'
[1.504s] INFO:colcon.colcon_core.shell:Creating package script '/home/kiki/sentinel_ws/install/serial/share/serial/package.zsh'
[1.504s] Level 1:colcon.colcon_core.environment:create_file_with_runtime_dependencies(/home/kiki/sentinel_ws/install/serial/share/colcon-core/packages/serial)
[1.504s] INFO:colcon.colcon_ros.task.ament_cmake.build:Building ROS package in '/home/kiki/sentinel_ws/src/diffdrive_arduino' with build type 'ament_cmake'
[1.504s] INFO:colcon.colcon_cmake.task.cmake.build:Building CMake package in '/home/kiki/sentinel_ws/src/diffdrive_arduino'
[1.504s] INFO:colcon.colcon_core.shell:Skip shell extension 'powershell' for command environment: Not usable outside of PowerShell
[1.504s] DEBUG:colcon.colcon_core.shell:Skip shell extension 'dsv' for command environment
[1.513s] DEBUG:colcon.colcon_core.event_handler.log_command:Invoking command in '/home/kiki/sentinel_ws/build/diffdrive_arduino': CMAKE_PREFIX_PATH=/home/kiki/sentinel_ws/install/serial:/home/kiki/sentinel_ws/install/diffdrive_arduino:/home/kiki/sentinel_ws/install/sentinel_publisher:/opt/ros/jazzy/opt/gz_sim_vendor:/opt/ros/jazzy/opt/gz_sensors_vendor:/opt/ros/jazzy/opt/gz_physics_vendor:/opt/ros/jazzy/opt/sdformat_vendor:/opt/ros/jazzy/opt/gz_gui_vendor:/opt/ros/jazzy/opt/gz_transport_vendor:/opt/ros/jazzy/opt/gz_rendering_vendor:/opt/ros/jazzy/opt/gz_plugin_vendor:/opt/ros/jazzy/opt/gz_fuel_tools_vendor:/opt/ros/jazzy/opt/gz_msgs_vendor:/opt/ros/jazzy/opt/gz_common_vendor:/opt/ros/jazzy/opt/gz_math_vendor:/opt/ros/jazzy/opt/gz_utils_vendor:/opt/ros/jazzy/opt/gz_tools_vendor:/opt/ros/jazzy/opt/gz_ogre_next_vendor:/opt/ros/jazzy/opt/gz_dartsim_vendor:/opt/ros/jazzy/opt/gz_cmake_vendor:/opt/ros/jazzy DEBUGINFOD_URLS=https://debuginfod.ubuntu.com /usr/bin/cmake --build /home/kiki/sentinel_ws/build/diffdrive_arduino -- -j20 -l20
[3.851s] DEBUG:colcon.colcon_core.event_handler.log_command:Invoked command in '/home/kiki/sentinel_ws/build/dreame_lds_ros2' returned '0': CMAKE_PREFIX_PATH=${CMAKE_PREFIX_PATH}:/opt/ros/jazzy DEBUGINFOD_URLS=https://debuginfod.ubuntu.com /usr/bin/cmake --build /home/kiki/sentinel_ws/build/dreame_lds_ros2 -- -j20 -l20
[3.852s] DEBUG:colcon.colcon_core.event_handler.log_command:Invoking command in '/home/kiki/sentinel_ws/build/dreame_lds_ros2': CMAKE_PREFIX_PATH=${CMAKE_PREFIX_PATH}:/opt/ros/jazzy DEBUGINFOD_URLS=https://debuginfod.ubuntu.com /usr/bin/cmake --install /home/kiki/sentinel_ws/build/dreame_lds_ros2
[4.012s] Level 1:colcon.colcon_core.environment:create_environment_scripts_only(dreame_lds_ros2)
[4.012s] Level 1:colcon.colcon_core.environment:checking '/home/kiki/sentinel_ws/install/dreame_lds_ros2' for CMake module files
[4.012s] DEBUG:colcon.colcon_core.event_handler.log_command:Invoked command in '/home/kiki/sentinel_ws/build/dreame_lds_ros2' returned '0': CMAKE_PREFIX_PATH=${CMAKE_PREFIX_PATH}:/opt/ros/jazzy DEBUGINFOD_URLS=https://debuginfod.ubuntu.com /usr/bin/cmake --install /home/kiki/sentinel_ws/build/dreame_lds_ros2
[4.013s] Level 1:colcon.colcon_core.environment:checking '/home/kiki/sentinel_ws/install/dreame_lds_ros2' for CMake config files
[4.013s] Level 1:colcon.colcon_core.shell:create_environment_hook('dreame_lds_ros2', 'cmake_prefix_path')
[4.013s] INFO:colcon.colcon_core.shell:Creating environment hook '/home/kiki/sentinel_ws/install/dreame_lds_ros2/share/dreame_lds_ros2/hook/cmake_prefix_path.ps1'
[4.014s] INFO:colcon.colcon_core.shell:Creating environment descriptor '/home/kiki/sentinel_ws/install/dreame_lds_ros2/share/dreame_lds_ros2/hook/cmake_prefix_path.dsv'
[4.014s] INFO:colcon.colcon_core.shell:Creating environment hook '/home/kiki/sentinel_ws/install/dreame_lds_ros2/share/dreame_lds_ros2/hook/cmake_prefix_path.sh'
[4.014s] Level 1:colcon.colcon_core.environment:checking '/home/kiki/sentinel_ws/install/dreame_lds_ros2/lib'
[4.015s] Level 1:colcon.colcon_core.environment:checking '/home/kiki/sentinel_ws/install/dreame_lds_ros2/bin'
[4.015s] Level 1:colcon.colcon_core.environment:checking '/home/kiki/sentinel_ws/install/dreame_lds_ros2/lib/pkgconfig/dreame_lds_ros2.pc'
[4.015s] Level 1:colcon.colcon_core.environment:checking '/home/kiki/sentinel_ws/install/dreame_lds_ros2/lib/python3.12/site-packages'
[4.015s] Level 1:colcon.colcon_core.environment:checking '/home/kiki/sentinel_ws/install/dreame_lds_ros2/bin'
[4.015s] INFO:colcon.colcon_core.shell:Creating package script '/home/kiki/sentinel_ws/install/dreame_lds_ros2/share/dreame_lds_ros2/package.ps1'
[4.016s] INFO:colcon.colcon_core.shell:Creating package descriptor '/home/kiki/sentinel_ws/install/dreame_lds_ros2/share/dreame_lds_ros2/package.dsv'
[4.016s] INFO:colcon.colcon_core.shell:Creating package script '/home/kiki/sentinel_ws/install/dreame_lds_ros2/share/dreame_lds_ros2/package.sh'
[4.017s] INFO:colcon.colcon_core.shell:Creating package script '/home/kiki/sentinel_ws/install/dreame_lds_ros2/share/dreame_lds_ros2/package.bash'
[4.017s] INFO:colcon.colcon_core.shell:Creating package script '/home/kiki/sentinel_ws/install/dreame_lds_ros2/share/dreame_lds_ros2/package.zsh'
[4.017s] Level 1:colcon.colcon_core.environment:create_file_with_runtime_dependencies(/home/kiki/sentinel_ws/install/dreame_lds_ros2/share/colcon-core/packages/dreame_lds_ros2)
[4.018s] Level 1:colcon.colcon_core.environment:create_environment_scripts_only(dreame_lds_ros2)
[4.018s] Level 1:colcon.colcon_core.environment:checking '/home/kiki/sentinel_ws/install/dreame_lds_ros2' for CMake module files
[4.018s] Level 1:colcon.colcon_core.environment:checking '/home/kiki/sentinel_ws/install/dreame_lds_ros2' for CMake config files
[4.019s] Level 1:colcon.colcon_core.shell:create_environment_hook('dreame_lds_ros2', 'cmake_prefix_path')
[4.019s] INFO:colcon.colcon_core.shell:Creating environment hook '/home/kiki/sentinel_ws/install/dreame_lds_ros2/share/dreame_lds_ros2/hook/cmake_prefix_path.ps1'
[4.019s] INFO:colcon.colcon_core.shell:Creating environment descriptor '/home/kiki/sentinel_ws/install/dreame_lds_ros2/share/dreame_lds_ros2/hook/cmake_prefix_path.dsv'
[4.020s] INFO:colcon.colcon_core.shell:Creating environment hook '/home/kiki/sentinel_ws/install/dreame_lds_ros2/share/dreame_lds_ros2/hook/cmake_prefix_path.sh'
[4.020s] Level 1:colcon.colcon_core.environment:checking '/home/kiki/sentinel_ws/install/dreame_lds_ros2/lib'
[4.020s] Level 1:colcon.colcon_core.environment:checking '/home/kiki/sentinel_ws/install/dreame_lds_ros2/bin'
[4.020s] Level 1:colcon.colcon_core.environment:checking '/home/kiki/sentinel_ws/install/dreame_lds_ros2/lib/pkgconfig/dreame_lds_ros2.pc'
[4.020s] Level 1:colcon.colcon_core.environment:checking '/home/kiki/sentinel_ws/install/dreame_lds_ros2/lib/python3.12/site-packages'
[4.021s] Level 1:colcon.colcon_core.environment:checking '/home/kiki/sentinel_ws/install/dreame_lds_ros2/bin'
[4.021s] INFO:colcon.colcon_core.shell:Creating package script '/home/kiki/sentinel_ws/install/dreame_lds_ros2/share/dreame_lds_ros2/package.ps1'
[4.022s] INFO:colcon.colcon_core.shell:Creating package descriptor '/home/kiki/sentinel_ws/install/dreame_lds_ros2/share/dreame_lds_ros2/package.dsv'
[4.022s] INFO:colcon.colcon_core.shell:Creating package script '/home/kiki/sentinel_ws/install/dreame_lds_ros2/share/dreame_lds_ros2/package.sh'
[4.022s] INFO:colcon.colcon_core.shell:Creating package script '/home/kiki/sentinel_ws/install/dreame_lds_ros2/share/dreame_lds_ros2/package.bash'
[4.023s] INFO:colcon.colcon_core.shell:Creating package script '/home/kiki/sentinel_ws/install/dreame_lds_ros2/share/dreame_lds_ros2/package.zsh'
[4.023s] Level 1:colcon.colcon_core.environment:create_file_with_runtime_dependencies(/home/kiki/sentinel_ws/install/dreame_lds_ros2/share/colcon-core/packages/dreame_lds_ros2)
[5.454s] DEBUG:colcon.colcon_core.event_handler.log_command:Invoked command in '/home/kiki/sentinel_ws/build/diffdrive_arduino' returned '0': CMAKE_PREFIX_PATH=/home/kiki/sentinel_ws/install/serial:/home/kiki/sentinel_ws/install/diffdrive_arduino:/home/kiki/sentinel_ws/install/sentinel_publisher:/opt/ros/jazzy/opt/gz_sim_vendor:/opt/ros/jazzy/opt/gz_sensors_vendor:/opt/ros/jazzy/opt/gz_physics_vendor:/opt/ros/jazzy/opt/sdformat_vendor:/opt/ros/jazzy/opt/gz_gui_vendor:/opt/ros/jazzy/opt/gz_transport_vendor:/opt/ros/jazzy/opt/gz_rendering_vendor:/opt/ros/jazzy/opt/gz_plugin_vendor:/opt/ros/jazzy/opt/gz_fuel_tools_vendor:/opt/ros/jazzy/opt/gz_msgs_vendor:/opt/ros/jazzy/opt/gz_common_vendor:/opt/ros/jazzy/opt/gz_math_vendor:/opt/ros/jazzy/opt/gz_utils_vendor:/opt/ros/jazzy/opt/gz_tools_vendor:/opt/ros/jazzy/opt/gz_ogre_next_vendor:/opt/ros/jazzy/opt/gz_dartsim_vendor:/opt/ros/jazzy/opt/gz_cmake_vendor:/opt/ros/jazzy DEBUGINFOD_URLS=https://debuginfod.ubuntu.com /usr/bin/cmake --build /home/kiki/sentinel_ws/build/diffdrive_arduino -- -j20 -l20
[5.456s] DEBUG:colcon.colcon_core.event_handler.log_command:Invoking command in '/home/kiki/sentinel_ws/build/diffdrive_arduino': CMAKE_PREFIX_PATH=/home/kiki/sentinel_ws/install/serial:/home/kiki/sentinel_ws/install/diffdrive_arduino:/home/kiki/sentinel_ws/install/sentinel_publisher:/opt/ros/jazzy/opt/gz_sim_vendor:/opt/ros/jazzy/opt/gz_sensors_vendor:/opt/ros/jazzy/opt/gz_physics_vendor:/opt/ros/jazzy/opt/sdformat_vendor:/opt/ros/jazzy/opt/gz_gui_vendor:/opt/ros/jazzy/opt/gz_transport_vendor:/opt/ros/jazzy/opt/gz_rendering_vendor:/opt/ros/jazzy/opt/gz_plugin_vendor:/opt/ros/jazzy/opt/gz_fuel_tools_vendor:/opt/ros/jazzy/opt/gz_msgs_vendor:/opt/ros/jazzy/opt/gz_common_vendor:/opt/ros/jazzy/opt/gz_math_vendor:/opt/ros/jazzy/opt/gz_utils_vendor:/opt/ros/jazzy/opt/gz_tools_vendor:/opt/ros/jazzy/opt/gz_ogre_next_vendor:/opt/ros/jazzy/opt/gz_dartsim_vendor:/opt/ros/jazzy/opt/gz_cmake_vendor:/opt/ros/jazzy DEBUGINFOD_URLS=https://debuginfod.ubuntu.com /usr/bin/cmake --install /home/kiki/sentinel_ws/build/diffdrive_arduino
[5.470s] Level 1:colcon.colcon_core.environment:create_environment_scripts_only(diffdrive_arduino)
[5.470s] Level 1:colcon.colcon_core.environment:checking '/home/kiki/sentinel_ws/install/diffdrive_arduino' for CMake module files
[5.470s] DEBUG:colcon.colcon_core.event_handler.log_command:Invoked command in '/home/kiki/sentinel_ws/build/diffdrive_arduino' returned '0': CMAKE_PREFIX_PATH=/home/kiki/sentinel_ws/install/serial:/home/kiki/sentinel_ws/install/diffdrive_arduino:/home/kiki/sentinel_ws/install/sentinel_publisher:/opt/ros/jazzy/opt/gz_sim_vendor:/opt/ros/jazzy/opt/gz_sensors_vendor:/opt/ros/jazzy/opt/gz_physics_vendor:/opt/ros/jazzy/opt/sdformat_vendor:/opt/ros/jazzy/opt/gz_gui_vendor:/opt/ros/jazzy/opt/gz_transport_vendor:/opt/ros/jazzy/opt/gz_rendering_vendor:/opt/ros/jazzy/opt/gz_plugin_vendor:/opt/ros/jazzy/opt/gz_fuel_tools_vendor:/opt/ros/jazzy/opt/gz_msgs_vendor:/opt/ros/jazzy/opt/gz_common_vendor:/opt/ros/jazzy/opt/gz_math_vendor:/opt/ros/jazzy/opt/gz_utils_vendor:/opt/ros/jazzy/opt/gz_tools_vendor:/opt/ros/jazzy/opt/gz_ogre_next_vendor:/opt/ros/jazzy/opt/gz_dartsim_vendor:/opt/ros/jazzy/opt/gz_cmake_vendor:/opt/ros/jazzy DEBUGINFOD_URLS=https://debuginfod.ubuntu.com /usr/bin/cmake --install /home/kiki/sentinel_ws/build/diffdrive_arduino
[5.471s] Level 1:colcon.colcon_core.environment:checking '/home/kiki/sentinel_ws/install/diffdrive_arduino' for CMake config files
[5.471s] Level 1:colcon.colcon_core.shell:create_environment_hook('diffdrive_arduino', 'cmake_prefix_path')
[5.472s] INFO:colcon.colcon_core.shell:Creating environment hook '/home/kiki/sentinel_ws/install/diffdrive_arduino/share/diffdrive_arduino/hook/cmake_prefix_path.ps1'
[5.472s] INFO:colcon.colcon_core.shell:Creating environment descriptor '/home/kiki/sentinel_ws/install/diffdrive_arduino/share/diffdrive_arduino/hook/cmake_prefix_path.dsv'
[5.472s] INFO:colcon.colcon_core.shell:Creating environment hook '/home/kiki/sentinel_ws/install/diffdrive_arduino/share/diffdrive_arduino/hook/cmake_prefix_path.sh'
[5.472s] Level 1:colcon.colcon_core.environment:checking '/home/kiki/sentinel_ws/install/diffdrive_arduino/lib'
[5.472s] Level 1:colcon.colcon_core.shell:create_environment_hook('diffdrive_arduino', 'ld_library_path_lib')
[5.472s] INFO:colcon.colcon_core.shell:Creating environment hook '/home/kiki/sentinel_ws/install/diffdrive_arduino/share/diffdrive_arduino/hook/ld_library_path_lib.ps1'
[5.473s] INFO:colcon.colcon_core.shell:Creating environment descriptor '/home/kiki/sentinel_ws/install/diffdrive_arduino/share/diffdrive_arduino/hook/ld_library_path_lib.dsv'
[5.473s] INFO:colcon.colcon_core.shell:Creating environment hook '/home/kiki/sentinel_ws/install/diffdrive_arduino/share/diffdrive_arduino/hook/ld_library_path_lib.sh'
[5.473s] Level 1:colcon.colcon_core.environment:checking '/home/kiki/sentinel_ws/install/diffdrive_arduino/bin'
[5.473s] Level 1:colcon.colcon_core.environment:checking '/home/kiki/sentinel_ws/install/diffdrive_arduino/lib/pkgconfig/diffdrive_arduino.pc'
[5.473s] Level 1:colcon.colcon_core.environment:checking '/home/kiki/sentinel_ws/install/diffdrive_arduino/lib/python3.12/site-packages'
[5.473s] Level 1:colcon.colcon_core.environment:checking '/home/kiki/sentinel_ws/install/diffdrive_arduino/bin'
[5.473s] INFO:colcon.colcon_core.shell:Creating package script '/home/kiki/sentinel_ws/install/diffdrive_arduino/share/diffdrive_arduino/package.ps1'
[5.474s] INFO:colcon.colcon_core.shell:Creating package descriptor '/home/kiki/sentinel_ws/install/diffdrive_arduino/share/diffdrive_arduino/package.dsv'
[5.474s] INFO:colcon.colcon_core.shell:Creating package script '/home/kiki/sentinel_ws/install/diffdrive_arduino/share/diffdrive_arduino/package.sh'
[5.474s] INFO:colcon.colcon_core.shell:Creating package script '/home/kiki/sentinel_ws/install/diffdrive_arduino/share/diffdrive_arduino/package.bash'
[5.474s] INFO:colcon.colcon_core.shell:Creating package script '/home/kiki/sentinel_ws/install/diffdrive_arduino/share/diffdrive_arduino/package.zsh'
[5.474s] Level 1:colcon.colcon_core.environment:create_file_with_runtime_dependencies(/home/kiki/sentinel_ws/install/diffdrive_arduino/share/colcon-core/packages/diffdrive_arduino)
[5.475s] Level 1:colcon.colcon_core.environment:create_environment_scripts_only(diffdrive_arduino)
[5.475s] Level 1:colcon.colcon_core.environment:checking '/home/kiki/sentinel_ws/install/diffdrive_arduino' for CMake module files
[5.475s] Level 1:colcon.colcon_core.environment:checking '/home/kiki/sentinel_ws/install/diffdrive_arduino' for CMake config files
[5.475s] Level 1:colcon.colcon_core.shell:create_environment_hook('diffdrive_arduino', 'cmake_prefix_path')
[5.475s] INFO:colcon.colcon_core.shell:Creating environment hook '/home/kiki/sentinel_ws/install/diffdrive_arduino/share/diffdrive_arduino/hook/cmake_prefix_path.ps1'
[5.475s] INFO:colcon.colcon_core.shell:Creating environment descriptor '/home/kiki/sentinel_ws/install/diffdrive_arduino/share/diffdrive_arduino/hook/cmake_prefix_path.dsv'
[5.475s] INFO:colcon.colcon_core.shell:Creating environment hook '/home/kiki/sentinel_ws/install/diffdrive_arduino/share/diffdrive_arduino/hook/cmake_prefix_path.sh'
[5.476s] Level 1:colcon.colcon_core.environment:checking '/home/kiki/sentinel_ws/install/diffdrive_arduino/lib'
[5.476s] Level 1:colcon.colcon_core.shell:create_environment_hook('diffdrive_arduino', 'ld_library_path_lib')
[5.476s] INFO:colcon.colcon_core.shell:Creating environment hook '/home/kiki/sentinel_ws/install/diffdrive_arduino/share/diffdrive_arduino/hook/ld_library_path_lib.ps1'
[5.476s] INFO:colcon.colcon_core.shell:Creating environment descriptor '/home/kiki/sentinel_ws/install/diffdrive_arduino/share/diffdrive_arduino/hook/ld_library_path_lib.dsv'
[5.476s] INFO:colcon.colcon_core.shell:Creating environment hook '/home/kiki/sentinel_ws/install/diffdrive_arduino/share/diffdrive_arduino/hook/ld_library_path_lib.sh'
[5.476s] Level 1:colcon.colcon_core.environment:checking '/home/kiki/sentinel_ws/install/diffdrive_arduino/bin'
[5.476s] Level 1:colcon.colcon_core.environment:checking '/home/kiki/sentinel_ws/install/diffdrive_arduino/lib/pkgconfig/diffdrive_arduino.pc'
[5.476s] Level 1:colcon.colcon_core.environment:checking '/home/kiki/sentinel_ws/install/diffdrive_arduino/lib/python3.12/site-packages'
[5.477s] Level 1:colcon.colcon_core.environment:checking '/home/kiki/sentinel_ws/install/diffdrive_arduino/bin'
[5.477s] INFO:colcon.colcon_core.shell:Creating package script '/home/kiki/sentinel_ws/install/diffdrive_arduino/share/diffdrive_arduino/package.ps1'
[5.477s] INFO:colcon.colcon_core.shell:Creating package descriptor '/home/kiki/sentinel_ws/install/diffdrive_arduino/share/diffdrive_arduino/package.dsv'
[5.477s] INFO:colcon.colcon_core.shell:Creating package script '/home/kiki/sentinel_ws/install/diffdrive_arduino/share/diffdrive_arduino/package.sh'
[5.477s] INFO:colcon.colcon_core.shell:Creating package script '/home/kiki/sentinel_ws/install/diffdrive_arduino/share/diffdrive_arduino/package.bash'
[5.477s] INFO:colcon.colcon_core.shell:Creating package script '/home/kiki/sentinel_ws/install/diffdrive_arduino/share/diffdrive_arduino/package.zsh'
[5.478s] Level 1:colcon.colcon_core.environment:create_file_with_runtime_dependencies(/home/kiki/sentinel_ws/install/diffdrive_arduino/share/colcon-core/packages/diffdrive_arduino)
[5.965s] DEBUG:colcon.colcon_core.event_handler.log_command:Invoked command in '/home/kiki/sentinel_ws/build/sentinel_publisher' returned '0': CMAKE_PREFIX_PATH=${CMAKE_PREFIX_PATH}:/opt/ros/jazzy DEBUGINFOD_URLS=https://debuginfod.ubuntu.com /usr/bin/cmake --build /home/kiki/sentinel_ws/build/sentinel_publisher -- -j20 -l20
[5.965s] DEBUG:colcon.colcon_core.event_handler.log_command:Invoking command in '/home/kiki/sentinel_ws/build/sentinel_publisher': CMAKE_PREFIX_PATH=${CMAKE_PREFIX_PATH}:/opt/ros/jazzy DEBUGINFOD_URLS=https://debuginfod.ubuntu.com /usr/bin/cmake --install /home/kiki/sentinel_ws/build/sentinel_publisher
[5.986s] Level 1:colcon.colcon_core.environment:create_environment_scripts_only(sentinel_publisher)
[5.986s] DEBUG:colcon.colcon_core.event_handler.log_command:Invoked command in '/home/kiki/sentinel_ws/build/sentinel_publisher' returned '0': CMAKE_PREFIX_PATH=${CMAKE_PREFIX_PATH}:/opt/ros/jazzy DEBUGINFOD_URLS=https://debuginfod.ubuntu.com /usr/bin/cmake --install /home/kiki/sentinel_ws/build/sentinel_publisher
[5.986s] Level 1:colcon.colcon_core.environment:checking '/home/kiki/sentinel_ws/install/sentinel_publisher' for CMake module files
[5.987s] Level 1:colcon.colcon_core.environment:checking '/home/kiki/sentinel_ws/install/sentinel_publisher' for CMake config files
[5.988s] Level 1:colcon.colcon_core.shell:create_environment_hook('sentinel_publisher', 'cmake_prefix_path')
[5.988s] INFO:colcon.colcon_core.shell:Creating environment hook '/home/kiki/sentinel_ws/install/sentinel_publisher/share/sentinel_publisher/hook/cmake_prefix_path.ps1'
[5.988s] INFO:colcon.colcon_core.shell:Creating environment descriptor '/home/kiki/sentinel_ws/install/sentinel_publisher/share/sentinel_publisher/hook/cmake_prefix_path.dsv'
[5.988s] INFO:colcon.colcon_core.shell:Creating environment hook '/home/kiki/sentinel_ws/install/sentinel_publisher/share/sentinel_publisher/hook/cmake_prefix_path.sh'
[5.988s] Level 1:colcon.colcon_core.environment:checking '/home/kiki/sentinel_ws/install/sentinel_publisher/lib'
[5.988s] Level 1:colcon.colcon_core.environment:checking '/home/kiki/sentinel_ws/install/sentinel_publisher/bin'
[5.988s] Level 1:colcon.colcon_core.environment:checking '/home/kiki/sentinel_ws/install/sentinel_publisher/lib/pkgconfig/sentinel_publisher.pc'
[5.989s] Level 1:colcon.colcon_core.environment:checking '/home/kiki/sentinel_ws/install/sentinel_publisher/lib/python3.12/site-packages'
[5.989s] Level 1:colcon.colcon_core.environment:checking '/home/kiki/sentinel_ws/install/sentinel_publisher/bin'
[5.989s] INFO:colcon.colcon_core.shell:Creating package script '/home/kiki/sentinel_ws/install/sentinel_publisher/share/sentinel_publisher/package.ps1'
[5.989s] INFO:colcon.colcon_core.shell:Creating package descriptor '/home/kiki/sentinel_ws/install/sentinel_publisher/share/sentinel_publisher/package.dsv'
[5.989s] INFO:colcon.colcon_core.shell:Creating package script '/home/kiki/sentinel_ws/install/sentinel_publisher/share/sentinel_publisher/package.sh'
[5.990s] INFO:colcon.colcon_core.shell:Creating package script '/home/kiki/sentinel_ws/install/sentinel_publisher/share/sentinel_publisher/package.bash'
[5.990s] INFO:colcon.colcon_core.shell:Creating package script '/home/kiki/sentinel_ws/install/sentinel_publisher/share/sentinel_publisher/package.zsh'
[5.990s] Level 1:colcon.colcon_core.environment:create_file_with_runtime_dependencies(/home/kiki/sentinel_ws/install/sentinel_publisher/share/colcon-core/packages/sentinel_publisher)
[5.990s] Level 1:colcon.colcon_core.environment:create_environment_scripts_only(sentinel_publisher)
[5.990s] Level 1:colcon.colcon_core.environment:checking '/home/kiki/sentinel_ws/install/sentinel_publisher' for CMake module files
[5.990s] Level 1:colcon.colcon_core.environment:checking '/home/kiki/sentinel_ws/install/sentinel_publisher' for CMake config files
[5.990s] Level 1:colcon.colcon_core.shell:create_environment_hook('sentinel_publisher', 'cmake_prefix_path')
[5.991s] INFO:colcon.colcon_core.shell:Creating environment hook '/home/kiki/sentinel_ws/install/sentinel_publisher/share/sentinel_publisher/hook/cmake_prefix_path.ps1'
[5.991s] INFO:colcon.colcon_core.shell:Creating environment descriptor '/home/kiki/sentinel_ws/install/sentinel_publisher/share/sentinel_publisher/hook/cmake_prefix_path.dsv'
[5.991s] INFO:colcon.colcon_core.shell:Creating environment hook '/home/kiki/sentinel_ws/install/sentinel_publisher/share/sentinel_publisher/hook/cmake_prefix_path.sh'
[5.991s] Level 1:colcon.colcon_core.environment:checking '/home/kiki/sentinel_ws/install/sentinel_publisher/lib'
[5.991s] Level 1:colcon.colcon_core.environment:checking '/home/kiki/sentinel_ws/install/sentinel_publisher/bin'
[5.991s] Level 1:colcon.colcon_core.environment:checking '/home/kiki/sentinel_ws/install/sentinel_publisher/lib/pkgconfig/sentinel_publisher.pc'
[5.991s] Level 1:colcon.colcon_core.environment:checking '/home/kiki/sentinel_ws/install/sentinel_publisher/lib/python3.12/site-packages'
[5.992s] Level 1:colcon.colcon_core.environment:checking '/home/kiki/sentinel_ws/install/sentinel_publisher/bin'
[5.992s] INFO:colcon.colcon_core.shell:Creating package script '/home/kiki/sentinel_ws/install/sentinel_publisher/share/sentinel_publisher/package.ps1'
[5.992s] INFO:colcon.colcon_core.shell:Creating package descriptor '/home/kiki/sentinel_ws/install/sentinel_publisher/share/sentinel_publisher/package.dsv'
[5.992s] INFO:colcon.colcon_core.shell:Creating package script '/home/kiki/sentinel_ws/install/sentinel_publisher/share/sentinel_publisher/package.sh'
[5.992s] INFO:colcon.colcon_core.shell:Creating package script '/home/kiki/sentinel_ws/install/sentinel_publisher/share/sentinel_publisher/package.bash'
[5.992s] INFO:colcon.colcon_core.shell:Creating package script '/home/kiki/sentinel_ws/install/sentinel_publisher/share/sentinel_publisher/package.zsh'
[5.993s] Level 1:colcon.colcon_core.environment:create_file_with_runtime_dependencies(/home/kiki/sentinel_ws/install/sentinel_publisher/share/colcon-core/packages/sentinel_publisher)
[5.993s] DEBUG:colcon.colcon_parallel_executor.executor.parallel:closing loop
[5.993s] DEBUG:colcon.colcon_parallel_executor.executor.parallel:loop closed
[5.993s] DEBUG:colcon.colcon_parallel_executor.executor.parallel:run_until_complete finished with '0'
[5.993s] DEBUG:colcon.colcon_core.event_reactor:joining thread
[5.996s] INFO:colcon.colcon_core.plugin_system:Skipping extension 'colcon_notification.desktop_notification.terminal_notifier': Not used on non-Darwin systems
[5.997s] INFO:colcon.colcon_core.plugin_system:Skipping extension 'colcon_notification.desktop_notification.win32': Not used on non-Windows systems
[5.997s] INFO:colcon.colcon_notification.desktop_notification:Sending desktop notification using 'notify2'
[6.006s] DEBUG:colcon.colcon_core.event_reactor:joined thread
[6.006s] INFO:colcon.colcon_core.shell:Creating prefix script '/home/kiki/sentinel_ws/install/local_setup.ps1'
[6.007s] INFO:colcon.colcon_core.shell:Creating prefix util module '/home/kiki/sentinel_ws/install/_local_setup_util_ps1.py'
[6.008s] INFO:colcon.colcon_core.shell:Creating prefix chain script '/home/kiki/sentinel_ws/install/setup.ps1'
[6.008s] INFO:colcon.colcon_core.shell:Creating prefix script '/home/kiki/sentinel_ws/install/local_setup.sh'
[6.009s] INFO:colcon.colcon_core.shell:Creating prefix util module '/home/kiki/sentinel_ws/install/_local_setup_util_sh.py'
[6.009s] INFO:colcon.colcon_core.shell:Creating prefix chain script '/home/kiki/sentinel_ws/install/setup.sh'
[6.010s] INFO:colcon.colcon_core.shell:Creating prefix script '/home/kiki/sentinel_ws/install/local_setup.bash'
[6.010s] INFO:colcon.colcon_core.shell:Creating prefix chain script '/home/kiki/sentinel_ws/install/setup.bash'
[6.010s] INFO:colcon.colcon_core.shell:Creating prefix script '/home/kiki/sentinel_ws/install/local_setup.zsh'
[6.011s] INFO:colcon.colcon_core.shell:Creating prefix chain script '/home/kiki/sentinel_ws/install/setup.zsh'
