[0.008s] Invoking command in '/home/kiki/sentinel_ws/build/sentinel_publisher': CMAKE_PREFIX_PATH=${CMAKE_PREFIX_PATH}:/opt/ros/jazzy DEBUGINFOD_URLS=https://debuginfod.ubuntu.com /usr/bin/cmake --build /home/kiki/sentinel_ws/build/sentinel_publisher -- -j20 -l20
[0.035s] -- Found ament_cmake: 2.5.4 (/opt/ros/jazzy/share/ament_cmake/cmake)
[0.177s] -- Override CMake install command with custom implementation using symlinks instead of copying resources
[0.181s] -- Found rclcpp: 28.1.13 (/opt/ros/jazzy/share/rclcpp/cmake)
[0.204s] -- Found rosidl_generator_c: 4.6.6 (/opt/ros/jazzy/share/rosidl_generator_c/cmake)
[0.210s] -- Found rosidl_generator_cpp: 4.6.6 (/opt/ros/jazzy/share/rosidl_generator_cpp/cmake)
[0.218s] -- Using all available rosidl_typesupport_c: rosidl_typesupport_fastrtps_c;rosidl_typesupport_introspection_c
[0.228s] -- Using all available rosidl_typesupport_cpp: rosidl_typesupport_fastrtps_cpp;rosidl_typesupport_introspection_cpp
[0.272s] -- Found rmw_implementation_cmake: 7.3.2 (/opt/ros/jazzy/share/rmw_implementation_cmake/cmake)
[0.273s] -- Found rmw_fastrtps_cpp: 8.4.3 (/opt/ros/jazzy/share/rmw_fastrtps_cpp/cmake)
[0.325s] -- Using RMW implementation 'rmw_fastrtps_cpp' as default
[0.371s] -- Found rclcpp_action: 28.1.13 (/opt/ros/jazzy/share/rclcpp_action/cmake)
[0.401s] -- Found geometry_msgs: 5.3.6 (/opt/ros/jazzy/share/geometry_msgs/cmake)
[0.424s] -- Found nav2_msgs: 1.3.10 (/opt/ros/jazzy/share/nav2_msgs/cmake)
[0.529s] -- Found sensor_msgs: 5.3.6 (/opt/ros/jazzy/share/sensor_msgs/cmake)
[0.544s] -- Found lifecycle_msgs: 2.0.3 (/opt/ros/jazzy/share/lifecycle_msgs/cmake)
[0.555s] -- Found ros_gz_sim: 1.0.16 (/opt/ros/jazzy/share/ros_gz_sim/cmake)
[0.609s] -- Found ros_gz_bridge: 1.0.16 (/opt/ros/jazzy/share/ros_gz_bridge/cmake)
[0.616s] -- Looking for gz-msgs10 -- found version 10.3.2
[0.619s] -- Searching for dependencies of gz-msgs10
[0.633s] -- Looking for gz-utils2 -- found version 2.2.1
[0.633s] -- Searching for dependencies of gz-utils2
[0.634s] -- Looking for gz-math7 -- found version 7.5.2
[0.634s] -- Searching for dependencies of gz-math7
[0.634s] -- Looking for gz-utils2 -- found version 2.2.1
[0.638s] -- Checking for module 'tinyxml2'
[0.650s] --   Found tinyxml2, version 10.0.0
[0.679s] -- Looking for gz-transport13 -- found version 13.5.0
[0.679s] -- Searching for dependencies of gz-transport13
[0.712s] -- Config-file not installed for ZeroMQ -- checking for pkg-config
[0.717s] -- Checking for module 'libzmq >= 4'
[0.730s] --   Found libzmq, version 4.3.5
[0.767s] -- Checking for module 'uuid'
[0.781s] --   Found uuid, version 2.39.3
[0.807s] -- Looking for gz-utils2 -- found version 2.2.1
[0.808s] -- Searching for dependencies of gz-utils2
[0.808s] -- Searching for <gz-utils2> component [cli]
[0.808s] -- Looking for gz-utils2-cli -- found version 2.2.1
[0.808s] -- Searching for dependencies of gz-utils2-cli
[0.808s] -- Looking for gz-msgs10 -- found version 10.3.2
[0.891s] -- Found ament_lint_auto: 0.17.3 (/opt/ros/jazzy/share/ament_lint_auto/cmake)
[0.990s] -- Added test 'cppcheck' to perform static code analysis on C / C++ code
[0.990s] -- Configured cppcheck include dirs: /home/kiki/sentinel_ws/src/sentinel_publisher/include
[0.990s] -- Configured cppcheck exclude dirs and/or files: 
[0.990s] -- Added test 'flake8' to check Python code syntax and style conventions
[0.991s] -- Configured 'flake8' exclude dirs and/or files: 
[0.991s] -- Added test 'lint_cmake' to check CMake code style
[0.991s] -- Added test 'pep257' to check Python code against some of the docstring style conventions in PEP 257
[0.992s] -- Added test 'uncrustify' to check C / C++ code style
[0.992s] -- Configured uncrustify additional arguments: 
[0.992s] -- Added test 'xmllint' to check XML markup files
[0.993s] -- Configuring done (1.0s)
[1.001s] -- Generating done (0.0s)
[1.003s] -- Build files have been written to: /home/kiki/sentinel_ws/build/sentinel_publisher
[1.044s] [ 50%] [32mBuilding CXX object CMakeFiles/twist_to_stamped.dir/src/twist_to_stamped.cpp.o[0m
[5.617s] [100%] [32m[1mLinking CXX executable twist_to_stamped[0m
[5.781s] [100%] Built target twist_to_stamped
[5.789s] Invoked command in '/home/kiki/sentinel_ws/build/sentinel_publisher' returned '0': CMAKE_PREFIX_PATH=${CMAKE_PREFIX_PATH}:/opt/ros/jazzy DEBUGINFOD_URLS=https://debuginfod.ubuntu.com /usr/bin/cmake --build /home/kiki/sentinel_ws/build/sentinel_publisher -- -j20 -l20
[5.789s] Invoking command in '/home/kiki/sentinel_ws/build/sentinel_publisher': CMAKE_PREFIX_PATH=${CMAKE_PREFIX_PATH}:/opt/ros/jazzy DEBUGINFOD_URLS=https://debuginfod.ubuntu.com /usr/bin/cmake --install /home/kiki/sentinel_ws/build/sentinel_publisher
[5.794s] -- Install configuration: ""
[5.794s] -- Execute custom install script
[5.795s] -- Up-to-date symlink: /home/kiki/sentinel_ws/install/sentinel_publisher/lib/sentinel_publisher/twist_to_stamped
[5.795s] -- Up-to-date symlink: /home/kiki/sentinel_ws/install/sentinel_publisher/share/sentinel_publisher/description/imu.xacro
[5.795s] -- Up-to-date symlink: /home/kiki/sentinel_ws/install/sentinel_publisher/share/sentinel_publisher/description/inertial_macros.xacro
[5.795s] -- Up-to-date symlink: /home/kiki/sentinel_ws/install/sentinel_publisher/share/sentinel_publisher/description/lidar.xacro
[5.795s] -- Up-to-date symlink: /home/kiki/sentinel_ws/install/sentinel_publisher/share/sentinel_publisher/description/robot.urdf.xacro
[5.795s] -- Up-to-date symlink: /home/kiki/sentinel_ws/install/sentinel_publisher/share/sentinel_publisher/description/robot_core.xacro
[5.795s] -- Up-to-date symlink: /home/kiki/sentinel_ws/install/sentinel_publisher/share/sentinel_publisher/description/ros2_control.xacro
[5.795s] -- Up-to-date symlink: /home/kiki/sentinel_ws/install/sentinel_publisher/share/sentinel_publisher/meshes/back_caster.stl
[5.795s] -- Up-to-date symlink: /home/kiki/sentinel_ws/install/sentinel_publisher/share/sentinel_publisher/meshes/base.stl
[5.795s] -- Up-to-date symlink: /home/kiki/sentinel_ws/install/sentinel_publisher/share/sentinel_publisher/meshes/body_case.stl
[5.795s] -- Up-to-date symlink: /home/kiki/sentinel_ws/install/sentinel_publisher/share/sentinel_publisher/meshes/front_caster.stl
[5.795s] -- Up-to-date symlink: /home/kiki/sentinel_ws/install/sentinel_publisher/share/sentinel_publisher/meshes/left_wheel.stl
[5.795s] -- Up-to-date symlink: /home/kiki/sentinel_ws/install/sentinel_publisher/share/sentinel_publisher/meshes/right_wheel.stl
[5.795s] -- Up-to-date symlink: /home/kiki/sentinel_ws/install/sentinel_publisher/share/sentinel_publisher/meshes/rplidar.stl
[5.795s] -- Up-to-date symlink: /home/kiki/sentinel_ws/install/sentinel_publisher/share/sentinel_publisher/launch/launch_sim.launch.py
[5.795s] -- Up-to-date symlink: /home/kiki/sentinel_ws/install/sentinel_publisher/share/sentinel_publisher/config/bridge_gazebo.yaml
[5.795s] -- Up-to-date symlink: /home/kiki/sentinel_ws/install/sentinel_publisher/share/sentinel_publisher/config/laser_filter.yaml
[5.795s] -- Up-to-date symlink: /home/kiki/sentinel_ws/install/sentinel_publisher/share/sentinel_publisher/config/my_controllers.yaml
[5.796s] -- Symlinking: /home/kiki/sentinel_ws/install/sentinel_publisher/share/sentinel_publisher/worlds/iau_campus.sdf
[5.803s] -- Up-to-date symlink: /home/kiki/sentinel_ws/install/sentinel_publisher/share/sentinel_publisher/worlds/industrial-warehouse.sdf
[5.803s] -- Up-to-date symlink: /home/kiki/sentinel_ws/install/sentinel_publisher/share/ament_index/resource_index/package_run_dependencies/sentinel_publisher
[5.803s] -- Up-to-date symlink: /home/kiki/sentinel_ws/install/sentinel_publisher/share/ament_index/resource_index/parent_prefix_path/sentinel_publisher
[5.803s] -- Up-to-date symlink: /home/kiki/sentinel_ws/install/sentinel_publisher/share/sentinel_publisher/environment/ament_prefix_path.sh
[5.804s] -- Up-to-date symlink: /home/kiki/sentinel_ws/install/sentinel_publisher/share/sentinel_publisher/environment/ament_prefix_path.dsv
[5.804s] -- Up-to-date symlink: /home/kiki/sentinel_ws/install/sentinel_publisher/share/sentinel_publisher/environment/path.sh
[5.804s] -- Up-to-date symlink: /home/kiki/sentinel_ws/install/sentinel_publisher/share/sentinel_publisher/environment/path.dsv
[5.804s] -- Up-to-date symlink: /home/kiki/sentinel_ws/install/sentinel_publisher/share/sentinel_publisher/local_setup.bash
[5.804s] -- Up-to-date symlink: /home/kiki/sentinel_ws/install/sentinel_publisher/share/sentinel_publisher/local_setup.sh
[5.804s] -- Up-to-date symlink: /home/kiki/sentinel_ws/install/sentinel_publisher/share/sentinel_publisher/local_setup.zsh
[5.804s] -- Up-to-date symlink: /home/kiki/sentinel_ws/install/sentinel_publisher/share/sentinel_publisher/local_setup.dsv
[5.804s] -- Symlinking: /home/kiki/sentinel_ws/install/sentinel_publisher/share/sentinel_publisher/package.dsv
[5.809s] -- Up-to-date symlink: /home/kiki/sentinel_ws/install/sentinel_publisher/share/ament_index/resource_index/packages/sentinel_publisher
[5.809s] -- Up-to-date symlink: /home/kiki/sentinel_ws/install/sentinel_publisher/share/sentinel_publisher/cmake/sentinel_publisherConfig.cmake
[5.809s] -- Up-to-date symlink: /home/kiki/sentinel_ws/install/sentinel_publisher/share/sentinel_publisher/cmake/sentinel_publisherConfig-version.cmake
[5.809s] -- Up-to-date symlink: /home/kiki/sentinel_ws/install/sentinel_publisher/share/sentinel_publisher/package.xml
[5.810s] Invoked command in '/home/kiki/sentinel_ws/build/sentinel_publisher' returned '0': CMAKE_PREFIX_PATH=${CMAKE_PREFIX_PATH}:/opt/ros/jazzy DEBUGINFOD_URLS=https://debuginfod.ubuntu.com /usr/bin/cmake --install /home/kiki/sentinel_ws/build/sentinel_publisher
