[0.121s] DEBUG:colcon:Command line arguments: ['/usr/bin/colcon', 'build', '--symlink-install']
[0.121s] DEBUG:colcon:Parsed command line arguments: Namespace(log_base=None, log_level=None, verb_name='build', build_base='build', install_base='install', merge_install=False, symlink_install=True, test_result_base=None, continue_on_error=False, executor='parallel', parallel_workers=20, event_handlers=None, ignore_user_meta=False, metas=['./colcon.meta'], base_paths=['.'], packages_ignore=None, packages_ignore_regex=None, paths=None, packages_up_to=None, packages_up_to_regex=None, packages_above=None, packages_above_and_dependencies=None, packages_above_depth=None, packages_select_by_dep=None, packages_skip_by_dep=None, packages_skip_up_to=None, packages_select_build_failed=False, packages_skip_build_finished=False, packages_select_test_failures=False, packages_skip_test_passed=False, packages_select=None, packages_skip=None, packages_select_regex=None, packages_skip_regex=None, packages_start=None, packages_end=None, allow_overriding=[], cmake_args=None, cmake_target=None, cmake_target_skip_unavailable=False, cmake_clean_cache=False, cmake_clean_first=False, cmake_force_configure=False, ament_cmake_args=None, catkin_cmake_args=None, catkin_skip_building_tests=False, mixin_files=None, mixin=None, verb_parser=<colcon_mixin.mixin.mixin_argument.MixinArgumentDecorator object at 0x76b9a2278260>, verb_extension=<colcon_core.verb.build.BuildVerb object at 0x76b9a224c110>, main=<bound method BuildVerb.main of <colcon_core.verb.build.BuildVerb object at 0x76b9a224c110>>, mixin_verb=('build',))
[0.150s] Level 1:colcon.colcon_core.package_discovery:discover_packages(colcon_meta) check parameters
[0.150s] Level 1:colcon.colcon_core.package_discovery:discover_packages(recursive) check parameters
[0.150s] Level 1:colcon.colcon_core.package_discovery:discover_packages(ignore) check parameters
[0.150s] Level 1:colcon.colcon_core.package_discovery:discover_packages(path) check parameters
[0.150s] Level 1:colcon.colcon_core.package_discovery:discover_packages(colcon_meta) discover
[0.150s] Level 1:colcon.colcon_core.package_discovery:discover_packages(recursive) discover
[0.150s] INFO:colcon.colcon_core.package_discovery:Crawling recursively for packages in '/home/kiki/sentinel_ws'
[0.150s] Level 1:colcon.colcon_core.package_identification:_identify(.) by extensions ['ignore', 'ignore_ament_install']
[0.150s] Level 1:colcon.colcon_core.package_identification:_identify(.) by extension 'ignore'
[0.150s] Level 1:colcon.colcon_core.package_identification:_identify(.) by extension 'ignore_ament_install'
[0.150s] Level 1:colcon.colcon_core.package_identification:_identify(.) by extensions ['colcon_pkg']
[0.150s] Level 1:colcon.colcon_core.package_identification:_identify(.) by extension 'colcon_pkg'
[0.150s] Level 1:colcon.colcon_core.package_identification:_identify(.) by extensions ['colcon_meta']
[0.150s] Level 1:colcon.colcon_core.package_identification:_identify(.) by extension 'colcon_meta'
[0.150s] Level 1:colcon.colcon_core.package_identification:_identify(.) by extensions ['ros']
[0.150s] Level 1:colcon.colcon_core.package_identification:_identify(.) by extension 'ros'
[0.165s] Level 1:colcon.colcon_core.package_identification:_identify(.) by extensions ['cmake', 'python']
[0.165s] Level 1:colcon.colcon_core.package_identification:_identify(.) by extension 'cmake'
[0.165s] Level 1:colcon.colcon_core.package_identification:_identify(.) by extension 'python'
[0.165s] Level 1:colcon.colcon_core.package_identification:_identify(.) by extensions ['python_setup_py']
[0.165s] Level 1:colcon.colcon_core.package_identification:_identify(.) by extension 'python_setup_py'
[0.165s] Level 1:colcon.colcon_core.package_identification:_identify(build) by extensions ['ignore', 'ignore_ament_install']
[0.166s] Level 1:colcon.colcon_core.package_identification:_identify(build) by extension 'ignore'
[0.166s] Level 1:colcon.colcon_core.package_identification:_identify(build) ignored
[0.166s] Level 1:colcon.colcon_core.package_identification:_identify(install) by extensions ['ignore', 'ignore_ament_install']
[0.166s] Level 1:colcon.colcon_core.package_identification:_identify(install) by extension 'ignore'
[0.166s] Level 1:colcon.colcon_core.package_identification:_identify(install) ignored
[0.166s] Level 1:colcon.colcon_core.package_identification:_identify(log) by extensions ['ignore', 'ignore_ament_install']
[0.166s] Level 1:colcon.colcon_core.package_identification:_identify(log) by extension 'ignore'
[0.166s] Level 1:colcon.colcon_core.package_identification:_identify(log) ignored
[0.166s] Level 1:colcon.colcon_core.package_identification:_identify(src) by extensions ['ignore', 'ignore_ament_install']
[0.166s] Level 1:colcon.colcon_core.package_identification:_identify(src) by extension 'ignore'
[0.166s] Level 1:colcon.colcon_core.package_identification:_identify(src) by extension 'ignore_ament_install'
[0.166s] Level 1:colcon.colcon_core.package_identification:_identify(src) by extensions ['colcon_pkg']
[0.166s] Level 1:colcon.colcon_core.package_identification:_identify(src) by extension 'colcon_pkg'
[0.166s] Level 1:colcon.colcon_core.package_identification:_identify(src) by extensions ['colcon_meta']
[0.166s] Level 1:colcon.colcon_core.package_identification:_identify(src) by extension 'colcon_meta'
[0.166s] Level 1:colcon.colcon_core.package_identification:_identify(src) by extensions ['ros']
[0.166s] Level 1:colcon.colcon_core.package_identification:_identify(src) by extension 'ros'
[0.166s] Level 1:colcon.colcon_core.package_identification:_identify(src) by extensions ['cmake', 'python']
[0.166s] Level 1:colcon.colcon_core.package_identification:_identify(src) by extension 'cmake'
[0.166s] Level 1:colcon.colcon_core.package_identification:_identify(src) by extension 'python'
[0.166s] Level 1:colcon.colcon_core.package_identification:_identify(src) by extensions ['python_setup_py']
[0.166s] Level 1:colcon.colcon_core.package_identification:_identify(src) by extension 'python_setup_py'
[0.166s] Level 1:colcon.colcon_core.package_identification:_identify(src/diffdrive_arduino) by extensions ['ignore', 'ignore_ament_install']
[0.166s] Level 1:colcon.colcon_core.package_identification:_identify(src/diffdrive_arduino) by extension 'ignore'
[0.166s] Level 1:colcon.colcon_core.package_identification:_identify(src/diffdrive_arduino) by extension 'ignore_ament_install'
[0.166s] Level 1:colcon.colcon_core.package_identification:_identify(src/diffdrive_arduino) by extensions ['colcon_pkg']
[0.166s] Level 1:colcon.colcon_core.package_identification:_identify(src/diffdrive_arduino) by extension 'colcon_pkg'
[0.166s] Level 1:colcon.colcon_core.package_identification:_identify(src/diffdrive_arduino) by extensions ['colcon_meta']
[0.166s] Level 1:colcon.colcon_core.package_identification:_identify(src/diffdrive_arduino) by extension 'colcon_meta'
[0.166s] Level 1:colcon.colcon_core.package_identification:_identify(src/diffdrive_arduino) by extensions ['ros']
[0.166s] Level 1:colcon.colcon_core.package_identification:_identify(src/diffdrive_arduino) by extension 'ros'
[0.168s] DEBUG:colcon.colcon_core.package_identification:Package 'src/diffdrive_arduino' with type 'ros.ament_cmake' and name 'diffdrive_arduino'
[0.168s] Level 1:colcon.colcon_core.package_identification:_identify(src/sentinel_publisher) by extensions ['ignore', 'ignore_ament_install']
[0.168s] Level 1:colcon.colcon_core.package_identification:_identify(src/sentinel_publisher) by extension 'ignore'
[0.168s] Level 1:colcon.colcon_core.package_identification:_identify(src/sentinel_publisher) by extension 'ignore_ament_install'
[0.169s] Level 1:colcon.colcon_core.package_identification:_identify(src/sentinel_publisher) by extensions ['colcon_pkg']
[0.169s] Level 1:colcon.colcon_core.package_identification:_identify(src/sentinel_publisher) by extension 'colcon_pkg'
[0.169s] Level 1:colcon.colcon_core.package_identification:_identify(src/sentinel_publisher) by extensions ['colcon_meta']
[0.169s] Level 1:colcon.colcon_core.package_identification:_identify(src/sentinel_publisher) by extension 'colcon_meta'
[0.169s] Level 1:colcon.colcon_core.package_identification:_identify(src/sentinel_publisher) by extensions ['ros']
[0.169s] Level 1:colcon.colcon_core.package_identification:_identify(src/sentinel_publisher) by extension 'ros'
[0.169s] DEBUG:colcon.colcon_core.package_identification:Package 'src/sentinel_publisher' with type 'ros.ament_cmake' and name 'sentinel_publisher'
[0.169s] Level 1:colcon.colcon_core.package_identification:_identify(src/serial) by extensions ['ignore', 'ignore_ament_install']
[0.169s] Level 1:colcon.colcon_core.package_identification:_identify(src/serial) by extension 'ignore'
[0.169s] Level 1:colcon.colcon_core.package_identification:_identify(src/serial) by extension 'ignore_ament_install'
[0.169s] Level 1:colcon.colcon_core.package_identification:_identify(src/serial) by extensions ['colcon_pkg']
[0.169s] Level 1:colcon.colcon_core.package_identification:_identify(src/serial) by extension 'colcon_pkg'
[0.169s] Level 1:colcon.colcon_core.package_identification:_identify(src/serial) by extensions ['colcon_meta']
[0.169s] Level 1:colcon.colcon_core.package_identification:_identify(src/serial) by extension 'colcon_meta'
[0.169s] Level 1:colcon.colcon_core.package_identification:_identify(src/serial) by extensions ['ros']
[0.169s] Level 1:colcon.colcon_core.package_identification:_identify(src/serial) by extension 'ros'
[0.170s] DEBUG:colcon.colcon_core.package_identification:Package 'src/serial' with type 'ros.ament_cmake' and name 'serial'
[0.170s] Level 1:colcon.colcon_core.package_discovery:discover_packages(recursive) using defaults
[0.170s] Level 1:colcon.colcon_core.package_discovery:discover_packages(ignore) discover
[0.170s] Level 1:colcon.colcon_core.package_discovery:discover_packages(ignore) using defaults
[0.170s] Level 1:colcon.colcon_core.package_discovery:discover_packages(path) discover
[0.170s] Level 1:colcon.colcon_core.package_discovery:discover_packages(path) using defaults
[0.182s] Level 1:colcon.colcon_core.package_discovery:discover_packages(prefix_path) check parameters
[0.182s] Level 1:colcon.colcon_core.package_discovery:discover_packages(prefix_path) discover
[0.184s] DEBUG:colcon.colcon_installed_package_information.package_discovery:Found 426 installed packages in /opt/ros/jazzy
[0.185s] Level 1:colcon.colcon_core.package_discovery:discover_packages(prefix_path) using defaults
[0.211s] Level 5:colcon.colcon_core.verb:set package 'sentinel_publisher' build argument 'cmake_args' from command line to 'None'
[0.211s] Level 5:colcon.colcon_core.verb:set package 'sentinel_publisher' build argument 'cmake_target' from command line to 'None'
[0.211s] Level 5:colcon.colcon_core.verb:set package 'sentinel_publisher' build argument 'cmake_target_skip_unavailable' from command line to 'False'
[0.211s] Level 5:colcon.colcon_core.verb:set package 'sentinel_publisher' build argument 'cmake_clean_cache' from command line to 'False'
[0.211s] Level 5:colcon.colcon_core.verb:set package 'sentinel_publisher' build argument 'cmake_clean_first' from command line to 'False'
[0.211s] Level 5:colcon.colcon_core.verb:set package 'sentinel_publisher' build argument 'cmake_force_configure' from command line to 'False'
[0.211s] Level 5:colcon.colcon_core.verb:set package 'sentinel_publisher' build argument 'ament_cmake_args' from command line to 'None'
[0.211s] Level 5:colcon.colcon_core.verb:set package 'sentinel_publisher' build argument 'catkin_cmake_args' from command line to 'None'
[0.211s] Level 5:colcon.colcon_core.verb:set package 'sentinel_publisher' build argument 'catkin_skip_building_tests' from command line to 'False'
[0.211s] DEBUG:colcon.colcon_core.verb:Building package 'sentinel_publisher' with the following arguments: {'ament_cmake_args': None, 'build_base': '/home/kiki/sentinel_ws/build/sentinel_publisher', 'catkin_cmake_args': None, 'catkin_skip_building_tests': False, 'cmake_args': None, 'cmake_clean_cache': False, 'cmake_clean_first': False, 'cmake_force_configure': False, 'cmake_target': None, 'cmake_target_skip_unavailable': False, 'install_base': '/home/kiki/sentinel_ws/install/sentinel_publisher', 'merge_install': False, 'path': '/home/kiki/sentinel_ws/src/sentinel_publisher', 'symlink_install': True, 'test_result_base': None}
[0.211s] Level 5:colcon.colcon_core.verb:set package 'serial' build argument 'cmake_args' from command line to 'None'
[0.211s] Level 5:colcon.colcon_core.verb:set package 'serial' build argument 'cmake_target' from command line to 'None'
[0.211s] Level 5:colcon.colcon_core.verb:set package 'serial' build argument 'cmake_target_skip_unavailable' from command line to 'False'
[0.211s] Level 5:colcon.colcon_core.verb:set package 'serial' build argument 'cmake_clean_cache' from command line to 'False'
[0.211s] Level 5:colcon.colcon_core.verb:set package 'serial' build argument 'cmake_clean_first' from command line to 'False'
[0.211s] Level 5:colcon.colcon_core.verb:set package 'serial' build argument 'cmake_force_configure' from command line to 'False'
[0.211s] Level 5:colcon.colcon_core.verb:set package 'serial' build argument 'ament_cmake_args' from command line to 'None'
[0.211s] Level 5:colcon.colcon_core.verb:set package 'serial' build argument 'catkin_cmake_args' from command line to 'None'
[0.211s] Level 5:colcon.colcon_core.verb:set package 'serial' build argument 'catkin_skip_building_tests' from command line to 'False'
[0.211s] DEBUG:colcon.colcon_core.verb:Building package 'serial' with the following arguments: {'ament_cmake_args': None, 'build_base': '/home/kiki/sentinel_ws/build/serial', 'catkin_cmake_args': None, 'catkin_skip_building_tests': False, 'cmake_args': None, 'cmake_clean_cache': False, 'cmake_clean_first': False, 'cmake_force_configure': False, 'cmake_target': None, 'cmake_target_skip_unavailable': False, 'install_base': '/home/kiki/sentinel_ws/install/serial', 'merge_install': False, 'path': '/home/kiki/sentinel_ws/src/serial', 'symlink_install': True, 'test_result_base': None}
[0.211s] Level 5:colcon.colcon_core.verb:set package 'diffdrive_arduino' build argument 'cmake_args' from command line to 'None'
[0.211s] Level 5:colcon.colcon_core.verb:set package 'diffdrive_arduino' build argument 'cmake_target' from command line to 'None'
[0.211s] Level 5:colcon.colcon_core.verb:set package 'diffdrive_arduino' build argument 'cmake_target_skip_unavailable' from command line to 'False'
[0.211s] Level 5:colcon.colcon_core.verb:set package 'diffdrive_arduino' build argument 'cmake_clean_cache' from command line to 'False'
[0.211s] Level 5:colcon.colcon_core.verb:set package 'diffdrive_arduino' build argument 'cmake_clean_first' from command line to 'False'
[0.211s] Level 5:colcon.colcon_core.verb:set package 'diffdrive_arduino' build argument 'cmake_force_configure' from command line to 'False'
[0.211s] Level 5:colcon.colcon_core.verb:set package 'diffdrive_arduino' build argument 'ament_cmake_args' from command line to 'None'
[0.211s] Level 5:colcon.colcon_core.verb:set package 'diffdrive_arduino' build argument 'catkin_cmake_args' from command line to 'None'
[0.211s] Level 5:colcon.colcon_core.verb:set package 'diffdrive_arduino' build argument 'catkin_skip_building_tests' from command line to 'False'
[0.211s] DEBUG:colcon.colcon_core.verb:Building package 'diffdrive_arduino' with the following arguments: {'ament_cmake_args': None, 'build_base': '/home/kiki/sentinel_ws/build/diffdrive_arduino', 'catkin_cmake_args': None, 'catkin_skip_building_tests': False, 'cmake_args': None, 'cmake_clean_cache': False, 'cmake_clean_first': False, 'cmake_force_configure': False, 'cmake_target': None, 'cmake_target_skip_unavailable': False, 'install_base': '/home/kiki/sentinel_ws/install/diffdrive_arduino', 'merge_install': False, 'path': '/home/kiki/sentinel_ws/src/diffdrive_arduino', 'symlink_install': True, 'test_result_base': None}
[0.211s] INFO:colcon.colcon_core.executor:Executing jobs using 'parallel' executor
[0.212s] DEBUG:colcon.colcon_parallel_executor.executor.parallel:run_until_complete
[0.212s] INFO:colcon.colcon_ros.task.ament_cmake.build:Building ROS package in '/home/kiki/sentinel_ws/src/serial' with build type 'ament_cmake'
[0.212s] INFO:colcon.colcon_cmake.task.cmake.build:Building CMake package in '/home/kiki/sentinel_ws/src/serial'
[0.214s] INFO:colcon.colcon_core.plugin_system:Skipping extension 'colcon_core.shell.bat': Not used on non-Windows systems
[0.214s] INFO:colcon.colcon_core.shell:Skip shell extension 'powershell' for command environment: Not usable outside of PowerShell
[0.214s] DEBUG:colcon.colcon_core.shell:Skip shell extension 'dsv' for command environment
[0.216s] INFO:colcon.colcon_ros.task.ament_cmake.build:Building ROS package in '/home/kiki/sentinel_ws/src/sentinel_publisher' with build type 'ament_cmake'
[0.216s] INFO:colcon.colcon_cmake.task.cmake.build:Building CMake package in '/home/kiki/sentinel_ws/src/sentinel_publisher'
[0.216s] INFO:colcon.colcon_core.shell:Skip shell extension 'powershell' for command environment: Not usable outside of PowerShell
[0.216s] DEBUG:colcon.colcon_core.shell:Skip shell extension 'dsv' for command environment
[0.220s] DEBUG:colcon.colcon_core.event_handler.log_command:Invoking command in '/home/kiki/sentinel_ws/build/serial': CMAKE_PREFIX_PATH=${CMAKE_PREFIX_PATH}:/opt/ros/jazzy DEBUGINFOD_URLS=https://debuginfod.ubuntu.com /usr/bin/cmake /home/kiki/sentinel_ws/src/serial -DAMENT_CMAKE_SYMLINK_INSTALL=1 -DCMAKE_INSTALL_PREFIX=/home/kiki/sentinel_ws/install/serial
[0.222s] DEBUG:colcon.colcon_core.event_handler.log_command:Invoking command in '/home/kiki/sentinel_ws/build/sentinel_publisher': CMAKE_PREFIX_PATH=${CMAKE_PREFIX_PATH}:/opt/ros/jazzy DEBUGINFOD_URLS=https://debuginfod.ubuntu.com /usr/bin/cmake /home/kiki/sentinel_ws/src/sentinel_publisher -DAMENT_CMAKE_SYMLINK_INSTALL=1 -DCMAKE_INSTALL_PREFIX=/home/kiki/sentinel_ws/install/sentinel_publisher
[0.882s] DEBUG:colcon.colcon_core.event_handler.log_command:Invoked command in '/home/kiki/sentinel_ws/build/serial' returned '0': CMAKE_PREFIX_PATH=${CMAKE_PREFIX_PATH}:/opt/ros/jazzy DEBUGINFOD_URLS=https://debuginfod.ubuntu.com /usr/bin/cmake /home/kiki/sentinel_ws/src/serial -DAMENT_CMAKE_SYMLINK_INSTALL=1 -DCMAKE_INSTALL_PREFIX=/home/kiki/sentinel_ws/install/serial
[0.882s] DEBUG:colcon.colcon_core.event_handler.log_command:Invoking command in '/home/kiki/sentinel_ws/build/serial': CMAKE_PREFIX_PATH=${CMAKE_PREFIX_PATH}:/opt/ros/jazzy DEBUGINFOD_URLS=https://debuginfod.ubuntu.com /usr/bin/cmake --build /home/kiki/sentinel_ws/build/serial -- -j20 -l20
[1.801s] DEBUG:colcon.colcon_core.event_handler.log_command:Invoked command in '/home/kiki/sentinel_ws/build/sentinel_publisher' returned '0': CMAKE_PREFIX_PATH=${CMAKE_PREFIX_PATH}:/opt/ros/jazzy DEBUGINFOD_URLS=https://debuginfod.ubuntu.com /usr/bin/cmake /home/kiki/sentinel_ws/src/sentinel_publisher -DAMENT_CMAKE_SYMLINK_INSTALL=1 -DCMAKE_INSTALL_PREFIX=/home/kiki/sentinel_ws/install/sentinel_publisher
[1.802s] DEBUG:colcon.colcon_core.event_handler.log_command:Invoking command in '/home/kiki/sentinel_ws/build/sentinel_publisher': CMAKE_PREFIX_PATH=${CMAKE_PREFIX_PATH}:/opt/ros/jazzy DEBUGINFOD_URLS=https://debuginfod.ubuntu.com /usr/bin/cmake --build /home/kiki/sentinel_ws/build/sentinel_publisher -- -j20 -l20
[3.735s] DEBUG:colcon.colcon_core.event_handler.log_command:Invoked command in '/home/kiki/sentinel_ws/build/serial' returned '0': CMAKE_PREFIX_PATH=${CMAKE_PREFIX_PATH}:/opt/ros/jazzy DEBUGINFOD_URLS=https://debuginfod.ubuntu.com /usr/bin/cmake --build /home/kiki/sentinel_ws/build/serial -- -j20 -l20
[3.741s] DEBUG:colcon.colcon_core.event_handler.log_command:Invoking command in '/home/kiki/sentinel_ws/build/serial': CMAKE_PREFIX_PATH=${CMAKE_PREFIX_PATH}:/opt/ros/jazzy DEBUGINFOD_URLS=https://debuginfod.ubuntu.com /usr/bin/cmake --install /home/kiki/sentinel_ws/build/serial
[3.901s] Level 1:colcon.colcon_core.environment:create_environment_scripts_only(serial)
[3.902s] DEBUG:colcon.colcon_core.event_handler.log_command:Invoked command in '/home/kiki/sentinel_ws/build/serial' returned '0': CMAKE_PREFIX_PATH=${CMAKE_PREFIX_PATH}:/opt/ros/jazzy DEBUGINFOD_URLS=https://debuginfod.ubuntu.com /usr/bin/cmake --install /home/kiki/sentinel_ws/build/serial
[3.905s] Level 1:colcon.colcon_core.environment:checking '/home/kiki/sentinel_ws/install/serial' for CMake module files
[3.905s] Level 1:colcon.colcon_core.environment:checking '/home/kiki/sentinel_ws/install/serial' for CMake config files
[3.906s] Level 1:colcon.colcon_core.shell:create_environment_hook('serial', 'cmake_prefix_path')
[3.906s] INFO:colcon.colcon_core.shell:Creating environment hook '/home/kiki/sentinel_ws/install/serial/share/serial/hook/cmake_prefix_path.ps1'
[3.906s] INFO:colcon.colcon_core.shell:Creating environment descriptor '/home/kiki/sentinel_ws/install/serial/share/serial/hook/cmake_prefix_path.dsv'
[3.906s] INFO:colcon.colcon_core.shell:Creating environment hook '/home/kiki/sentinel_ws/install/serial/share/serial/hook/cmake_prefix_path.sh'
[3.907s] Level 1:colcon.colcon_core.environment:checking '/home/kiki/sentinel_ws/install/serial/lib'
[3.907s] Level 1:colcon.colcon_core.environment:checking '/home/kiki/sentinel_ws/install/serial/bin'
[3.907s] Level 1:colcon.colcon_core.environment:checking '/home/kiki/sentinel_ws/install/serial/lib/pkgconfig/serial.pc'
[3.907s] Level 1:colcon.colcon_core.environment:checking '/home/kiki/sentinel_ws/install/serial/lib/python3.12/site-packages'
[3.907s] Level 1:colcon.colcon_core.environment:checking '/home/kiki/sentinel_ws/install/serial/bin'
[3.907s] INFO:colcon.colcon_core.shell:Creating package script '/home/kiki/sentinel_ws/install/serial/share/serial/package.ps1'
[3.908s] INFO:colcon.colcon_core.shell:Creating package descriptor '/home/kiki/sentinel_ws/install/serial/share/serial/package.dsv'
[3.908s] INFO:colcon.colcon_core.shell:Creating package script '/home/kiki/sentinel_ws/install/serial/share/serial/package.sh'
[3.908s] INFO:colcon.colcon_core.shell:Creating package script '/home/kiki/sentinel_ws/install/serial/share/serial/package.bash'
[3.909s] INFO:colcon.colcon_core.shell:Creating package script '/home/kiki/sentinel_ws/install/serial/share/serial/package.zsh'
[3.909s] Level 1:colcon.colcon_core.environment:create_file_with_runtime_dependencies(/home/kiki/sentinel_ws/install/serial/share/colcon-core/packages/serial)
[3.909s] Level 1:colcon.colcon_core.environment:create_environment_scripts_only(serial)
[3.910s] Level 1:colcon.colcon_core.environment:checking '/home/kiki/sentinel_ws/install/serial' for CMake module files
[3.910s] Level 1:colcon.colcon_core.environment:checking '/home/kiki/sentinel_ws/install/serial' for CMake config files
[3.910s] Level 1:colcon.colcon_core.shell:create_environment_hook('serial', 'cmake_prefix_path')
[3.910s] INFO:colcon.colcon_core.shell:Creating environment hook '/home/kiki/sentinel_ws/install/serial/share/serial/hook/cmake_prefix_path.ps1'
[3.910s] INFO:colcon.colcon_core.shell:Creating environment descriptor '/home/kiki/sentinel_ws/install/serial/share/serial/hook/cmake_prefix_path.dsv'
[3.910s] INFO:colcon.colcon_core.shell:Creating environment hook '/home/kiki/sentinel_ws/install/serial/share/serial/hook/cmake_prefix_path.sh'
[3.911s] Level 1:colcon.colcon_core.environment:checking '/home/kiki/sentinel_ws/install/serial/lib'
[3.911s] Level 1:colcon.colcon_core.environment:checking '/home/kiki/sentinel_ws/install/serial/bin'
[3.911s] Level 1:colcon.colcon_core.environment:checking '/home/kiki/sentinel_ws/install/serial/lib/pkgconfig/serial.pc'
[3.911s] Level 1:colcon.colcon_core.environment:checking '/home/kiki/sentinel_ws/install/serial/lib/python3.12/site-packages'
[3.911s] Level 1:colcon.colcon_core.environment:checking '/home/kiki/sentinel_ws/install/serial/bin'
[3.911s] INFO:colcon.colcon_core.shell:Creating package script '/home/kiki/sentinel_ws/install/serial/share/serial/package.ps1'
[3.911s] INFO:colcon.colcon_core.shell:Creating package descriptor '/home/kiki/sentinel_ws/install/serial/share/serial/package.dsv'
[3.911s] INFO:colcon.colcon_core.shell:Creating package script '/home/kiki/sentinel_ws/install/serial/share/serial/package.sh'
[3.912s] INFO:colcon.colcon_core.shell:Creating package script '/home/kiki/sentinel_ws/install/serial/share/serial/package.bash'
[3.912s] INFO:colcon.colcon_core.shell:Creating package script '/home/kiki/sentinel_ws/install/serial/share/serial/package.zsh'
[3.912s] Level 1:colcon.colcon_core.environment:create_file_with_runtime_dependencies(/home/kiki/sentinel_ws/install/serial/share/colcon-core/packages/serial)
[3.912s] INFO:colcon.colcon_ros.task.ament_cmake.build:Building ROS package in '/home/kiki/sentinel_ws/src/diffdrive_arduino' with build type 'ament_cmake'
[3.912s] INFO:colcon.colcon_cmake.task.cmake.build:Building CMake package in '/home/kiki/sentinel_ws/src/diffdrive_arduino'
[3.912s] INFO:colcon.colcon_core.shell:Skip shell extension 'powershell' for command environment: Not usable outside of PowerShell
[3.912s] DEBUG:colcon.colcon_core.shell:Skip shell extension 'dsv' for command environment
[3.918s] DEBUG:colcon.colcon_core.event_handler.log_command:Invoking command in '/home/kiki/sentinel_ws/build/diffdrive_arduino': AMENT_PREFIX_PATH=/home/kiki/sentinel_ws/install/serial:${AMENT_PREFIX_PATH} CMAKE_PREFIX_PATH=/home/kiki/sentinel_ws/install/serial:/opt/ros/jazzy/opt/gz_sim_vendor:/opt/ros/jazzy/opt/gz_sensors_vendor:/opt/ros/jazzy/opt/gz_physics_vendor:/opt/ros/jazzy/opt/sdformat_vendor:/opt/ros/jazzy/opt/gz_gui_vendor:/opt/ros/jazzy/opt/gz_transport_vendor:/opt/ros/jazzy/opt/gz_rendering_vendor:/opt/ros/jazzy/opt/gz_plugin_vendor:/opt/ros/jazzy/opt/gz_fuel_tools_vendor:/opt/ros/jazzy/opt/gz_msgs_vendor:/opt/ros/jazzy/opt/gz_common_vendor:/opt/ros/jazzy/opt/gz_math_vendor:/opt/ros/jazzy/opt/gz_utils_vendor:/opt/ros/jazzy/opt/gz_tools_vendor:/opt/ros/jazzy/opt/gz_ogre_next_vendor:/opt/ros/jazzy/opt/gz_dartsim_vendor:/opt/ros/jazzy/opt/gz_cmake_vendor:/opt/ros/jazzy DEBUGINFOD_URLS=https://debuginfod.ubuntu.com LD_LIBRARY_PATH=/home/kiki/sentinel_ws/install/serial/lib:${LD_LIBRARY_PATH} /usr/bin/cmake /home/kiki/sentinel_ws/src/diffdrive_arduino -DAMENT_CMAKE_SYMLINK_INSTALL=1 -DCMAKE_INSTALL_PREFIX=/home/kiki/sentinel_ws/install/diffdrive_arduino
[5.043s] DEBUG:colcon.colcon_core.event_handler.log_command:Invoked command in '/home/kiki/sentinel_ws/build/diffdrive_arduino' returned '0': AMENT_PREFIX_PATH=/home/kiki/sentinel_ws/install/serial:${AMENT_PREFIX_PATH} CMAKE_PREFIX_PATH=/home/kiki/sentinel_ws/install/serial:/opt/ros/jazzy/opt/gz_sim_vendor:/opt/ros/jazzy/opt/gz_sensors_vendor:/opt/ros/jazzy/opt/gz_physics_vendor:/opt/ros/jazzy/opt/sdformat_vendor:/opt/ros/jazzy/opt/gz_gui_vendor:/opt/ros/jazzy/opt/gz_transport_vendor:/opt/ros/jazzy/opt/gz_rendering_vendor:/opt/ros/jazzy/opt/gz_plugin_vendor:/opt/ros/jazzy/opt/gz_fuel_tools_vendor:/opt/ros/jazzy/opt/gz_msgs_vendor:/opt/ros/jazzy/opt/gz_common_vendor:/opt/ros/jazzy/opt/gz_math_vendor:/opt/ros/jazzy/opt/gz_utils_vendor:/opt/ros/jazzy/opt/gz_tools_vendor:/opt/ros/jazzy/opt/gz_ogre_next_vendor:/opt/ros/jazzy/opt/gz_dartsim_vendor:/opt/ros/jazzy/opt/gz_cmake_vendor:/opt/ros/jazzy DEBUGINFOD_URLS=https://debuginfod.ubuntu.com LD_LIBRARY_PATH=/home/kiki/sentinel_ws/install/serial/lib:${LD_LIBRARY_PATH} /usr/bin/cmake /home/kiki/sentinel_ws/src/diffdrive_arduino -DAMENT_CMAKE_SYMLINK_INSTALL=1 -DCMAKE_INSTALL_PREFIX=/home/kiki/sentinel_ws/install/diffdrive_arduino
[5.044s] DEBUG:colcon.colcon_core.event_handler.log_command:Invoking command in '/home/kiki/sentinel_ws/build/diffdrive_arduino': AMENT_PREFIX_PATH=/home/kiki/sentinel_ws/install/serial:${AMENT_PREFIX_PATH} CMAKE_PREFIX_PATH=/home/kiki/sentinel_ws/install/serial:/opt/ros/jazzy/opt/gz_sim_vendor:/opt/ros/jazzy/opt/gz_sensors_vendor:/opt/ros/jazzy/opt/gz_physics_vendor:/opt/ros/jazzy/opt/sdformat_vendor:/opt/ros/jazzy/opt/gz_gui_vendor:/opt/ros/jazzy/opt/gz_transport_vendor:/opt/ros/jazzy/opt/gz_rendering_vendor:/opt/ros/jazzy/opt/gz_plugin_vendor:/opt/ros/jazzy/opt/gz_fuel_tools_vendor:/opt/ros/jazzy/opt/gz_msgs_vendor:/opt/ros/jazzy/opt/gz_common_vendor:/opt/ros/jazzy/opt/gz_math_vendor:/opt/ros/jazzy/opt/gz_utils_vendor:/opt/ros/jazzy/opt/gz_tools_vendor:/opt/ros/jazzy/opt/gz_ogre_next_vendor:/opt/ros/jazzy/opt/gz_dartsim_vendor:/opt/ros/jazzy/opt/gz_cmake_vendor:/opt/ros/jazzy DEBUGINFOD_URLS=https://debuginfod.ubuntu.com LD_LIBRARY_PATH=/home/kiki/sentinel_ws/install/serial/lib:${LD_LIBRARY_PATH} /usr/bin/cmake --build /home/kiki/sentinel_ws/build/diffdrive_arduino -- -j20 -l20
[6.513s] DEBUG:colcon.colcon_core.event_handler.log_command:Invoked command in '/home/kiki/sentinel_ws/build/sentinel_publisher' returned '0': CMAKE_PREFIX_PATH=${CMAKE_PREFIX_PATH}:/opt/ros/jazzy DEBUGINFOD_URLS=https://debuginfod.ubuntu.com /usr/bin/cmake --build /home/kiki/sentinel_ws/build/sentinel_publisher -- -j20 -l20
[6.514s] DEBUG:colcon.colcon_core.event_handler.log_command:Invoking command in '/home/kiki/sentinel_ws/build/sentinel_publisher': CMAKE_PREFIX_PATH=${CMAKE_PREFIX_PATH}:/opt/ros/jazzy DEBUGINFOD_URLS=https://debuginfod.ubuntu.com /usr/bin/cmake --install /home/kiki/sentinel_ws/build/sentinel_publisher
[6.808s] Level 1:colcon.colcon_core.environment:create_environment_scripts_only(sentinel_publisher)
[6.809s] Level 1:colcon.colcon_core.environment:checking '/home/kiki/sentinel_ws/install/sentinel_publisher' for CMake module files
[6.809s] DEBUG:colcon.colcon_core.event_handler.log_command:Invoked command in '/home/kiki/sentinel_ws/build/sentinel_publisher' returned '0': CMAKE_PREFIX_PATH=${CMAKE_PREFIX_PATH}:/opt/ros/jazzy DEBUGINFOD_URLS=https://debuginfod.ubuntu.com /usr/bin/cmake --install /home/kiki/sentinel_ws/build/sentinel_publisher
[6.810s] Level 1:colcon.colcon_core.environment:checking '/home/kiki/sentinel_ws/install/sentinel_publisher' for CMake config files
[6.810s] Level 1:colcon.colcon_core.shell:create_environment_hook('sentinel_publisher', 'cmake_prefix_path')
[6.810s] INFO:colcon.colcon_core.shell:Creating environment hook '/home/kiki/sentinel_ws/install/sentinel_publisher/share/sentinel_publisher/hook/cmake_prefix_path.ps1'
[6.810s] INFO:colcon.colcon_core.shell:Creating environment descriptor '/home/kiki/sentinel_ws/install/sentinel_publisher/share/sentinel_publisher/hook/cmake_prefix_path.dsv'
[6.811s] INFO:colcon.colcon_core.shell:Creating environment hook '/home/kiki/sentinel_ws/install/sentinel_publisher/share/sentinel_publisher/hook/cmake_prefix_path.sh'
[6.811s] Level 1:colcon.colcon_core.environment:checking '/home/kiki/sentinel_ws/install/sentinel_publisher/lib'
[6.811s] Level 1:colcon.colcon_core.environment:checking '/home/kiki/sentinel_ws/install/sentinel_publisher/bin'
[6.811s] Level 1:colcon.colcon_core.environment:checking '/home/kiki/sentinel_ws/install/sentinel_publisher/lib/pkgconfig/sentinel_publisher.pc'
[6.812s] Level 1:colcon.colcon_core.environment:checking '/home/kiki/sentinel_ws/install/sentinel_publisher/lib/python3.12/site-packages'
[6.812s] Level 1:colcon.colcon_core.environment:checking '/home/kiki/sentinel_ws/install/sentinel_publisher/bin'
[6.812s] INFO:colcon.colcon_core.shell:Creating package script '/home/kiki/sentinel_ws/install/sentinel_publisher/share/sentinel_publisher/package.ps1'
[6.812s] INFO:colcon.colcon_core.shell:Creating package descriptor '/home/kiki/sentinel_ws/install/sentinel_publisher/share/sentinel_publisher/package.dsv'
[6.813s] INFO:colcon.colcon_core.shell:Creating package script '/home/kiki/sentinel_ws/install/sentinel_publisher/share/sentinel_publisher/package.sh'
[6.813s] INFO:colcon.colcon_core.shell:Creating package script '/home/kiki/sentinel_ws/install/sentinel_publisher/share/sentinel_publisher/package.bash'
[6.813s] INFO:colcon.colcon_core.shell:Creating package script '/home/kiki/sentinel_ws/install/sentinel_publisher/share/sentinel_publisher/package.zsh'
[6.813s] Level 1:colcon.colcon_core.environment:create_file_with_runtime_dependencies(/home/kiki/sentinel_ws/install/sentinel_publisher/share/colcon-core/packages/sentinel_publisher)
[6.813s] Level 1:colcon.colcon_core.environment:create_environment_scripts_only(sentinel_publisher)
[6.813s] Level 1:colcon.colcon_core.environment:checking '/home/kiki/sentinel_ws/install/sentinel_publisher' for CMake module files
[6.814s] Level 1:colcon.colcon_core.environment:checking '/home/kiki/sentinel_ws/install/sentinel_publisher' for CMake config files
[6.814s] Level 1:colcon.colcon_core.shell:create_environment_hook('sentinel_publisher', 'cmake_prefix_path')
[6.814s] INFO:colcon.colcon_core.shell:Creating environment hook '/home/kiki/sentinel_ws/install/sentinel_publisher/share/sentinel_publisher/hook/cmake_prefix_path.ps1'
[6.814s] INFO:colcon.colcon_core.shell:Creating environment descriptor '/home/kiki/sentinel_ws/install/sentinel_publisher/share/sentinel_publisher/hook/cmake_prefix_path.dsv'
[6.814s] INFO:colcon.colcon_core.shell:Creating environment hook '/home/kiki/sentinel_ws/install/sentinel_publisher/share/sentinel_publisher/hook/cmake_prefix_path.sh'
[6.814s] Level 1:colcon.colcon_core.environment:checking '/home/kiki/sentinel_ws/install/sentinel_publisher/lib'
[6.814s] Level 1:colcon.colcon_core.environment:checking '/home/kiki/sentinel_ws/install/sentinel_publisher/bin'
[6.815s] Level 1:colcon.colcon_core.environment:checking '/home/kiki/sentinel_ws/install/sentinel_publisher/lib/pkgconfig/sentinel_publisher.pc'
[6.815s] Level 1:colcon.colcon_core.environment:checking '/home/kiki/sentinel_ws/install/sentinel_publisher/lib/python3.12/site-packages'
[6.815s] Level 1:colcon.colcon_core.environment:checking '/home/kiki/sentinel_ws/install/sentinel_publisher/bin'
[6.815s] INFO:colcon.colcon_core.shell:Creating package script '/home/kiki/sentinel_ws/install/sentinel_publisher/share/sentinel_publisher/package.ps1'
[6.815s] INFO:colcon.colcon_core.shell:Creating package descriptor '/home/kiki/sentinel_ws/install/sentinel_publisher/share/sentinel_publisher/package.dsv'
[6.815s] INFO:colcon.colcon_core.shell:Creating package script '/home/kiki/sentinel_ws/install/sentinel_publisher/share/sentinel_publisher/package.sh'
[6.816s] INFO:colcon.colcon_core.shell:Creating package script '/home/kiki/sentinel_ws/install/sentinel_publisher/share/sentinel_publisher/package.bash'
[6.816s] INFO:colcon.colcon_core.shell:Creating package script '/home/kiki/sentinel_ws/install/sentinel_publisher/share/sentinel_publisher/package.zsh'
[6.816s] Level 1:colcon.colcon_core.environment:create_file_with_runtime_dependencies(/home/kiki/sentinel_ws/install/sentinel_publisher/share/colcon-core/packages/sentinel_publisher)
[8.486s] DEBUG:colcon.colcon_core.event_handler.log_command:Invoked command in '/home/kiki/sentinel_ws/build/diffdrive_arduino' returned '0': AMENT_PREFIX_PATH=/home/kiki/sentinel_ws/install/serial:${AMENT_PREFIX_PATH} CMAKE_PREFIX_PATH=/home/kiki/sentinel_ws/install/serial:/opt/ros/jazzy/opt/gz_sim_vendor:/opt/ros/jazzy/opt/gz_sensors_vendor:/opt/ros/jazzy/opt/gz_physics_vendor:/opt/ros/jazzy/opt/sdformat_vendor:/opt/ros/jazzy/opt/gz_gui_vendor:/opt/ros/jazzy/opt/gz_transport_vendor:/opt/ros/jazzy/opt/gz_rendering_vendor:/opt/ros/jazzy/opt/gz_plugin_vendor:/opt/ros/jazzy/opt/gz_fuel_tools_vendor:/opt/ros/jazzy/opt/gz_msgs_vendor:/opt/ros/jazzy/opt/gz_common_vendor:/opt/ros/jazzy/opt/gz_math_vendor:/opt/ros/jazzy/opt/gz_utils_vendor:/opt/ros/jazzy/opt/gz_tools_vendor:/opt/ros/jazzy/opt/gz_ogre_next_vendor:/opt/ros/jazzy/opt/gz_dartsim_vendor:/opt/ros/jazzy/opt/gz_cmake_vendor:/opt/ros/jazzy DEBUGINFOD_URLS=https://debuginfod.ubuntu.com LD_LIBRARY_PATH=/home/kiki/sentinel_ws/install/serial/lib:${LD_LIBRARY_PATH} /usr/bin/cmake --build /home/kiki/sentinel_ws/build/diffdrive_arduino -- -j20 -l20
[8.486s] DEBUG:colcon.colcon_core.event_handler.log_command:Invoking command in '/home/kiki/sentinel_ws/build/diffdrive_arduino': AMENT_PREFIX_PATH=/home/kiki/sentinel_ws/install/serial:${AMENT_PREFIX_PATH} CMAKE_PREFIX_PATH=/home/kiki/sentinel_ws/install/serial:/opt/ros/jazzy/opt/gz_sim_vendor:/opt/ros/jazzy/opt/gz_sensors_vendor:/opt/ros/jazzy/opt/gz_physics_vendor:/opt/ros/jazzy/opt/sdformat_vendor:/opt/ros/jazzy/opt/gz_gui_vendor:/opt/ros/jazzy/opt/gz_transport_vendor:/opt/ros/jazzy/opt/gz_rendering_vendor:/opt/ros/jazzy/opt/gz_plugin_vendor:/opt/ros/jazzy/opt/gz_fuel_tools_vendor:/opt/ros/jazzy/opt/gz_msgs_vendor:/opt/ros/jazzy/opt/gz_common_vendor:/opt/ros/jazzy/opt/gz_math_vendor:/opt/ros/jazzy/opt/gz_utils_vendor:/opt/ros/jazzy/opt/gz_tools_vendor:/opt/ros/jazzy/opt/gz_ogre_next_vendor:/opt/ros/jazzy/opt/gz_dartsim_vendor:/opt/ros/jazzy/opt/gz_cmake_vendor:/opt/ros/jazzy DEBUGINFOD_URLS=https://debuginfod.ubuntu.com LD_LIBRARY_PATH=/home/kiki/sentinel_ws/install/serial/lib:${LD_LIBRARY_PATH} /usr/bin/cmake --install /home/kiki/sentinel_ws/build/diffdrive_arduino
[8.704s] Level 1:colcon.colcon_core.environment:create_environment_scripts_only(diffdrive_arduino)
[8.704s] Level 1:colcon.colcon_core.environment:checking '/home/kiki/sentinel_ws/install/diffdrive_arduino' for CMake module files
[8.704s] DEBUG:colcon.colcon_core.event_handler.log_command:Invoked command in '/home/kiki/sentinel_ws/build/diffdrive_arduino' returned '0': AMENT_PREFIX_PATH=/home/kiki/sentinel_ws/install/serial:${AMENT_PREFIX_PATH} CMAKE_PREFIX_PATH=/home/kiki/sentinel_ws/install/serial:/opt/ros/jazzy/opt/gz_sim_vendor:/opt/ros/jazzy/opt/gz_sensors_vendor:/opt/ros/jazzy/opt/gz_physics_vendor:/opt/ros/jazzy/opt/sdformat_vendor:/opt/ros/jazzy/opt/gz_gui_vendor:/opt/ros/jazzy/opt/gz_transport_vendor:/opt/ros/jazzy/opt/gz_rendering_vendor:/opt/ros/jazzy/opt/gz_plugin_vendor:/opt/ros/jazzy/opt/gz_fuel_tools_vendor:/opt/ros/jazzy/opt/gz_msgs_vendor:/opt/ros/jazzy/opt/gz_common_vendor:/opt/ros/jazzy/opt/gz_math_vendor:/opt/ros/jazzy/opt/gz_utils_vendor:/opt/ros/jazzy/opt/gz_tools_vendor:/opt/ros/jazzy/opt/gz_ogre_next_vendor:/opt/ros/jazzy/opt/gz_dartsim_vendor:/opt/ros/jazzy/opt/gz_cmake_vendor:/opt/ros/jazzy DEBUGINFOD_URLS=https://debuginfod.ubuntu.com LD_LIBRARY_PATH=/home/kiki/sentinel_ws/install/serial/lib:${LD_LIBRARY_PATH} /usr/bin/cmake --install /home/kiki/sentinel_ws/build/diffdrive_arduino
[8.705s] Level 1:colcon.colcon_core.environment:checking '/home/kiki/sentinel_ws/install/diffdrive_arduino' for CMake config files
[8.705s] Level 1:colcon.colcon_core.shell:create_environment_hook('diffdrive_arduino', 'cmake_prefix_path')
[8.705s] INFO:colcon.colcon_core.shell:Creating environment hook '/home/kiki/sentinel_ws/install/diffdrive_arduino/share/diffdrive_arduino/hook/cmake_prefix_path.ps1'
[8.705s] INFO:colcon.colcon_core.shell:Creating environment descriptor '/home/kiki/sentinel_ws/install/diffdrive_arduino/share/diffdrive_arduino/hook/cmake_prefix_path.dsv'
[8.705s] INFO:colcon.colcon_core.shell:Creating environment hook '/home/kiki/sentinel_ws/install/diffdrive_arduino/share/diffdrive_arduino/hook/cmake_prefix_path.sh'
[8.706s] Level 1:colcon.colcon_core.environment:checking '/home/kiki/sentinel_ws/install/diffdrive_arduino/lib'
[8.706s] Level 1:colcon.colcon_core.shell:create_environment_hook('diffdrive_arduino', 'ld_library_path_lib')
[8.706s] INFO:colcon.colcon_core.shell:Creating environment hook '/home/kiki/sentinel_ws/install/diffdrive_arduino/share/diffdrive_arduino/hook/ld_library_path_lib.ps1'
[8.706s] INFO:colcon.colcon_core.shell:Creating environment descriptor '/home/kiki/sentinel_ws/install/diffdrive_arduino/share/diffdrive_arduino/hook/ld_library_path_lib.dsv'
[8.706s] INFO:colcon.colcon_core.shell:Creating environment hook '/home/kiki/sentinel_ws/install/diffdrive_arduino/share/diffdrive_arduino/hook/ld_library_path_lib.sh'
[8.707s] Level 1:colcon.colcon_core.environment:checking '/home/kiki/sentinel_ws/install/diffdrive_arduino/bin'
[8.707s] Level 1:colcon.colcon_core.environment:checking '/home/kiki/sentinel_ws/install/diffdrive_arduino/lib/pkgconfig/diffdrive_arduino.pc'
[8.707s] Level 1:colcon.colcon_core.environment:checking '/home/kiki/sentinel_ws/install/diffdrive_arduino/lib/python3.12/site-packages'
[8.707s] Level 1:colcon.colcon_core.environment:checking '/home/kiki/sentinel_ws/install/diffdrive_arduino/bin'
[8.707s] INFO:colcon.colcon_core.shell:Creating package script '/home/kiki/sentinel_ws/install/diffdrive_arduino/share/diffdrive_arduino/package.ps1'
[8.707s] INFO:colcon.colcon_core.shell:Creating package descriptor '/home/kiki/sentinel_ws/install/diffdrive_arduino/share/diffdrive_arduino/package.dsv'
[8.708s] INFO:colcon.colcon_core.shell:Creating package script '/home/kiki/sentinel_ws/install/diffdrive_arduino/share/diffdrive_arduino/package.sh'
[8.708s] INFO:colcon.colcon_core.shell:Creating package script '/home/kiki/sentinel_ws/install/diffdrive_arduino/share/diffdrive_arduino/package.bash'
[8.708s] INFO:colcon.colcon_core.shell:Creating package script '/home/kiki/sentinel_ws/install/diffdrive_arduino/share/diffdrive_arduino/package.zsh'
[8.708s] Level 1:colcon.colcon_core.environment:create_file_with_runtime_dependencies(/home/kiki/sentinel_ws/install/diffdrive_arduino/share/colcon-core/packages/diffdrive_arduino)
[8.708s] Level 1:colcon.colcon_core.environment:create_environment_scripts_only(diffdrive_arduino)
[8.709s] Level 1:colcon.colcon_core.environment:checking '/home/kiki/sentinel_ws/install/diffdrive_arduino' for CMake module files
[8.709s] Level 1:colcon.colcon_core.environment:checking '/home/kiki/sentinel_ws/install/diffdrive_arduino' for CMake config files
[8.709s] Level 1:colcon.colcon_core.shell:create_environment_hook('diffdrive_arduino', 'cmake_prefix_path')
[8.709s] INFO:colcon.colcon_core.shell:Creating environment hook '/home/kiki/sentinel_ws/install/diffdrive_arduino/share/diffdrive_arduino/hook/cmake_prefix_path.ps1'
[8.709s] INFO:colcon.colcon_core.shell:Creating environment descriptor '/home/kiki/sentinel_ws/install/diffdrive_arduino/share/diffdrive_arduino/hook/cmake_prefix_path.dsv'
[8.709s] INFO:colcon.colcon_core.shell:Creating environment hook '/home/kiki/sentinel_ws/install/diffdrive_arduino/share/diffdrive_arduino/hook/cmake_prefix_path.sh'
[8.710s] Level 1:colcon.colcon_core.environment:checking '/home/kiki/sentinel_ws/install/diffdrive_arduino/lib'
[8.710s] Level 1:colcon.colcon_core.shell:create_environment_hook('diffdrive_arduino', 'ld_library_path_lib')
[8.710s] INFO:colcon.colcon_core.shell:Creating environment hook '/home/kiki/sentinel_ws/install/diffdrive_arduino/share/diffdrive_arduino/hook/ld_library_path_lib.ps1'
[8.710s] INFO:colcon.colcon_core.shell:Creating environment descriptor '/home/kiki/sentinel_ws/install/diffdrive_arduino/share/diffdrive_arduino/hook/ld_library_path_lib.dsv'
[8.710s] INFO:colcon.colcon_core.shell:Creating environment hook '/home/kiki/sentinel_ws/install/diffdrive_arduino/share/diffdrive_arduino/hook/ld_library_path_lib.sh'
[8.710s] Level 1:colcon.colcon_core.environment:checking '/home/kiki/sentinel_ws/install/diffdrive_arduino/bin'
[8.710s] Level 1:colcon.colcon_core.environment:checking '/home/kiki/sentinel_ws/install/diffdrive_arduino/lib/pkgconfig/diffdrive_arduino.pc'
[8.711s] Level 1:colcon.colcon_core.environment:checking '/home/kiki/sentinel_ws/install/diffdrive_arduino/lib/python3.12/site-packages'
[8.711s] Level 1:colcon.colcon_core.environment:checking '/home/kiki/sentinel_ws/install/diffdrive_arduino/bin'
[8.711s] INFO:colcon.colcon_core.shell:Creating package script '/home/kiki/sentinel_ws/install/diffdrive_arduino/share/diffdrive_arduino/package.ps1'
[8.711s] INFO:colcon.colcon_core.shell:Creating package descriptor '/home/kiki/sentinel_ws/install/diffdrive_arduino/share/diffdrive_arduino/package.dsv'
[8.711s] INFO:colcon.colcon_core.shell:Creating package script '/home/kiki/sentinel_ws/install/diffdrive_arduino/share/diffdrive_arduino/package.sh'
[8.711s] INFO:colcon.colcon_core.shell:Creating package script '/home/kiki/sentinel_ws/install/diffdrive_arduino/share/diffdrive_arduino/package.bash'
[8.712s] INFO:colcon.colcon_core.shell:Creating package script '/home/kiki/sentinel_ws/install/diffdrive_arduino/share/diffdrive_arduino/package.zsh'
[8.712s] Level 1:colcon.colcon_core.environment:create_file_with_runtime_dependencies(/home/kiki/sentinel_ws/install/diffdrive_arduino/share/colcon-core/packages/diffdrive_arduino)
[8.712s] DEBUG:colcon.colcon_parallel_executor.executor.parallel:closing loop
[8.712s] DEBUG:colcon.colcon_parallel_executor.executor.parallel:loop closed
[8.712s] DEBUG:colcon.colcon_parallel_executor.executor.parallel:run_until_complete finished with '0'
[8.712s] DEBUG:colcon.colcon_core.event_reactor:joining thread
[8.716s] INFO:colcon.colcon_core.plugin_system:Skipping extension 'colcon_notification.desktop_notification.terminal_notifier': Not used on non-Darwin systems
[8.716s] INFO:colcon.colcon_core.plugin_system:Skipping extension 'colcon_notification.desktop_notification.win32': Not used on non-Windows systems
[8.716s] INFO:colcon.colcon_notification.desktop_notification:Sending desktop notification using 'notify2'
[8.736s] DEBUG:colcon.colcon_core.event_reactor:joined thread
[8.736s] INFO:colcon.colcon_core.shell:Creating prefix script '/home/kiki/sentinel_ws/install/local_setup.ps1'
[8.737s] INFO:colcon.colcon_core.shell:Creating prefix util module '/home/kiki/sentinel_ws/install/_local_setup_util_ps1.py'
[8.738s] INFO:colcon.colcon_core.shell:Creating prefix chain script '/home/kiki/sentinel_ws/install/setup.ps1'
[8.739s] INFO:colcon.colcon_core.shell:Creating prefix script '/home/kiki/sentinel_ws/install/local_setup.sh'
[8.740s] INFO:colcon.colcon_core.shell:Creating prefix util module '/home/kiki/sentinel_ws/install/_local_setup_util_sh.py'
[8.740s] INFO:colcon.colcon_core.shell:Creating prefix chain script '/home/kiki/sentinel_ws/install/setup.sh'
[8.741s] INFO:colcon.colcon_core.shell:Creating prefix script '/home/kiki/sentinel_ws/install/local_setup.bash'
[8.741s] INFO:colcon.colcon_core.shell:Creating prefix chain script '/home/kiki/sentinel_ws/install/setup.bash'
[8.742s] INFO:colcon.colcon_core.shell:Creating prefix script '/home/kiki/sentinel_ws/install/local_setup.zsh'
[8.742s] INFO:colcon.colcon_core.shell:Creating prefix chain script '/home/kiki/sentinel_ws/install/setup.zsh'
